<*GNU-Linker-generated-mapfile*> 
Archive member included to satisfy reference by file (symbol)

C:\Program Files\dSPACE RCPHIL 2023-A\DS1202\Lib/librtversion.a(RtVersion.o)
                              (--whole-archive)
C:\Program Files\dSPACE RCPHIL 2023-A\DS1202\Lib/librtglobals.a(DsEESPort.o)
                              (--whole-archive)
C:\Program Files\dSPACE RCPHIL 2023-A\DS1202\Lib/libm_fastpow.a(w_pow.o)
                              C:\Program Files\dSPACE RCPHIL 2023-A\DS1202\Lib/librt1202.so (pow)
C:\Program Files\dSPACE RCPHIL 2023-A\DS1202\Lib/libm_fastpow.a(e_pow.o)
                              C:\Program Files\dSPACE RCPHIL 2023-A\DS1202\Lib/libm_fastpow.a(w_pow.o) (__ieee754_pow)
C:\Program Files\dSPACE RCPHIL 2023-A\DS1202\Lib/libm_fastpow.a(s_scalbn.o)
                              C:\Program Files\dSPACE RCPHIL 2023-A\DS1202\Lib/libm_fastpow.a(e_pow.o) (scalbn)

As-needed library included to satisfy reference by file (symbol)

libDsRealTimeTestingRP.so.1   rti_sim_engine.o07 (dsrtt_script_service_pre_computation)

Memory Configuration

Name             Origin             Length             Attributes
*default*        0x0000000000000000 0xffffffffffffffff

Linker script and memory map

LOAD C:\ProgramData\dSPACE\8FB0EFA7-ABB4-4AA6-86AA-BC02D02B0030\Compiler\QNX650_520\target\qnx6/ppcbe/lib/crt1.o
LOAD C:\ProgramData\dSPACE\8FB0EFA7-ABB4-4AA6-86AA-BC02D02B0030\Compiler\QNX650_520\target\qnx6/ppcbe/lib/crti.o
LOAD c:/programdata/dspace/8fb0efa7-abb4-4aa6-86aa-bc02d02b0030/compiler/qnx650_520/host/win32/x86/usr/bin/../lib/gcc/powerpc-unknown-nto-qnx6.5.0/5.2.0/crtbegin.o
                0x0000000000000000                _DSPACE_START = 0x0
                0x0000000000000000                _DSPACE_START_ = 0x0
                0x00000000000004b2                DS_TARGET_PLATFORM = 0x4b2
START GROUP
LOAD sample_model.o07
LOAD rtGetInf.o07
LOAD rtGetNaN.o07
LOAD rt_nonfinite.o07
LOAD rt_zcfcn.o07
LOAD sample_model_data.o07
LOAD sample_model_trc_ptr.o07
LOAD rti_sim_engine.o07
LOAD rti_init_c.o07
LOAD rt_sim.o07
LOAD rti_assert.o07
LOAD C:\Program Files\dSPACE RCPHIL 2023-A\DS1202\Lib/librtcan.so
LOAD C:\Program Files\dSPACE RCPHIL 2023-A\DS1202\Lib/librtj1939.so
LOAD C:\Program Files\dSPACE RCPHIL 2023-A\DS1202\Lib/librtser.so
LOAD C:\Program Files\dSPACE RCPHIL 2023-A\DS1202\Lib/librt13xxio.so
LOAD C:\Program Files\dSPACE RCPHIL 2023-A\DS1202\Lib/librt1202.so
LOAD C:\Program Files\dSPACE RCPHIL 2023-A\DS1202\Lib/librtwrap.so
LOAD C:\Program Files\dSPACE RCPHIL 2023-A\DS1202\Lib/librtversion.a
LOAD C:\Program Files\dSPACE RCPHIL 2023-A\DS1202\Lib/librtglobals.a
LOAD C:\Program Files\dSPACE RCPHIL 2023-A\DS1202\Lib/libm_fastpow.a
END GROUP
LOAD C:\Program Files\dSPACE RCPHIL 2023-A\DS1202\Lib/libstdc++.so
LOAD C:\ProgramData\dSPACE\8FB0EFA7-ABB4-4AA6-86AA-BC02D02B0030\Compiler\QNX650_520\target\qnx6/ppcbe/lib/libm.so
LOAD c:/programdata/dspace/8fb0efa7-abb4-4aa6-86aa-bc02d02b0030/compiler/qnx650_520/host/win32/x86/usr/bin/../lib/gcc/powerpc-unknown-nto-qnx6.5.0/5.2.0\libgcc.a
LOAD C:\ProgramData\dSPACE\8FB0EFA7-ABB4-4AA6-86AA-BC02D02B0030\Compiler\QNX650_520\target\qnx6/ppcbe/lib/libc.so
LOAD C:\ProgramData\dSPACE\8FB0EFA7-ABB4-4AA6-86AA-BC02D02B0030\Compiler\QNX650_520\target\qnx6/ppcbe/lib\libc.a
LOAD c:/programdata/dspace/8fb0efa7-abb4-4aa6-86aa-bc02d02b0030/compiler/qnx650_520/host/win32/x86/usr/bin/../lib/gcc/powerpc-unknown-nto-qnx6.5.0/5.2.0\libgcc.a
LOAD c:/programdata/dspace/8fb0efa7-abb4-4aa6-86aa-bc02d02b0030/compiler/qnx650_520/host/win32/x86/usr/bin/../lib/gcc/powerpc-unknown-nto-qnx6.5.0/5.2.0/crtend.o
LOAD C:\ProgramData\dSPACE\8FB0EFA7-ABB4-4AA6-86AA-BC02D02B0030\Compiler\QNX650_520\target\qnx6/ppcbe/lib/crtn.o
                [!provide]                        PROVIDE (__stack, 0x0)
                [!provide]                        PROVIDE (___stack, 0x0)
                [!provide]                        PROVIDE (__executable_start, 0x48040000)
                0x0000000048040134                . = (0x48040000 + SIZEOF_HEADERS)

.interp         0x0000000048040134       0x14
 *(.interp)
 .interp        0x0000000048040134       0x14 C:\ProgramData\dSPACE\8FB0EFA7-ABB4-4AA6-86AA-BC02D02B0030\Compiler\QNX650_520\target\qnx6/ppcbe/lib/crt1.o

.note           0x0000000048040150       0x18
 .note          0x0000000048040150       0x18 C:\ProgramData\dSPACE\8FB0EFA7-ABB4-4AA6-86AA-BC02D02B0030\Compiler\QNX650_520\target\qnx6/ppcbe/lib/crtn.o

.note.gnu.build-id
                0x0000000048040168       0x20
 *(.note.gnu.build-id)
 .note.gnu.build-id
                0x0000000048040168       0x20 C:\ProgramData\dSPACE\8FB0EFA7-ABB4-4AA6-86AA-BC02D02B0030\Compiler\QNX650_520\target\qnx6/ppcbe/lib/crt1.o

.hash           0x0000000048040188      0x31c
 *(.hash)
 .hash          0x0000000048040188      0x31c C:\ProgramData\dSPACE\8FB0EFA7-ABB4-4AA6-86AA-BC02D02B0030\Compiler\QNX650_520\target\qnx6/ppcbe/lib/crt1.o

.gnu.hash
 *(.gnu.hash)

.dynsym         0x00000000480404a4      0x640
 *(.dynsym)
 .dynsym        0x00000000480404a4      0x640 C:\ProgramData\dSPACE\8FB0EFA7-ABB4-4AA6-86AA-BC02D02B0030\Compiler\QNX650_520\target\qnx6/ppcbe/lib/crt1.o

.dynstr         0x0000000048040ae4      0x80f
 *(.dynstr)
 .dynstr        0x0000000048040ae4      0x80f C:\ProgramData\dSPACE\8FB0EFA7-ABB4-4AA6-86AA-BC02D02B0030\Compiler\QNX650_520\target\qnx6/ppcbe/lib/crt1.o

.gnu.version    0x00000000480412f4        0x0
 *(.gnu.version)
 .gnu.version   0x00000000480412f4        0x0 C:\ProgramData\dSPACE\8FB0EFA7-ABB4-4AA6-86AA-BC02D02B0030\Compiler\QNX650_520\target\qnx6/ppcbe/lib/crt1.o

.gnu.version_d  0x00000000480412f4        0x0
 *(.gnu.version_d)
 .gnu.version_d
                0x00000000480412f4        0x0 C:\ProgramData\dSPACE\8FB0EFA7-ABB4-4AA6-86AA-BC02D02B0030\Compiler\QNX650_520\target\qnx6/ppcbe/lib/crt1.o

.gnu.version_r  0x00000000480412f4        0x0
 *(.gnu.version_r)
 .gnu.version_r
                0x00000000480412f4        0x0 C:\ProgramData\dSPACE\8FB0EFA7-ABB4-4AA6-86AA-BC02D02B0030\Compiler\QNX650_520\target\qnx6/ppcbe/lib/crt1.o

.rel.dyn
 *(.rel.init)
 *(.rel.text .rel.text.* .rel.gnu.linkonce.t.*)
 *(.rel.fini)
 *(.rel.rodata .rel.rodata.* .rel.gnu.linkonce.r.*)
 *(.rel.data.rel.ro* .rel.gnu.linkonce.d.rel.ro.*)
 *(.rel.data .rel.data.* .rel.gnu.linkonce.d.*)
 *(.rel.tdata .rel.tdata.* .rel.gnu.linkonce.td.*)
 *(.rel.tbss .rel.tbss.* .rel.gnu.linkonce.tb.*)
 *(.rel.ctors)
 *(.rel.dtors)
 *(.rel.got)
 *(.rel.sdata .rel.sdata.* .rel.gnu.linkonce.s.*)
 *(.rel.sbss .rel.sbss.* .rel.gnu.linkonce.sb.*)
 *(.rel.sdata2 .rel.sdata2.* .rel.gnu.linkonce.s2.*)
 *(.rel.sbss2 .rel.sbss2.* .rel.gnu.linkonce.sb2.*)
 *(.rel.bss .rel.bss.* .rel.gnu.linkonce.b.*)

.rela.dyn       0x00000000480412f4       0x6c
 *(.rela.init)
 *(.rela.text .rela.text.* .rela.gnu.linkonce.t.*)
 .rela.text     0x00000000480412f4        0x0 C:\ProgramData\dSPACE\8FB0EFA7-ABB4-4AA6-86AA-BC02D02B0030\Compiler\QNX650_520\target\qnx6/ppcbe/lib/crt1.o
 *(.rela.fini)
 *(.rela.rodata .rela.rodata.* .rela.gnu.linkonce.r.*)
 .rela.rodata   0x00000000480412f4        0x0 C:\ProgramData\dSPACE\8FB0EFA7-ABB4-4AA6-86AA-BC02D02B0030\Compiler\QNX650_520\target\qnx6/ppcbe/lib/crt1.o
 *(.rela.data .rela.data.* .rela.gnu.linkonce.d.*)
 *(.rela.tdata .rela.tdata.* .rela.gnu.linkonce.td.*)
 *(.rela.tbss .rela.tbss.* .rela.gnu.linkonce.tb.*)
 *(.rela.ctors)
 *(.rela.dtors)
 *(.rela.got)
 .rela.got      0x00000000480412f4       0x48 C:\ProgramData\dSPACE\8FB0EFA7-ABB4-4AA6-86AA-BC02D02B0030\Compiler\QNX650_520\target\qnx6/ppcbe/lib/crt1.o
 *(.rela.got1)
 *(.rela.got2)
 *(.rela.sdata .rela.sdata.* .rela.gnu.linkonce.s.*)
 *(.rela.sbss .rela.sbss.* .rela.gnu.linkonce.sb.*)
 .rela.sbss     0x000000004804133c        0x0 C:\ProgramData\dSPACE\8FB0EFA7-ABB4-4AA6-86AA-BC02D02B0030\Compiler\QNX650_520\target\qnx6/ppcbe/lib/crt1.o
 *(.rela.sdata2 .rela.sdata2.* .rela.gnu.linkonce.s2.*)
 *(.rela.sbss2 .rela.sbss2.* .rela.gnu.linkonce.sb2.*)
 *(.rela.bss .rela.bss.* .rela.gnu.linkonce.b.*)
 .rela.bss      0x000000004804133c       0x24 C:\ProgramData\dSPACE\8FB0EFA7-ABB4-4AA6-86AA-BC02D02B0030\Compiler\QNX650_520\target\qnx6/ppcbe/lib/crt1.o
 .rela.iplt     0x0000000048041360        0x0 C:\ProgramData\dSPACE\8FB0EFA7-ABB4-4AA6-86AA-BC02D02B0030\Compiler\QNX650_520\target\qnx6/ppcbe/lib/crt1.o

.rel.plt
 *(.rel.plt)

.rela.plt       0x0000000048041360      0x3cc
 *(.rela.plt)
 .rela.plt      0x0000000048041360      0x3cc C:\ProgramData\dSPACE\8FB0EFA7-ABB4-4AA6-86AA-BC02D02B0030\Compiler\QNX650_520\target\qnx6/ppcbe/lib/crt1.o

.init           0x000000004804172c       0x24
 *(.init)
 .init          0x000000004804172c        0xc C:\ProgramData\dSPACE\8FB0EFA7-ABB4-4AA6-86AA-BC02D02B0030\Compiler\QNX650_520\target\qnx6/ppcbe/lib/crti.o
                0x000000004804172c                _init
 .init          0x0000000048041738        0x4 c:/programdata/dspace/8fb0efa7-abb4-4aa6-86aa-bc02d02b0030/compiler/qnx650_520/host/win32/x86/usr/bin/../lib/gcc/powerpc-unknown-nto-qnx6.5.0/5.2.0/crtbegin.o
 .init          0x000000004804173c        0x4 c:/programdata/dspace/8fb0efa7-abb4-4aa6-86aa-bc02d02b0030/compiler/qnx650_520/host/win32/x86/usr/bin/../lib/gcc/powerpc-unknown-nto-qnx6.5.0/5.2.0/crtend.o
 .init          0x0000000048041740       0x10 C:\ProgramData\dSPACE\8FB0EFA7-ABB4-4AA6-86AA-BC02D02B0030\Compiler\QNX650_520\target\qnx6/ppcbe/lib/crtn.o

.text           0x0000000048041750     0x64ac
                0x0000000048041750                _btext = .
 *(.text .stub .text.* .gnu.linkonce.t.*)
 .text          0x0000000048041750      0x118 C:\ProgramData\dSPACE\8FB0EFA7-ABB4-4AA6-86AA-BC02D02B0030\Compiler\QNX650_520\target\qnx6/ppcbe/lib/crt1.o
                0x0000000048041750                _start
 .text          0x0000000048041868        0x0 C:\ProgramData\dSPACE\8FB0EFA7-ABB4-4AA6-86AA-BC02D02B0030\Compiler\QNX650_520\target\qnx6/ppcbe/lib/crti.o
 .text          0x0000000048041868      0x2b0 c:/programdata/dspace/8fb0efa7-abb4-4aa6-86aa-bc02d02b0030/compiler/qnx650_520/host/win32/x86/usr/bin/../lib/gcc/powerpc-unknown-nto-qnx6.5.0/5.2.0/crtbegin.o
 *fill*         0x0000000048041b18        0x8 00000000
 .text          0x0000000048041b20     0x4218 sample_model.o07
                0x0000000048041c60                sample_mode_Firstorderhold_Init
                0x0000000048041c80                sample_model_Firstorderhold
                0x0000000048041cb0                sample_mod_MATLABFunction1_Init
                0x0000000048041cc0                sample_model_MATLABFunction1
                0x0000000048041eb0                sample_model_output
                0x00000000480447e0                sample_model_derivatives
                0x0000000048044840                sample_model_update
                0x0000000048045970                sample_model_initialize
                0x0000000048045d00                sample_model_terminate
 *fill*         0x0000000048045d38        0x8 00000000
 .text          0x0000000048045d40       0x5c rtGetInf.o07
                0x0000000048045d40                rtGetInf
                0x0000000048045d60                rtGetInfF
                0x0000000048045d70                rtGetMinusInf
                0x0000000048045d90                rtGetMinusInfF
 *fill*         0x0000000048045d9c        0x4 00000000
 .text          0x0000000048045da0       0x3c rtGetNaN.o07
                0x0000000048045da0                rtGetNaN
                0x0000000048045dd0                rtGetNaNF
 *fill*         0x0000000048045ddc        0x4 00000000
 .text          0x0000000048045de0      0x158 rt_nonfinite.o07
                0x0000000048045de0                rt_InitInfAndNaN
                0x0000000048045e40                rtIsInf
                0x0000000048045e70                rtIsInfF
                0x0000000048045ea0                rtIsNaN
                0x0000000048045ef0                rtIsNaNF
 *fill*         0x0000000048045f38        0x8 00000000
 .text          0x0000000048045f40       0xf8 rt_zcfcn.o07
                0x0000000048045f40                rt_ZCFcn
 .text          0x0000000048046038        0x0 sample_model_data.o07
 .text          0x0000000048046038      0x244 sample_model_trc_ptr.o07
                0x0000000048046248                sample_model_rti_init_trc_pointers
 *fill*         0x000000004804627c        0x4 00000000
 .text          0x0000000048046280      0x4a4 rti_sim_engine.o07
                0x00000000480466b0                rtk_idle_function
                0x00000000480466c0                rti_th_timertask1_trigger_source
                0x0000000048046710                initConditions
                0x0000000048046720                initVariables
 *fill*         0x0000000048046724        0xc 00000000
 .text.startup  0x0000000048046730      0x8c0 rti_sim_engine.o07
                0x0000000048046730                main
 .text          0x0000000048046ff0       0x40 rti_init_c.o07
                0x0000000048046ff0                rti_init
 .text          0x0000000048047030       0x44 rt_sim.o07
                0x0000000048047030                rt_SimInitTimingEngine
                0x0000000048047060                rt_SimGetNextSampleHit
                0x0000000048047070                rt_SimUpdateDiscreteTaskSampleHits
 *fill*         0x0000000048047074        0xc 00000000
 .text          0x0000000048047080       0xd4 rti_assert.o07
                0x0000000048047080                rti_assertion_handler
                0x0000000048047110                rti_assertion_mode_msg
 .text          0x0000000048047154        0x0 C:\Program Files\dSPACE RCPHIL 2023-A\DS1202\Lib/librtversion.a(RtVersion.o)
 *fill*         0x0000000048047154        0xc 00000000
 .text          0x0000000048047160        0x4 C:\Program Files\dSPACE RCPHIL 2023-A\DS1202\Lib/librtglobals.a(DsEESPort.o)
                0x0000000048047160                DsEesPort_init()
 .text          0x0000000048047164       0x20 C:\Program Files\dSPACE RCPHIL 2023-A\DS1202\Lib/libm_fastpow.a(w_pow.o)
                0x0000000048047164                pow
 .text          0x0000000048047184      0x85c C:\Program Files\dSPACE RCPHIL 2023-A\DS1202\Lib/libm_fastpow.a(e_pow.o)
                0x0000000048047184                __ieee754_pow
 .text          0x00000000480479e0      0x188 C:\Program Files\dSPACE RCPHIL 2023-A\DS1202\Lib/libm_fastpow.a(s_scalbn.o)
                0x00000000480479e0                scalbn
 .text          0x0000000048047b68       0x94 c:/programdata/dspace/8fb0efa7-abb4-4aa6-86aa-bc02d02b0030/compiler/qnx650_520/host/win32/x86/usr/bin/../lib/gcc/powerpc-unknown-nto-qnx6.5.0/5.2.0/crtend.o
 .text          0x0000000048047bfc        0x0 C:\ProgramData\dSPACE\8FB0EFA7-ABB4-4AA6-86AA-BC02D02B0030\Compiler\QNX650_520\target\qnx6/ppcbe/lib/crtn.o
 *(.gnu.warning)
 *(.glink)
 .glink         0x0000000048047bfc        0x0 C:\ProgramData\dSPACE\8FB0EFA7-ABB4-4AA6-86AA-BC02D02B0030\Compiler\QNX650_520\target\qnx6/ppcbe/lib/crt1.o

.fini           0x0000000048047bfc       0x20
 *(.fini)
 .fini          0x0000000048047bfc        0xc C:\ProgramData\dSPACE\8FB0EFA7-ABB4-4AA6-86AA-BC02D02B0030\Compiler\QNX650_520\target\qnx6/ppcbe/lib/crti.o
                0x0000000048047bfc                _fini
 .fini          0x0000000048047c08        0x4 c:/programdata/dspace/8fb0efa7-abb4-4aa6-86aa-bc02d02b0030/compiler/qnx650_520/host/win32/x86/usr/bin/../lib/gcc/powerpc-unknown-nto-qnx6.5.0/5.2.0/crtbegin.o
 .fini          0x0000000048047c0c       0x10 C:\ProgramData\dSPACE\8FB0EFA7-ABB4-4AA6-86AA-BC02D02B0030\Compiler\QNX650_520\target\qnx6/ppcbe/lib/crtn.o
                [!provide]                        PROVIDE (__etext, .)
                0x0000000048047c1c                PROVIDE (_etext, .)
                [!provide]                        PROVIDE (etext, .)

.rodata         0x0000000048047c20      0x6c8
 *(.rodata .rodata.* .gnu.linkonce.r.*)
 .rodata        0x0000000048047c20      0x124 sample_model.o07
                0x0000000048047d40                sample_model_M
 .rodata.cst4   0x0000000048047d44       0x1c sample_model.o07
 .rodata.cst8   0x0000000048047d60       0x90 sample_model.o07
 .rodata.str1.4
                0x0000000048047df0        0x5 sample_model.o07
 *fill*         0x0000000048047df5        0x3 
 .rodata.cst4   0x0000000048047df8        0x8 rtGetInf.o07
 .rodata.cst4   0x0000000048047e00        0x4 rtGetNaN.o07
 .rodata        0x0000000048047e04       0x13 rt_zcfcn.o07
 .rodata.cst4   0x0000000048047e17        0x4 rt_zcfcn.o07
 *fill*         0x0000000048047e17        0x1 
 .rodata        0x0000000048047e18        0xc rti_sim_engine.o07
                0x0000000048047e18                rtiDataSetStorageEnabled
                0x0000000048047e1c                p_dsts_sum_of_reset_time
                0x0000000048047e20                p_msg_last_error_no
 .rodata.cst4   0x0000000048047e24        0x4 rti_sim_engine.o07
                                          0x8 (size before relaxing)
 .rodata.cst8   0x0000000048047e28        0x8 rti_sim_engine.o07
 .rodata.str1.4
                0x0000000048047e28      0x284 rti_sim_engine.o07
 .rodata.cst4   0x00000000480480ac        0x4 rt_sim.o07
                                          0x8 (size before relaxing)
 .rodata.str1.4
                0x00000000480480b0       0x71 rt_sim.o07
 *fill*         0x0000000048048121        0x3 
 .rodata.str1.4
                0x0000000048048124       0x70 rti_assert.o07
                                         0x6d (size before relaxing)
 *fill*         0x0000000048048194        0x4 
 .rodata        0x0000000048048198       0x30 C:\Program Files\dSPACE RCPHIL 2023-A\DS1202\Lib/libm_fastpow.a(e_pow.o)
 .rodata.cst4   0x00000000480481c8        0x8 C:\Program Files\dSPACE RCPHIL 2023-A\DS1202\Lib/libm_fastpow.a(e_pow.o)
 .rodata.cst8   0x00000000480481d0       0xe8 C:\Program Files\dSPACE RCPHIL 2023-A\DS1202\Lib/libm_fastpow.a(e_pow.o)
 .rodata.cst8   0x00000000480482b8       0x30 C:\Program Files\dSPACE RCPHIL 2023-A\DS1202\Lib/libm_fastpow.a(s_scalbn.o)

.rodata1
 *(.rodata1)

.sdata2         0x00000000480482e8        0x0
                0x0000000000008000                PROVIDE (_SDA2_BASE_, 0x8000)
 *(.sdata2 .sdata2.* .gnu.linkonce.s2.*)
 .sdata2        0x00000000480482e8        0x0 C:\ProgramData\dSPACE\8FB0EFA7-ABB4-4AA6-86AA-BC02D02B0030\Compiler\QNX650_520\target\qnx6/ppcbe/lib/crt1.o

.sbss2
 *(.sbss2 .sbss2.* .gnu.linkonce.sb2.*)

.eh_frame_hdr   0x00000000480482e8       0x14
 *(.eh_frame_hdr)
 .eh_frame_hdr  0x00000000480482e8       0x14 C:\Program Files\dSPACE RCPHIL 2023-A\DS1202\Lib/librtglobals.a(DsEESPort.o)

.eh_frame       0x00000000480482fc       0x2c
 *(.eh_frame)
 .eh_frame      0x00000000480482fc        0x0 C:\ProgramData\dSPACE\8FB0EFA7-ABB4-4AA6-86AA-BC02D02B0030\Compiler\QNX650_520\target\qnx6/ppcbe/lib/crt1.o
 .eh_frame      0x00000000480482fc        0x0 c:/programdata/dspace/8fb0efa7-abb4-4aa6-86aa-bc02d02b0030/compiler/qnx650_520/host/win32/x86/usr/bin/../lib/gcc/powerpc-unknown-nto-qnx6.5.0/5.2.0/crtbegin.o
 .eh_frame      0x00000000480482fc       0x28 C:\Program Files\dSPACE RCPHIL 2023-A\DS1202\Lib/librtglobals.a(DsEESPort.o)
 .eh_frame      0x0000000048048324        0x4 c:/programdata/dspace/8fb0efa7-abb4-4aa6-86aa-bc02d02b0030/compiler/qnx650_520/host/win32/x86/usr/bin/../lib/gcc/powerpc-unknown-nto-qnx6.5.0/5.2.0/crtend.o

.gcc_except_table
 *(.gcc_except_table .gcc_except_table.*)
                0x0000000048048328                . = (ALIGN (0x1000) - ((0x1000 - .) & 0xfff))
                0x0000000048049000                . = DATA_SEGMENT_ALIGN (0x1000, 0x1000)

.eh_frame
 *(.eh_frame)

.gcc_except_table
 *(.gcc_except_table .gcc_except_table.*)

.tdata
 *(.tdata .tdata.* .gnu.linkonce.td.*)

.tbss
 *(.tbss .tbss.* .gnu.linkonce.tb.*)
 *(.tcommon)

.preinit_array  0x0000000048049000        0x0
                0x0000000048049000                PROVIDE (__preinit_array_start, .)
 *(.preinit_array)
                0x0000000048049000                PROVIDE (__preinit_array_end, .)

.init_array     0x0000000048049000        0x0
                0x0000000048049000                PROVIDE (__init_array_start, .)
 *(SORT(.init_array.*))
 *(.init_array)
                0x0000000048049000                PROVIDE (__init_array_end, .)

.fini_array     0x0000000048049000        0x0
                0x0000000048049000                PROVIDE (__fini_array_start, .)
 *(.fini_array)
 *(SORT(.fini_array.*))
                0x0000000048049000                PROVIDE (__fini_array_end, .)

.ctors          0x0000000048049000        0x8
 *crtbegin.o(.ctors)
 .ctors         0x0000000048049000        0x4 c:/programdata/dspace/8fb0efa7-abb4-4aa6-86aa-bc02d02b0030/compiler/qnx650_520/host/win32/x86/usr/bin/../lib/gcc/powerpc-unknown-nto-qnx6.5.0/5.2.0/crtbegin.o
 *crtbegin?.o(.ctors)
 *(EXCLUDE_FILE(*crtend?.o *crtend.o) .ctors)
 *(SORT(.ctors.*))
 *(.ctors)
 .ctors         0x0000000048049004        0x4 c:/programdata/dspace/8fb0efa7-abb4-4aa6-86aa-bc02d02b0030/compiler/qnx650_520/host/win32/x86/usr/bin/../lib/gcc/powerpc-unknown-nto-qnx6.5.0/5.2.0/crtend.o

.dtors          0x0000000048049008        0x8
 *crtbegin.o(.dtors)
 .dtors         0x0000000048049008        0x4 c:/programdata/dspace/8fb0efa7-abb4-4aa6-86aa-bc02d02b0030/compiler/qnx650_520/host/win32/x86/usr/bin/../lib/gcc/powerpc-unknown-nto-qnx6.5.0/5.2.0/crtbegin.o
 *crtbegin?.o(.dtors)
 *(EXCLUDE_FILE(*crtend?.o *crtend.o) .dtors)
 *(SORT(.dtors.*))
 *(.dtors)
 .dtors         0x000000004804900c        0x4 c:/programdata/dspace/8fb0efa7-abb4-4aa6-86aa-bc02d02b0030/compiler/qnx650_520/host/win32/x86/usr/bin/../lib/gcc/powerpc-unknown-nto-qnx6.5.0/5.2.0/crtend.o
                0x000000004804900c                __DTOR_END__

.jcr            0x0000000048049010        0x4
 *(.jcr)
 .jcr           0x0000000048049010        0x0 c:/programdata/dspace/8fb0efa7-abb4-4aa6-86aa-bc02d02b0030/compiler/qnx650_520/host/win32/x86/usr/bin/../lib/gcc/powerpc-unknown-nto-qnx6.5.0/5.2.0/crtbegin.o
 .jcr           0x0000000048049010        0x4 c:/programdata/dspace/8fb0efa7-abb4-4aa6-86aa-bc02d02b0030/compiler/qnx650_520/host/win32/x86/usr/bin/../lib/gcc/powerpc-unknown-nto-qnx6.5.0/5.2.0/crtend.o

.data.rel.ro
 *(.data.rel.ro.local* .gnu.linkonce.d.rel.ro.local.*)
 *(.data.rel.ro* .gnu.linkonce.d.rel.ro.*)

.fixup
 *(.fixup)

.got1
 *(.got1)

.got2
 *(.got2)

.dynamic        0x0000000048049014      0x100
 *(.dynamic)
 .dynamic       0x0000000048049014      0x100 C:\ProgramData\dSPACE\8FB0EFA7-ABB4-4AA6-86AA-BC02D02B0030\Compiler\QNX650_520\target\qnx6/ppcbe/lib/crt1.o
                0x0000000048049014                _DYNAMIC

.got
 *(.got)
                0x0000000048049114                . = DATA_SEGMENT_RELRO_END (., 0x0)

.plt
 *(.plt)

.data           0x0000000048049118      0x3d0
 *(.data .data.* .gnu.linkonce.d.*)
 .data          0x0000000048049118        0x0 C:\ProgramData\dSPACE\8FB0EFA7-ABB4-4AA6-86AA-BC02D02B0030\Compiler\QNX650_520\target\qnx6/ppcbe/lib/crt1.o
 .data          0x0000000048049118        0x0 C:\ProgramData\dSPACE\8FB0EFA7-ABB4-4AA6-86AA-BC02D02B0030\Compiler\QNX650_520\target\qnx6/ppcbe/lib/crti.o
 .data          0x0000000048049118        0x0 c:/programdata/dspace/8fb0efa7-abb4-4aa6-86aa-bc02d02b0030/compiler/qnx650_520/host/win32/x86/usr/bin/../lib/gcc/powerpc-unknown-nto-qnx6.5.0/5.2.0/crtbegin.o
 .data.rel.local
                0x0000000048049118        0x4 c:/programdata/dspace/8fb0efa7-abb4-4aa6-86aa-bc02d02b0030/compiler/qnx650_520/host/win32/x86/usr/bin/../lib/gcc/powerpc-unknown-nto-qnx6.5.0/5.2.0/crtbegin.o
                0x0000000048049118                __dso_handle
 .data          0x000000004804911c        0x0 sample_model.o07
 .data          0x000000004804911c        0x0 rtGetInf.o07
 .data          0x000000004804911c        0x0 rtGetNaN.o07
 .data          0x000000004804911c        0x0 rt_nonfinite.o07
 .data          0x000000004804911c        0x0 rt_zcfcn.o07
 *fill*         0x000000004804911c        0x4 
 .data          0x0000000048049120      0x3a8 sample_model_data.o07
                0x0000000048049120                sample_model_P
 .data          0x00000000480494c8        0x0 sample_model_trc_ptr.o07
 .data          0x00000000480494c8       0x14 rti_sim_engine.o07
                0x00000000480494c8                simState
                0x00000000480494d8                lastSimState
 .data          0x00000000480494dc        0x0 rti_init_c.o07
 .data          0x00000000480494dc        0x0 rt_sim.o07
 .data          0x00000000480494dc        0x0 rti_assert.o07
 .data          0x00000000480494dc        0x0 C:\Program Files\dSPACE RCPHIL 2023-A\DS1202\Lib/librtversion.a(RtVersion.o)
 .data          0x00000000480494dc        0x0 C:\Program Files\dSPACE RCPHIL 2023-A\DS1202\Lib/librtglobals.a(DsEESPort.o)
 .data.rel      0x00000000480494dc        0xc C:\Program Files\dSPACE RCPHIL 2023-A\DS1202\Lib/librtglobals.a(DsEESPort.o)
                0x00000000480494dc                p_xilapi_eesport_errorswitching_uint32_T
                0x00000000480494e0                p_xilapi_eesport_erroractivated_uint32_T
                0x00000000480494e4                p_xilapi_eesport_activeerrorset_uint32_T
 .data          0x00000000480494e8        0x0 C:\Program Files\dSPACE RCPHIL 2023-A\DS1202\Lib/libm_fastpow.a(w_pow.o)
 .data          0x00000000480494e8        0x0 C:\Program Files\dSPACE RCPHIL 2023-A\DS1202\Lib/libm_fastpow.a(e_pow.o)
 .data          0x00000000480494e8        0x0 C:\Program Files\dSPACE RCPHIL 2023-A\DS1202\Lib/libm_fastpow.a(s_scalbn.o)
 .data          0x00000000480494e8        0x0 c:/programdata/dspace/8fb0efa7-abb4-4aa6-86aa-bc02d02b0030/compiler/qnx650_520/host/win32/x86/usr/bin/../lib/gcc/powerpc-unknown-nto-qnx6.5.0/5.2.0/crtend.o
 .data          0x00000000480494e8        0x0 C:\ProgramData\dSPACE\8FB0EFA7-ABB4-4AA6-86AA-BC02D02B0030\Compiler\QNX650_520\target\qnx6/ppcbe/lib/crtn.o

.tm_clone_table
                0x00000000480494e8        0x0
 .tm_clone_table
                0x00000000480494e8        0x0 c:/programdata/dspace/8fb0efa7-abb4-4aa6-86aa-bc02d02b0030/compiler/qnx650_520/host/win32/x86/usr/bin/../lib/gcc/powerpc-unknown-nto-qnx6.5.0/5.2.0/crtbegin.o
 .tm_clone_table
                0x00000000480494e8        0x0 c:/programdata/dspace/8fb0efa7-abb4-4aa6-86aa-bc02d02b0030/compiler/qnx650_520/host/win32/x86/usr/bin/../lib/gcc/powerpc-unknown-nto-qnx6.5.0/5.2.0/crtend.o

.data1
 *(.data1)

.got            0x00000000480494e8       0x54
 *(.got)
 .got           0x00000000480494e8       0x54 C:\ProgramData\dSPACE\8FB0EFA7-ABB4-4AA6-86AA-BC02D02B0030\Compiler\QNX650_520\target\qnx6/ppcbe/lib/crt1.o
                0x0000000048049530                _GLOBAL_OFFSET_TABLE_

.sdata          0x000000004804953c        0x0
                0x0000000000008000                PROVIDE (_SDA_BASE_, 0x8000)
 *(.sdata .sdata.* .gnu.linkonce.s.*)
 .sdata         0x000000004804953c        0x0 C:\ProgramData\dSPACE\8FB0EFA7-ABB4-4AA6-86AA-BC02D02B0030\Compiler\QNX650_520\target\qnx6/ppcbe/lib/crt1.o
                0x000000004804953c                _edata = .
                [!provide]                        PROVIDE (edata, .)
                0x000000004804953c                __bss_start = .

.sbss           0x000000004804953c        0x0
                [!provide]                        PROVIDE (__sbss_start, .)
                [!provide]                        PROVIDE (___sbss_start, .)
 *(.dynsbss)
 .dynsbss       0x000000004804953c        0x0 C:\ProgramData\dSPACE\8FB0EFA7-ABB4-4AA6-86AA-BC02D02B0030\Compiler\QNX650_520\target\qnx6/ppcbe/lib/crt1.o
 *(.sbss .sbss.* .gnu.linkonce.sb.*)
 *(.scommon)
                [!provide]                        PROVIDE (__sbss_end, .)
                [!provide]                        PROVIDE (___sbss_end, .)

.plt            0x000000004804953c      0x414
 *(.plt)
 .plt           0x000000004804953c      0x414 C:\ProgramData\dSPACE\8FB0EFA7-ABB4-4AA6-86AA-BC02D02B0030\Compiler\QNX650_520\target\qnx6/ppcbe/lib/crt1.o
                0x0000000048049584                ts_reset
                0x000000004804958c                __register_frame_info
                0x0000000048049594                msg_error_clear
                0x000000004804959c                AdcCl1AnalogIn_read
                0x00000000480495a4                dsrtt_set_current_time
                0x00000000480495ac                sqrt
                0x00000000480495b4                rtk_current_task_absolute_time_ptr_get
                0x00000000480495bc                DsTimeSync_simstateRun
                0x00000000480495c4                DacCl1AnalogOut_create
                0x00000000480495cc                rtk_setup_temp_overrun_handling
                0x00000000480495d4                SrtkIntBase_requestTaskMode
                0x00000000480495dc                rtk_reset_tasks
                0x00000000480495e4                __cxa_finalize
                0x00000000480495ec                _init_array
                0x00000000480495f4                rtk_set_task_type
                0x00000000480495fc                DsTimeSync_baserate
                0x0000000048049604                rtk_task_name_set
                0x000000004804960c                DacCl1AnalogOut_apply
                0x0000000048049614                dsrtt_script_service_post_computation
                0x000000004804961c                rtk_create_task
                0x0000000048049624                msg_warning_printf
                0x000000004804962c                msg_last_error_number
                0x0000000048049634                AdcCl1AnalogIn_setConversTrigger
                0x000000004804963c                dsparam_copy_data_set
                0x0000000048049644                SrtkPreload_preloadRegion
                0x000000004804964c                msg_error_set
                0x0000000048049654                rtk_enable_services
                0x000000004804965c                SrtkDaq_Init
                0x0000000048049664                rtk_task_task_calls_get
                0x000000004804966c                DsTimeSync_setCurrentTimePtr
                0x0000000048049674                SrtkIntBase_enableIntGlobal
                0x000000004804967c                DacCl1AnalogOut_write
                0x0000000048049684                AdcCl1AnalogIn_setConversionMode
                0x000000004804968c                rtk_overrun_flag_clear
                0x0000000048049694                rtk_bind_interrupt
                0x000000004804969c                DacCl1AnalogOut_stop
                0x00000000480496a4                AdcCl1AnalogIn_apply
                0x00000000480496ac                _init_libc
                0x00000000480496b4                dsrtt_init
                0x00000000480496bc                AdcCl1AnalogIn_write
                0x00000000480496c4                SrtkApp_terminate
                0x00000000480496cc                AdcCl1AnalogIn_isDataReady
                0x00000000480496d4                msg_info_set
                0x00000000480496dc                SensorSupply_create
                0x00000000480496e4                dsrtt_script_service_pre_computation
                0x00000000480496ec                DacCl1AnalogOut_start
                0x00000000480496f4                msg_error_printf
                0x00000000480496fc                memset
                0x0000000048049704                _Sin
                0x000000004804970c                rtk_leave_idle_mode
                0x0000000048049714                __wrap_exit
                0x000000004804971c                __wrap_atexit
                0x0000000048049724                DacCl1AnalogOut_setOutputValue
                0x000000004804972c                AdcCl1AnalogIn_start
                0x0000000048049734                _fini_array
                0x000000004804973c                SensorSupply_setVoltage
                0x0000000048049744                SrtkDaq_Background
                0x000000004804974c                _preinit_array
                0x0000000048049754                SrtkApp_init
                0x000000004804975c                SrtkDaq_Service
                0x0000000048049764                rtk_task_task_name_get
                0x000000004804976c                AdcCl1AnalogIn_setConversSwTrigger
                0x0000000048049774                SrtkSim_notifyStateTransition
                0x000000004804977c                AdcCl1AnalogIn_getSingleValue
                0x0000000048049784                msg_set
                0x000000004804978c                SensorSupply_apply
                0x0000000048049794                rtk_get_subentry
                0x000000004804979c                dsrtt_set_step_size
                0x00000000480497a4                rtk_enter_idle_mode
                0x00000000480497ac                rtk_initialize
                0x00000000480497b4                DacCl1AnalogOut_setOutputHighZ
                0x00000000480497bc                SensorSupply_setSensorState
                0x00000000480497c4                SensorSupply_start
                0x00000000480497cc                SrtkApp_background
                0x00000000480497d4                rtk_default_overrun_fcn
                0x00000000480497dc                AdcCl1AnalogIn_create
                0x00000000480497e4                vcm_module_register
                0x00000000480497ec                DsTimeSync_simstateStop
                0x00000000480497f4                SrtkIntBase_disableIntGlobal
                0x00000000480497fc                SrtkSim_registerState
                0x0000000048049804                __deregister_frame_info

.bss            0x0000000048049950     0x3548
 *(.dynbss)
 .dynbss        0x0000000048049950       0x14 C:\ProgramData\dSPACE\8FB0EFA7-ABB4-4AA6-86AA-BC02D02B0030\Compiler\QNX650_520\target\qnx6/ppcbe/lib/crt1.o
                0x0000000048049950                errno
                0x0000000048049958                dsts_sum_of_reseted_time
                0x0000000048049960                msg_last_error_no
 *(.bss .bss.* .gnu.linkonce.b.*)
 .bss           0x0000000048049964        0x0 C:\ProgramData\dSPACE\8FB0EFA7-ABB4-4AA6-86AA-BC02D02B0030\Compiler\QNX650_520\target\qnx6/ppcbe/lib/crt1.o
 .bss           0x0000000048049964        0x0 C:\ProgramData\dSPACE\8FB0EFA7-ABB4-4AA6-86AA-BC02D02B0030\Compiler\QNX650_520\target\qnx6/ppcbe/lib/crti.o
 .bss           0x0000000048049964       0x20 c:/programdata/dspace/8fb0efa7-abb4-4aa6-86aa-bc02d02b0030/compiler/qnx650_520/host/win32/x86/usr/bin/../lib/gcc/powerpc-unknown-nto-qnx6.5.0/5.2.0/crtbegin.o
 *fill*         0x0000000048049984        0x4 
 .bss           0x0000000048049988     0x3400 sample_model.o07
                0x0000000048049cd0                sample_model_X
                0x0000000048049d10                sample_model_B
                0x000000004804c340                sample_model_DW
                0x000000004804ccf8                sample_model_PrevZCX
                0x000000004804cd00                sample_model_Y
 .bss           0x000000004804cd88        0x0 rtGetInf.o07
 .bss           0x000000004804cd88        0x0 rtGetNaN.o07
 .bss           0x000000004804cd88       0x2c rt_nonfinite.o07
                0x000000004804cd88                rtNaN
                0x000000004804cd90                rtNaNF
                0x000000004804cd98                rtInf
                0x000000004804cda0                rtInfF
                0x000000004804cda8                rtMinusInf
                0x000000004804cdb0                rtMinusInfF
 .bss           0x000000004804cdb4        0x0 rt_zcfcn.o07
 .bss           0x000000004804cdb4        0x0 sample_model_data.o07
 .bss           0x000000004804cdb4       0x7c sample_model_trc_ptr.o07
                0x000000004804cdb4                p_0_sample_model_real_T_0
                0x000000004804cdb8                p_0_sample_model_uint8_T_1
                0x000000004804cdbc                p_0_sample_model_boolean_T_2
                0x000000004804cdc0                p_0_sample_model_real_T_3
                0x000000004804cdc4                p_0_sample_model_real_T_4
                0x000000004804cdc8                p_0_sample_model_real_T_5
                0x000000004804cdcc                p_0_sample_model_real_T_6
                0x000000004804cdd0                p_0_sample_model_real_T_7
                0x000000004804cdd4                p_0_sample_model_real_T_8
                0x000000004804cdd8                p_0_sample_model_real_T_9
                0x000000004804cddc                p_0_sample_model_real_T_10
                0x000000004804cde0                p_0_sample_model_real_T_11
                0x000000004804cde4                p_1_sample_model_uint8_T_0
                0x000000004804cde8                p_1_sample_model_real_T_1
                0x000000004804cdec                p_1_sample_model_real_T_2
                0x000000004804cdf0                p_1_sample_model_real_T_3
                0x000000004804cdf4                p_1_sample_model_real_T_4
                0x000000004804cdf8                p_1_sample_model_real_T_5
                0x000000004804cdfc                p_1_sample_model_real_T_6
                0x000000004804ce00                p_1_sample_model_real_T_7
                0x000000004804ce04                p_2_sample_model_real_T_0
                0x000000004804ce08                p_2_sample_model_uint8_T_1
                0x000000004804ce0c                p_2_sample_model_boolean_T_2
                0x000000004804ce10                p_2_sample_model_real_T_3
                0x000000004804ce14                p_2_sample_model_boolean_T_4
                0x000000004804ce18                p_2_sample_model_real_T_5
                0x000000004804ce1c                p_2_sample_model_boolean_T_6
                0x000000004804ce20                p_2_sample_model_real_T_7
                0x000000004804ce24                p_2_sample_model_boolean_T_8
                0x000000004804ce28                p_3_sample_model_real_T_0
                0x000000004804ce2c                p_5_sample_model_real_T_0
 .bss           0x000000004804ce30       0x50 rti_sim_engine.o07
                0x000000004804ce30                currentTime
                0x000000004804ce34                finalTime
                0x000000004804ce38                modelStepSize
                0x000000004804ce40                pRTIDacC1AnalogOut_Ch_1
                0x000000004804ce44                pRTIAdcC1AnalogIn_Ch_3
                0x000000004804ce48                pRTIAdcC1AnalogIn_Ch_2
                0x000000004804ce4c                pRTIAdcC1AnalogIn_Ch_1
                0x000000004804ce50                taskMode
                0x000000004804ce54                pRTI_Sensor_Supply
                0x000000004804ce58                pRti_TIMERA_STime
                0x000000004804ce5c                pRti_TIMERA_TTime
                0x000000004804ce60                pRti_TIMERA_TState
                0x000000004804ce64                pRti_TIMERA_OType
                0x000000004804ce68                pRti_TIMERA_OMax
                0x000000004804ce6c                pRti_TIMERA_ORpt
                0x000000004804ce70                pRti_TIMERA_OCnt
                0x000000004804ce74                pRti_TIMERA_TCnt
                0x000000004804ce78                pRti_TIMERA_Prio
                0x000000004804ce7c                rtiAssertionMode
 .bss           0x000000004804ce80        0x4 rti_init_c.o07
 .bss           0x000000004804ce84        0x0 rt_sim.o07
 .bss           0x000000004804ce84        0x0 rti_assert.o07
 .bss           0x000000004804ce84        0x0 C:\Program Files\dSPACE RCPHIL 2023-A\DS1202\Lib/librtversion.a(RtVersion.o)
 .bss           0x000000004804ce84       0x14 C:\Program Files\dSPACE RCPHIL 2023-A\DS1202\Lib/librtglobals.a(DsEESPort.o)
                0x000000004804ce84                xilapi_eesport_trigger_uint32_T
                0x000000004804ce88                xilapi_eesport_flags_uint32_T
                0x000000004804ce8c                xilapi_eesport_errorswitching_uint32_T
                0x000000004804ce90                xilapi_eesport_erroractivated_uint32_T
                0x000000004804ce94                xilapi_eesport_activeerrorset_uint32_T
 .bss           0x000000004804ce98        0x0 C:\Program Files\dSPACE RCPHIL 2023-A\DS1202\Lib/libm_fastpow.a(w_pow.o)
 .bss           0x000000004804ce98        0x0 C:\Program Files\dSPACE RCPHIL 2023-A\DS1202\Lib/libm_fastpow.a(e_pow.o)
 .bss           0x000000004804ce98        0x0 C:\Program Files\dSPACE RCPHIL 2023-A\DS1202\Lib/libm_fastpow.a(s_scalbn.o)
 .bss           0x000000004804ce98        0x0 c:/programdata/dspace/8fb0efa7-abb4-4aa6-86aa-bc02d02b0030/compiler/qnx650_520/host/win32/x86/usr/bin/../lib/gcc/powerpc-unknown-nto-qnx6.5.0/5.2.0/crtend.o
 .bss           0x000000004804ce98        0x0 C:\ProgramData\dSPACE\8FB0EFA7-ABB4-4AA6-86AA-BC02D02B0030\Compiler\QNX650_520\target\qnx6/ppcbe/lib/crtn.o
 *(COMMON)
                0x000000004804ce98                . = ALIGN ((. != 0x0)?0x4:0x1)

.iplt           0x000000004804cea0        0x0
 .iplt          0x000000004804cea0        0x0 C:\ProgramData\dSPACE\8FB0EFA7-ABB4-4AA6-86AA-BC02D02B0030\Compiler\QNX650_520\target\qnx6/ppcbe/lib/crt1.o
                0x000000004804cea0                . = ALIGN (0x4)
                0x000000004804cea0                . = ALIGN (0x4)
                0x000000004804cea0                __end = .
                0x000000004804cea0                _end = .
                [!provide]                        PROVIDE (end, .)
                0x000000004804cea0                . = DATA_SEGMENT_END (.)

.stab
 *(.stab)

.stabstr
 *(.stabstr)

.stab.excl
 *(.stab.excl)

.stab.exclstr
 *(.stab.exclstr)

.stab.index
 *(.stab.index)

.stab.indexstr
 *(.stab.indexstr)

.comment        0x0000000000000000       0x47
 *(.comment)
 .comment       0x0000000000000000       0x11 c:/programdata/dspace/8fb0efa7-abb4-4aa6-86aa-bc02d02b0030/compiler/qnx650_520/host/win32/x86/usr/bin/../lib/gcc/powerpc-unknown-nto-qnx6.5.0/5.2.0/crtbegin.o
                                         0x12 (size before relaxing)
 .comment       0x0000000000000011       0x12 sample_model.o07
 .comment       0x0000000000000011       0x12 rtGetInf.o07
 .comment       0x0000000000000011       0x12 rtGetNaN.o07
 .comment       0x0000000000000011       0x12 rt_nonfinite.o07
 .comment       0x0000000000000011       0x12 rt_zcfcn.o07
 .comment       0x0000000000000011       0x12 sample_model_data.o07
 .comment       0x0000000000000011       0x12 sample_model_trc_ptr.o07
 .comment       0x0000000000000011       0x12 rti_sim_engine.o07
 .comment       0x0000000000000011       0x12 rti_init_c.o07
 .comment       0x0000000000000011       0x12 rt_sim.o07
 .comment       0x0000000000000011       0x12 rti_assert.o07
 .comment       0x0000000000000011       0x12 C:\Program Files\dSPACE RCPHIL 2023-A\DS1202\Lib/librtversion.a(RtVersion.o)
 .comment       0x0000000000000011       0x12 C:\Program Files\dSPACE RCPHIL 2023-A\DS1202\Lib/librtglobals.a(DsEESPort.o)
 .comment       0x0000000000000011       0x12 C:\Program Files\dSPACE RCPHIL 2023-A\DS1202\Lib/libm_fastpow.a(w_pow.o)
 .comment       0x0000000000000023       0x12 C:\Program Files\dSPACE RCPHIL 2023-A\DS1202\Lib/libm_fastpow.a(e_pow.o)
 .comment       0x0000000000000035       0x12 C:\Program Files\dSPACE RCPHIL 2023-A\DS1202\Lib/libm_fastpow.a(s_scalbn.o)
 .comment       0x0000000000000047       0x12 c:/programdata/dspace/8fb0efa7-abb4-4aa6-86aa-bc02d02b0030/compiler/qnx650_520/host/win32/x86/usr/bin/../lib/gcc/powerpc-unknown-nto-qnx6.5.0/5.2.0/crtend.o

.PPC.EMB.apuinfo
                0x0000000000000000       0x18
 .PPC.EMB.apuinfo
                0x0000000000000000       0x18 rt_nonfinite.o07
 .PPC.EMB.apuinfo
                0x0000000000000018       0x18 rt_zcfcn.o07
 .PPC.EMB.apuinfo
                0x0000000000000030       0x18 rti_sim_engine.o07

.debug
 *(.debug)

.line
 *(.line)

.debug_srcinfo
 *(.debug_srcinfo)

.debug_sfnames
 *(.debug_sfnames)

.debug_aranges
 *(.debug_aranges)

.debug_pubnames
 *(.debug_pubnames)

.debug_info
 *(.debug_info .gnu.linkonce.wi.*)

.debug_abbrev
 *(.debug_abbrev)

.debug_line
 *(.debug_line)

.debug_frame
 *(.debug_frame)

.debug_str
 *(.debug_str)

.debug_loc
 *(.debug_loc)

.debug_macinfo
 *(.debug_macinfo)

.debug_weaknames
 *(.debug_weaknames)

.debug_funcnames
 *(.debug_funcnames)

.debug_typenames
 *(.debug_typenames)

.debug_varnames
 *(.debug_varnames)

.debug_pubtypes
 *(.debug_pubtypes)

.debug_ranges
 *(.debug_ranges)

.gnu.attributes
                0x0000000000000000       0x14
 *(.gnu.attributes)
 .gnu.attributes
                0x0000000000000000       0x10 sample_model.o07
 .gnu.attributes
                0x0000000000000010       0x10 rtGetInf.o07
 .gnu.attributes
                0x0000000000000020       0x10 rtGetNaN.o07
 .gnu.attributes
                0x0000000000000030       0x10 rt_nonfinite.o07
 .gnu.attributes
                0x0000000000000040       0x10 rt_zcfcn.o07
 .gnu.attributes
                0x0000000000000050       0x10 rti_sim_engine.o07
 .gnu.attributes
                0x0000000000000060       0x10 rt_sim.o07
 .gnu.attributes
                0x0000000000000070       0x10 rti_assert.o07
 .gnu.attributes
                0x0000000000000080       0x14 C:\Program Files\dSPACE RCPHIL 2023-A\DS1202\Lib/libm_fastpow.a(w_pow.o)
 .gnu.attributes
                0x0000000000000094       0x14 C:\Program Files\dSPACE RCPHIL 2023-A\DS1202\Lib/libm_fastpow.a(e_pow.o)
 .gnu.attributes
                0x00000000000000a8       0x14 C:\Program Files\dSPACE RCPHIL 2023-A\DS1202\Lib/libm_fastpow.a(s_scalbn.o)

/DISCARD/
 *(.note.GNU-stack)
 *(.gnu_debuglink)
OUTPUT(sample_model.ppc elf32-powerpc)
