<*GNU-Linker-generated-mapfile*> 
Archive member included to satisfy reference by file (symbol)

C:/Users/dionl/Desktop/AME_MASTERS/MATLAB/POST_EXAM_PROJECT/CBC_release-main/slprj/rti1202/_sharedutils/rtwshared.lib(rt_nonfinite.lo07)
                              sample_model.o07 (rt_InitInfAndNaN)
C:/Users/dionl/Desktop/AME_MASTERS/MATLAB/POST_EXAM_PROJECT/CBC_release-main/slprj/rti1202/_sharedutils/rtwshared.lib(rt_zcfcn.lo07)
                              sample_model.o07 (rt_ZCFcn)
C:/Users/dionl/Desktop/AME_MASTERS/MATLAB/POST_EXAM_PROJECT/CBC_release-main/slprj/rti1202/_sharedutils/rtwshared.lib(rtGetInf.lo07)
                              C:/Users/dionl/Desktop/AME_MASTERS/MATLAB/POST_EXAM_PROJECT/CBC_release-main/slprj/rti1202/_sharedutils/rtwshared.lib(rt_nonfinite.lo07) (rtGetInf)
C:/Users/dionl/Desktop/AME_MASTERS/MATLAB/POST_EXAM_PROJECT/CBC_release-main/slprj/rti1202/_sharedutils/rtwshared.lib(rtGetNaN.lo07)
                              C:/Users/dionl/Desktop/AME_MASTERS/MATLAB/POST_EXAM_PROJECT/CBC_release-main/slprj/rti1202/_sharedutils/rtwshared.lib(rt_nonfinite.lo07) (rtGetNaN)
../slprj/rti1202/LMS_Filter/LMS_Filter_rtwlib.lib(LMS_Filter.o07)
                              sample_model.o07 (ktvp3vh4kc_prot)
C:\Program Files\dSPACE RCPHIL 2023-A\DS1202\Lib/librtversion.a(RtVersion.o)
                              (--whole-archive)
C:\Program Files\dSPACE RCPHIL 2023-A\DS1202\Lib/librtglobals.a(DsEESPort.o)
                              (--whole-archive)
C:\Program Files\dSPACE RCPHIL 2023-A\DS1202\Lib/libm_fastpow.a(w_pow.o)
                              C:\Program Files\dSPACE RCPHIL 2023-A\DS1202\Lib/librt1202.so (pow)
C:\Program Files\dSPACE RCPHIL 2023-A\DS1202\Lib/libm_fastpow.a(e_pow.o)
                              C:\Program Files\dSPACE RCPHIL 2023-A\DS1202\Lib/libm_fastpow.a(w_pow.o) (__ieee754_pow)
C:\Program Files\dSPACE RCPHIL 2023-A\DS1202\Lib/libm_fastpow.a(s_scalbn.o)
                              C:\Program Files\dSPACE RCPHIL 2023-A\DS1202\Lib/libm_fastpow.a(e_pow.o) (scalbn)

As-needed library included to satisfy reference by file (symbol)

libDsRealTimeTestingRP.so.1   rti_sim_engine.o07 (dsrtt_script_service_pre_computation)

Memory Configuration

Name             Origin             Length             Attributes
*default*        0x0000000000000000 0xffffffffffffffff

Linker script and memory map

LOAD C:\ProgramData\dSPACE\8FB0EFA7-ABB4-4AA6-86AA-BC02D02B0030\Compiler\QNX650_520\target\qnx6/ppcbe/lib/crt1.o
LOAD C:\ProgramData\dSPACE\8FB0EFA7-ABB4-4AA6-86AA-BC02D02B0030\Compiler\QNX650_520\target\qnx6/ppcbe/lib/crti.o
LOAD c:/programdata/dspace/8fb0efa7-abb4-4aa6-86aa-bc02d02b0030/compiler/qnx650_520/host/win32/x86/usr/bin/../lib/gcc/powerpc-unknown-nto-qnx6.5.0/5.2.0/crtbegin.o
                0x0000000000000000                _DSPACE_START = 0x0
                0x0000000000000000                _DSPACE_START_ = 0x0
                0x00000000000004b2                DS_TARGET_PLATFORM = 0x4b2
START GROUP
LOAD sample_model.o07
LOAD sample_model_data.o07
LOAD sample_model_trc_ptr.o07
LOAD rti_sim_engine.o07
LOAD rti_init_c.o07
LOAD rt_sim.o07
LOAD rti_assert.o07
LOAD C:/Users/dionl/Desktop/AME_MASTERS/MATLAB/POST_EXAM_PROJECT/CBC_release-main/slprj/rti1202/_sharedutils/rtwshared.lib
LOAD ../slprj/rti1202/_sharedutils/rtwshared.lib
LOAD ../slprj/rti1202/LMS_Filter/LMS_Filter_rtwlib.lib
LOAD C:\Program Files\dSPACE RCPHIL 2023-A\DS1202\Lib/librtcan.so
LOAD C:\Program Files\dSPACE RCPHIL 2023-A\DS1202\Lib/librtj1939.so
LOAD C:\Program Files\dSPACE RCPHIL 2023-A\DS1202\Lib/librtser.so
LOAD C:\Program Files\dSPACE RCPHIL 2023-A\DS1202\Lib/librt13xxio.so
LOAD C:\Program Files\dSPACE RCPHIL 2023-A\DS1202\Lib/librt1202.so
LOAD C:\Program Files\dSPACE RCPHIL 2023-A\DS1202\Lib/librtwrap.so
LOAD C:\Program Files\dSPACE RCPHIL 2023-A\DS1202\Lib/librtversion.a
LOAD C:\Program Files\dSPACE RCPHIL 2023-A\DS1202\Lib/librtglobals.a
LOAD C:\Program Files\dSPACE RCPHIL 2023-A\DS1202\Lib/libm_fastpow.a
END GROUP
LOAD C:\Program Files\dSPACE RCPHIL 2023-A\DS1202\Lib/libstdc++.so
LOAD C:\ProgramData\dSPACE\8FB0EFA7-ABB4-4AA6-86AA-BC02D02B0030\Compiler\QNX650_520\target\qnx6/ppcbe/lib/libm.so
LOAD c:/programdata/dspace/8fb0efa7-abb4-4aa6-86aa-bc02d02b0030/compiler/qnx650_520/host/win32/x86/usr/bin/../lib/gcc/powerpc-unknown-nto-qnx6.5.0/5.2.0\libgcc.a
LOAD C:\ProgramData\dSPACE\8FB0EFA7-ABB4-4AA6-86AA-BC02D02B0030\Compiler\QNX650_520\target\qnx6/ppcbe/lib/libc.so
LOAD C:\ProgramData\dSPACE\8FB0EFA7-ABB4-4AA6-86AA-BC02D02B0030\Compiler\QNX650_520\target\qnx6/ppcbe/lib\libc.a
LOAD c:/programdata/dspace/8fb0efa7-abb4-4aa6-86aa-bc02d02b0030/compiler/qnx650_520/host/win32/x86/usr/bin/../lib/gcc/powerpc-unknown-nto-qnx6.5.0/5.2.0\libgcc.a
LOAD c:/programdata/dspace/8fb0efa7-abb4-4aa6-86aa-bc02d02b0030/compiler/qnx650_520/host/win32/x86/usr/bin/../lib/gcc/powerpc-unknown-nto-qnx6.5.0/5.2.0/crtend.o
LOAD C:\ProgramData\dSPACE\8FB0EFA7-ABB4-4AA6-86AA-BC02D02B0030\Compiler\QNX650_520\target\qnx6/ppcbe/lib/crtn.o
                [!provide]                        PROVIDE (__stack, 0x0)
                [!provide]                        PROVIDE (___stack, 0x0)
                [!provide]                        PROVIDE (__executable_start, 0x48040000)
                0x0000000048040134                . = (0x48040000 + SIZEOF_HEADERS)

.interp         0x0000000048040134       0x14
 *(.interp)
 .interp        0x0000000048040134       0x14 C:\ProgramData\dSPACE\8FB0EFA7-ABB4-4AA6-86AA-BC02D02B0030\Compiler\QNX650_520\target\qnx6/ppcbe/lib/crt1.o

.note           0x0000000048040150       0x18
 .note          0x0000000048040150       0x18 C:\ProgramData\dSPACE\8FB0EFA7-ABB4-4AA6-86AA-BC02D02B0030\Compiler\QNX650_520\target\qnx6/ppcbe/lib/crtn.o

.note.gnu.build-id
                0x0000000048040168       0x20
 *(.note.gnu.build-id)
 .note.gnu.build-id
                0x0000000048040168       0x20 C:\ProgramData\dSPACE\8FB0EFA7-ABB4-4AA6-86AA-BC02D02B0030\Compiler\QNX650_520\target\qnx6/ppcbe/lib/crt1.o

.hash           0x0000000048040188      0x320
 *(.hash)
 .hash          0x0000000048040188      0x320 C:\ProgramData\dSPACE\8FB0EFA7-ABB4-4AA6-86AA-BC02D02B0030\Compiler\QNX650_520\target\qnx6/ppcbe/lib/crt1.o

.gnu.hash
 *(.gnu.hash)

.dynsym         0x00000000480404a8      0x650
 *(.dynsym)
 .dynsym        0x00000000480404a8      0x650 C:\ProgramData\dSPACE\8FB0EFA7-ABB4-4AA6-86AA-BC02D02B0030\Compiler\QNX650_520\target\qnx6/ppcbe/lib/crt1.o

.dynstr         0x0000000048040af8      0x816
 *(.dynstr)
 .dynstr        0x0000000048040af8      0x816 C:\ProgramData\dSPACE\8FB0EFA7-ABB4-4AA6-86AA-BC02D02B0030\Compiler\QNX650_520\target\qnx6/ppcbe/lib/crt1.o

.gnu.version    0x000000004804130e        0x0
 *(.gnu.version)
 .gnu.version   0x000000004804130e        0x0 C:\ProgramData\dSPACE\8FB0EFA7-ABB4-4AA6-86AA-BC02D02B0030\Compiler\QNX650_520\target\qnx6/ppcbe/lib/crt1.o

.gnu.version_d  0x0000000048041310        0x0
 *(.gnu.version_d)
 .gnu.version_d
                0x0000000048041310        0x0 C:\ProgramData\dSPACE\8FB0EFA7-ABB4-4AA6-86AA-BC02D02B0030\Compiler\QNX650_520\target\qnx6/ppcbe/lib/crt1.o

.gnu.version_r  0x0000000048041310        0x0
 *(.gnu.version_r)
 .gnu.version_r
                0x0000000048041310        0x0 C:\ProgramData\dSPACE\8FB0EFA7-ABB4-4AA6-86AA-BC02D02B0030\Compiler\QNX650_520\target\qnx6/ppcbe/lib/crt1.o

.rel.dyn
 *(.rel.init)
 *(.rel.text .rel.text.* .rel.gnu.linkonce.t.*)
 *(.rel.fini)
 *(.rel.rodata .rel.rodata.* .rel.gnu.linkonce.r.*)
 *(.rel.data.rel.ro* .rel.gnu.linkonce.d.rel.ro.*)
 *(.rel.data .rel.data.* .rel.gnu.linkonce.d.*)
 *(.rel.tdata .rel.tdata.* .rel.gnu.linkonce.td.*)
 *(.rel.tbss .rel.tbss.* .rel.gnu.linkonce.tb.*)
 *(.rel.ctors)
 *(.rel.dtors)
 *(.rel.got)
 *(.rel.sdata .rel.sdata.* .rel.gnu.linkonce.s.*)
 *(.rel.sbss .rel.sbss.* .rel.gnu.linkonce.sb.*)
 *(.rel.sdata2 .rel.sdata2.* .rel.gnu.linkonce.s2.*)
 *(.rel.sbss2 .rel.sbss2.* .rel.gnu.linkonce.sb2.*)
 *(.rel.bss .rel.bss.* .rel.gnu.linkonce.b.*)

.rela.dyn       0x0000000048041310       0x6c
 *(.rela.init)
 *(.rela.text .rela.text.* .rela.gnu.linkonce.t.*)
 .rela.text     0x0000000048041310        0x0 C:\ProgramData\dSPACE\8FB0EFA7-ABB4-4AA6-86AA-BC02D02B0030\Compiler\QNX650_520\target\qnx6/ppcbe/lib/crt1.o
 *(.rela.fini)
 *(.rela.rodata .rela.rodata.* .rela.gnu.linkonce.r.*)
 .rela.rodata   0x0000000048041310        0x0 C:\ProgramData\dSPACE\8FB0EFA7-ABB4-4AA6-86AA-BC02D02B0030\Compiler\QNX650_520\target\qnx6/ppcbe/lib/crt1.o
 *(.rela.data .rela.data.* .rela.gnu.linkonce.d.*)
 *(.rela.tdata .rela.tdata.* .rela.gnu.linkonce.td.*)
 *(.rela.tbss .rela.tbss.* .rela.gnu.linkonce.tb.*)
 *(.rela.ctors)
 *(.rela.dtors)
 *(.rela.got)
 .rela.got      0x0000000048041310       0x48 C:\ProgramData\dSPACE\8FB0EFA7-ABB4-4AA6-86AA-BC02D02B0030\Compiler\QNX650_520\target\qnx6/ppcbe/lib/crt1.o
 *(.rela.got1)
 *(.rela.got2)
 *(.rela.sdata .rela.sdata.* .rela.gnu.linkonce.s.*)
 *(.rela.sbss .rela.sbss.* .rela.gnu.linkonce.sb.*)
 .rela.sbss     0x0000000048041358        0x0 C:\ProgramData\dSPACE\8FB0EFA7-ABB4-4AA6-86AA-BC02D02B0030\Compiler\QNX650_520\target\qnx6/ppcbe/lib/crt1.o
 *(.rela.sdata2 .rela.sdata2.* .rela.gnu.linkonce.s2.*)
 *(.rela.sbss2 .rela.sbss2.* .rela.gnu.linkonce.sb2.*)
 *(.rela.bss .rela.bss.* .rela.gnu.linkonce.b.*)
 .rela.bss      0x0000000048041358       0x24 C:\ProgramData\dSPACE\8FB0EFA7-ABB4-4AA6-86AA-BC02D02B0030\Compiler\QNX650_520\target\qnx6/ppcbe/lib/crt1.o
 .rela.iplt     0x000000004804137c        0x0 C:\ProgramData\dSPACE\8FB0EFA7-ABB4-4AA6-86AA-BC02D02B0030\Compiler\QNX650_520\target\qnx6/ppcbe/lib/crt1.o

.rel.plt
 *(.rel.plt)

.rela.plt       0x000000004804137c      0x3d8
 *(.rela.plt)
 .rela.plt      0x000000004804137c      0x3d8 C:\ProgramData\dSPACE\8FB0EFA7-ABB4-4AA6-86AA-BC02D02B0030\Compiler\QNX650_520\target\qnx6/ppcbe/lib/crt1.o

.init           0x0000000048041754       0x24
 *(.init)
 .init          0x0000000048041754        0xc C:\ProgramData\dSPACE\8FB0EFA7-ABB4-4AA6-86AA-BC02D02B0030\Compiler\QNX650_520\target\qnx6/ppcbe/lib/crti.o
                0x0000000048041754                _init
 .init          0x0000000048041760        0x4 c:/programdata/dspace/8fb0efa7-abb4-4aa6-86aa-bc02d02b0030/compiler/qnx650_520/host/win32/x86/usr/bin/../lib/gcc/powerpc-unknown-nto-qnx6.5.0/5.2.0/crtbegin.o
 .init          0x0000000048041764        0x4 c:/programdata/dspace/8fb0efa7-abb4-4aa6-86aa-bc02d02b0030/compiler/qnx650_520/host/win32/x86/usr/bin/../lib/gcc/powerpc-unknown-nto-qnx6.5.0/5.2.0/crtend.o
 .init          0x0000000048041768       0x10 C:\ProgramData\dSPACE\8FB0EFA7-ABB4-4AA6-86AA-BC02D02B0030\Compiler\QNX650_520\target\qnx6/ppcbe/lib/crtn.o

.text           0x0000000048041780     0x6abc
                0x0000000048041780                _btext = .
 *(.text .stub .text.* .gnu.linkonce.t.*)
 .text          0x0000000048041780      0x118 C:\ProgramData\dSPACE\8FB0EFA7-ABB4-4AA6-86AA-BC02D02B0030\Compiler\QNX650_520\target\qnx6/ppcbe/lib/crt1.o
                0x0000000048041780                _start
 .text          0x0000000048041898        0x0 C:\ProgramData\dSPACE\8FB0EFA7-ABB4-4AA6-86AA-BC02D02B0030\Compiler\QNX650_520\target\qnx6/ppcbe/lib/crti.o
 .text          0x0000000048041898      0x2b0 c:/programdata/dspace/8fb0efa7-abb4-4aa6-86aa-bc02d02b0030/compiler/qnx650_520/host/win32/x86/usr/bin/../lib/gcc/powerpc-unknown-nto-qnx6.5.0/5.2.0/crtbegin.o
 *fill*         0x0000000048041b48        0x8 00000000
 .text          0x0000000048041b50     0x46d8 sample_model.o07
                0x0000000048041c90                sample_mod_MATLABFunction1_Init
                0x0000000048041ca0                sample_model_MATLABFunction1
                0x0000000048041ea0                sample_mode_Firstorderhold_Init
                0x0000000048041ec0                sample_model_Firstorderhold
                0x0000000048041ef0                sample_model_output
                0x0000000048044bd0                sample_model_derivatives
                0x0000000048044c60                sample_model_update
                0x0000000048045e10                sample_model_initialize
                0x00000000480461f0                sample_model_terminate
 .text          0x0000000048046228        0x0 sample_model_data.o07
 .text          0x0000000048046228      0x234 sample_model_trc_ptr.o07
                0x0000000048046428                sample_model_rti_init_trc_pointers
 *fill*         0x000000004804645c        0x4 00000000
 .text          0x0000000048046460      0x4a4 rti_sim_engine.o07
                0x0000000048046890                rtk_idle_function
                0x00000000480468a0                rti_th_timertask1_trigger_source
                0x00000000480468f0                initConditions
                0x0000000048046900                initVariables
 *fill*         0x0000000048046904        0xc 00000000
 .text.startup  0x0000000048046910      0x8c0 rti_sim_engine.o07
                0x0000000048046910                main
 .text          0x00000000480471d0       0x40 rti_init_c.o07
                0x00000000480471d0                rti_init
 .text          0x0000000048047210       0x44 rt_sim.o07
                0x0000000048047210                rt_SimInitTimingEngine
                0x0000000048047240                rt_SimGetNextSampleHit
                0x0000000048047250                rt_SimUpdateDiscreteTaskSampleHits
 *fill*         0x0000000048047254        0xc 00000000
 .text          0x0000000048047260       0xd4 rti_assert.o07
                0x0000000048047260                rti_assertion_handler
                0x00000000480472f0                rti_assertion_mode_msg
 *fill*         0x0000000048047334        0xc 00000000
 .text          0x0000000048047340      0x158 C:/Users/dionl/Desktop/AME_MASTERS/MATLAB/POST_EXAM_PROJECT/CBC_release-main/slprj/rti1202/_sharedutils/rtwshared.lib(rt_nonfinite.lo07)
                0x0000000048047340                rt_InitInfAndNaN
                0x00000000480473a0                rtIsInf
                0x00000000480473d0                rtIsInfF
                0x0000000048047400                rtIsNaN
                0x0000000048047450                rtIsNaNF
 *fill*         0x0000000048047498        0x8 00000000
 .text          0x00000000480474a0       0xf8 C:/Users/dionl/Desktop/AME_MASTERS/MATLAB/POST_EXAM_PROJECT/CBC_release-main/slprj/rti1202/_sharedutils/rtwshared.lib(rt_zcfcn.lo07)
                0x00000000480474a0                rt_ZCFcn
 *fill*         0x0000000048047598        0x8 00000000
 .text          0x00000000480475a0       0x5c C:/Users/dionl/Desktop/AME_MASTERS/MATLAB/POST_EXAM_PROJECT/CBC_release-main/slprj/rti1202/_sharedutils/rtwshared.lib(rtGetInf.lo07)
                0x00000000480475a0                rtGetInf
                0x00000000480475c0                rtGetInfF
                0x00000000480475d0                rtGetMinusInf
                0x00000000480475f0                rtGetMinusInfF
 *fill*         0x00000000480475fc        0x4 00000000
 .text          0x0000000048047600       0x3c C:/Users/dionl/Desktop/AME_MASTERS/MATLAB/POST_EXAM_PROJECT/CBC_release-main/slprj/rti1202/_sharedutils/rtwshared.lib(rtGetNaN.lo07)
                0x0000000048047600                rtGetNaN
                0x0000000048047630                rtGetNaNF
 *fill*         0x000000004804763c        0x4 00000000
 .text          0x0000000048047640      0x158 ../slprj/rti1202/LMS_Filter/LMS_Filter_rtwlib.lib(LMS_Filter.o07)
                0x0000000048047640                fpw2rh51ok_prot
                0x0000000048047670                ktvp3vh4kc_prot
                0x0000000048047680                LMS_Filter
                0x0000000048047730                o3zl3jtf1m_prot
                0x0000000048047750                g1dlon5am3_prot
 .text          0x0000000048047798        0x0 C:\Program Files\dSPACE RCPHIL 2023-A\DS1202\Lib/librtversion.a(RtVersion.o)
 *fill*         0x0000000048047798        0x8 00000000
 .text          0x00000000480477a0        0x4 C:\Program Files\dSPACE RCPHIL 2023-A\DS1202\Lib/librtglobals.a(DsEESPort.o)
                0x00000000480477a0                DsEesPort_init()
 .text          0x00000000480477a4       0x20 C:\Program Files\dSPACE RCPHIL 2023-A\DS1202\Lib/libm_fastpow.a(w_pow.o)
                0x00000000480477a4                pow
 .text          0x00000000480477c4      0x85c C:\Program Files\dSPACE RCPHIL 2023-A\DS1202\Lib/libm_fastpow.a(e_pow.o)
                0x00000000480477c4                __ieee754_pow
 .text          0x0000000048048020      0x188 C:\Program Files\dSPACE RCPHIL 2023-A\DS1202\Lib/libm_fastpow.a(s_scalbn.o)
                0x0000000048048020                scalbn
 .text          0x00000000480481a8       0x94 c:/programdata/dspace/8fb0efa7-abb4-4aa6-86aa-bc02d02b0030/compiler/qnx650_520/host/win32/x86/usr/bin/../lib/gcc/powerpc-unknown-nto-qnx6.5.0/5.2.0/crtend.o
 .text          0x000000004804823c        0x0 C:\ProgramData\dSPACE\8FB0EFA7-ABB4-4AA6-86AA-BC02D02B0030\Compiler\QNX650_520\target\qnx6/ppcbe/lib/crtn.o
 *(.gnu.warning)
 *(.glink)
 .glink         0x000000004804823c        0x0 C:\ProgramData\dSPACE\8FB0EFA7-ABB4-4AA6-86AA-BC02D02B0030\Compiler\QNX650_520\target\qnx6/ppcbe/lib/crt1.o

.fini           0x000000004804823c       0x20
 *(.fini)
 .fini          0x000000004804823c        0xc C:\ProgramData\dSPACE\8FB0EFA7-ABB4-4AA6-86AA-BC02D02B0030\Compiler\QNX650_520\target\qnx6/ppcbe/lib/crti.o
                0x000000004804823c                _fini
 .fini          0x0000000048048248        0x4 c:/programdata/dspace/8fb0efa7-abb4-4aa6-86aa-bc02d02b0030/compiler/qnx650_520/host/win32/x86/usr/bin/../lib/gcc/powerpc-unknown-nto-qnx6.5.0/5.2.0/crtbegin.o
 .fini          0x000000004804824c       0x10 C:\ProgramData\dSPACE\8FB0EFA7-ABB4-4AA6-86AA-BC02D02B0030\Compiler\QNX650_520\target\qnx6/ppcbe/lib/crtn.o
                [!provide]                        PROVIDE (__etext, .)
                0x000000004804825c                PROVIDE (_etext, .)
                [!provide]                        PROVIDE (etext, .)

.rodata         0x0000000048048260      0x6d0
 *(.rodata .rodata.* .gnu.linkonce.r.*)
 .rodata        0x0000000048048260      0x124 sample_model.o07
                0x0000000048048380                sample_model_M
 .rodata.cst4   0x0000000048048384       0x1c sample_model.o07
 .rodata.cst8   0x00000000480483a0       0x98 sample_model.o07
 .rodata.str1.4
                0x0000000048048438        0x5 sample_model.o07
 *fill*         0x000000004804843d        0x3 
 .rodata        0x0000000048048440        0xc rti_sim_engine.o07
                0x0000000048048440                rtiDataSetStorageEnabled
                0x0000000048048444                p_dsts_sum_of_reset_time
                0x0000000048048448                p_msg_last_error_no
 .rodata.cst4   0x000000004804844c        0x4 rti_sim_engine.o07
                                          0x8 (size before relaxing)
 .rodata.cst8   0x0000000048048450        0x8 rti_sim_engine.o07
 .rodata.str1.4
                0x0000000048048450      0x284 rti_sim_engine.o07
 .rodata.cst4   0x00000000480486d4        0x4 rt_sim.o07
                                          0x8 (size before relaxing)
 .rodata.str1.4
                0x00000000480486d8       0x71 rt_sim.o07
 *fill*         0x0000000048048749        0x3 
 .rodata.str1.4
                0x000000004804874c       0x70 rti_assert.o07
                                         0x6d (size before relaxing)
 .rodata        0x00000000480487bc       0x13 C:/Users/dionl/Desktop/AME_MASTERS/MATLAB/POST_EXAM_PROJECT/CBC_release-main/slprj/rti1202/_sharedutils/rtwshared.lib(rt_zcfcn.lo07)
 .rodata.cst4   0x00000000480487cf        0x4 C:/Users/dionl/Desktop/AME_MASTERS/MATLAB/POST_EXAM_PROJECT/CBC_release-main/slprj/rti1202/_sharedutils/rtwshared.lib(rt_zcfcn.lo07)
 *fill*         0x00000000480487cf        0x1 
 .rodata.cst4   0x00000000480487d0        0x8 C:/Users/dionl/Desktop/AME_MASTERS/MATLAB/POST_EXAM_PROJECT/CBC_release-main/slprj/rti1202/_sharedutils/rtwshared.lib(rtGetInf.lo07)
 .rodata.cst4   0x00000000480487d8        0x4 C:/Users/dionl/Desktop/AME_MASTERS/MATLAB/POST_EXAM_PROJECT/CBC_release-main/slprj/rti1202/_sharedutils/rtwshared.lib(rtGetNaN.lo07)
 .rodata.cst4   0x00000000480487dc        0x4 ../slprj/rti1202/LMS_Filter/LMS_Filter_rtwlib.lib(LMS_Filter.o07)
 *fill*         0x00000000480487dc        0x4 
 .rodata        0x00000000480487e0       0x30 C:\Program Files\dSPACE RCPHIL 2023-A\DS1202\Lib/libm_fastpow.a(e_pow.o)
 .rodata.cst4   0x0000000048048810        0x8 C:\Program Files\dSPACE RCPHIL 2023-A\DS1202\Lib/libm_fastpow.a(e_pow.o)
 .rodata.cst8   0x0000000048048818       0xe8 C:\Program Files\dSPACE RCPHIL 2023-A\DS1202\Lib/libm_fastpow.a(e_pow.o)
 .rodata.cst8   0x0000000048048900       0x30 C:\Program Files\dSPACE RCPHIL 2023-A\DS1202\Lib/libm_fastpow.a(s_scalbn.o)

.rodata1
 *(.rodata1)

.sdata2         0x0000000048048930        0x0
                0x0000000000008000                PROVIDE (_SDA2_BASE_, 0x8000)
 *(.sdata2 .sdata2.* .gnu.linkonce.s2.*)
 .sdata2        0x0000000048048930        0x0 C:\ProgramData\dSPACE\8FB0EFA7-ABB4-4AA6-86AA-BC02D02B0030\Compiler\QNX650_520\target\qnx6/ppcbe/lib/crt1.o

.sbss2
 *(.sbss2 .sbss2.* .gnu.linkonce.sb2.*)

.eh_frame_hdr   0x0000000048048930       0x14
 *(.eh_frame_hdr)
 .eh_frame_hdr  0x0000000048048930       0x14 C:\Program Files\dSPACE RCPHIL 2023-A\DS1202\Lib/librtglobals.a(DsEESPort.o)

.eh_frame       0x0000000048048944       0x2c
 *(.eh_frame)
 .eh_frame      0x0000000048048944        0x0 C:\ProgramData\dSPACE\8FB0EFA7-ABB4-4AA6-86AA-BC02D02B0030\Compiler\QNX650_520\target\qnx6/ppcbe/lib/crt1.o
 .eh_frame      0x0000000048048944        0x0 c:/programdata/dspace/8fb0efa7-abb4-4aa6-86aa-bc02d02b0030/compiler/qnx650_520/host/win32/x86/usr/bin/../lib/gcc/powerpc-unknown-nto-qnx6.5.0/5.2.0/crtbegin.o
 .eh_frame      0x0000000048048944       0x28 C:\Program Files\dSPACE RCPHIL 2023-A\DS1202\Lib/librtglobals.a(DsEESPort.o)
 .eh_frame      0x000000004804896c        0x4 c:/programdata/dspace/8fb0efa7-abb4-4aa6-86aa-bc02d02b0030/compiler/qnx650_520/host/win32/x86/usr/bin/../lib/gcc/powerpc-unknown-nto-qnx6.5.0/5.2.0/crtend.o

.gcc_except_table
 *(.gcc_except_table .gcc_except_table.*)
                0x0000000048048970                . = (ALIGN (0x1000) - ((0x1000 - .) & 0xfff))
                0x0000000048049000                . = DATA_SEGMENT_ALIGN (0x1000, 0x1000)

.eh_frame
 *(.eh_frame)

.gcc_except_table
 *(.gcc_except_table .gcc_except_table.*)

.tdata
 *(.tdata .tdata.* .gnu.linkonce.td.*)

.tbss
 *(.tbss .tbss.* .gnu.linkonce.tb.*)
 *(.tcommon)

.preinit_array  0x0000000048049000        0x0
                0x0000000048049000                PROVIDE (__preinit_array_start, .)
 *(.preinit_array)
                0x0000000048049000                PROVIDE (__preinit_array_end, .)

.init_array     0x0000000048049000        0x0
                0x0000000048049000                PROVIDE (__init_array_start, .)
 *(SORT(.init_array.*))
 *(.init_array)
                0x0000000048049000                PROVIDE (__init_array_end, .)

.fini_array     0x0000000048049000        0x0
                0x0000000048049000                PROVIDE (__fini_array_start, .)
 *(.fini_array)
 *(SORT(.fini_array.*))
                0x0000000048049000                PROVIDE (__fini_array_end, .)

.ctors          0x0000000048049000        0x8
 *crtbegin.o(.ctors)
 .ctors         0x0000000048049000        0x4 c:/programdata/dspace/8fb0efa7-abb4-4aa6-86aa-bc02d02b0030/compiler/qnx650_520/host/win32/x86/usr/bin/../lib/gcc/powerpc-unknown-nto-qnx6.5.0/5.2.0/crtbegin.o
 *crtbegin?.o(.ctors)
 *(EXCLUDE_FILE(*crtend?.o *crtend.o) .ctors)
 *(SORT(.ctors.*))
 *(.ctors)
 .ctors         0x0000000048049004        0x4 c:/programdata/dspace/8fb0efa7-abb4-4aa6-86aa-bc02d02b0030/compiler/qnx650_520/host/win32/x86/usr/bin/../lib/gcc/powerpc-unknown-nto-qnx6.5.0/5.2.0/crtend.o

.dtors          0x0000000048049008        0x8
 *crtbegin.o(.dtors)
 .dtors         0x0000000048049008        0x4 c:/programdata/dspace/8fb0efa7-abb4-4aa6-86aa-bc02d02b0030/compiler/qnx650_520/host/win32/x86/usr/bin/../lib/gcc/powerpc-unknown-nto-qnx6.5.0/5.2.0/crtbegin.o
 *crtbegin?.o(.dtors)
 *(EXCLUDE_FILE(*crtend?.o *crtend.o) .dtors)
 *(SORT(.dtors.*))
 *(.dtors)
 .dtors         0x000000004804900c        0x4 c:/programdata/dspace/8fb0efa7-abb4-4aa6-86aa-bc02d02b0030/compiler/qnx650_520/host/win32/x86/usr/bin/../lib/gcc/powerpc-unknown-nto-qnx6.5.0/5.2.0/crtend.o
                0x000000004804900c                __DTOR_END__

.jcr            0x0000000048049010        0x4
 *(.jcr)
 .jcr           0x0000000048049010        0x0 c:/programdata/dspace/8fb0efa7-abb4-4aa6-86aa-bc02d02b0030/compiler/qnx650_520/host/win32/x86/usr/bin/../lib/gcc/powerpc-unknown-nto-qnx6.5.0/5.2.0/crtbegin.o
 .jcr           0x0000000048049010        0x4 c:/programdata/dspace/8fb0efa7-abb4-4aa6-86aa-bc02d02b0030/compiler/qnx650_520/host/win32/x86/usr/bin/../lib/gcc/powerpc-unknown-nto-qnx6.5.0/5.2.0/crtend.o

.data.rel.ro
 *(.data.rel.ro.local* .gnu.linkonce.d.rel.ro.local.*)
 *(.data.rel.ro* .gnu.linkonce.d.rel.ro.*)

.fixup
 *(.fixup)

.got1
 *(.got1)

.got2
 *(.got2)

.dynamic        0x0000000048049014      0x100
 *(.dynamic)
 .dynamic       0x0000000048049014      0x100 C:\ProgramData\dSPACE\8FB0EFA7-ABB4-4AA6-86AA-BC02D02B0030\Compiler\QNX650_520\target\qnx6/ppcbe/lib/crt1.o
                0x0000000048049014                _DYNAMIC

.got
 *(.got)
                0x0000000048049114                . = DATA_SEGMENT_RELRO_END (., 0x0)

.plt
 *(.plt)

.data           0x0000000048049118      0x5c0
 *(.data .data.* .gnu.linkonce.d.*)
 .data          0x0000000048049118        0x0 C:\ProgramData\dSPACE\8FB0EFA7-ABB4-4AA6-86AA-BC02D02B0030\Compiler\QNX650_520\target\qnx6/ppcbe/lib/crt1.o
 .data          0x0000000048049118        0x0 C:\ProgramData\dSPACE\8FB0EFA7-ABB4-4AA6-86AA-BC02D02B0030\Compiler\QNX650_520\target\qnx6/ppcbe/lib/crti.o
 .data          0x0000000048049118        0x0 c:/programdata/dspace/8fb0efa7-abb4-4aa6-86aa-bc02d02b0030/compiler/qnx650_520/host/win32/x86/usr/bin/../lib/gcc/powerpc-unknown-nto-qnx6.5.0/5.2.0/crtbegin.o
 .data.rel.local
                0x0000000048049118        0x4 c:/programdata/dspace/8fb0efa7-abb4-4aa6-86aa-bc02d02b0030/compiler/qnx650_520/host/win32/x86/usr/bin/../lib/gcc/powerpc-unknown-nto-qnx6.5.0/5.2.0/crtbegin.o
                0x0000000048049118                __dso_handle
 .data          0x000000004804911c        0x0 sample_model.o07
 *fill*         0x000000004804911c        0x4 
 .data          0x0000000048049120      0x598 sample_model_data.o07
                0x0000000048049120                sample_model_P
                0x00000000480496b0                rtP_lms_var_gain
 .data          0x00000000480496b8        0x0 sample_model_trc_ptr.o07
 .data          0x00000000480496b8       0x14 rti_sim_engine.o07
                0x00000000480496b8                simState
                0x00000000480496c8                lastSimState
 .data          0x00000000480496cc        0x0 rti_init_c.o07
 .data          0x00000000480496cc        0x0 rt_sim.o07
 .data          0x00000000480496cc        0x0 rti_assert.o07
 .data          0x00000000480496cc        0x0 C:/Users/dionl/Desktop/AME_MASTERS/MATLAB/POST_EXAM_PROJECT/CBC_release-main/slprj/rti1202/_sharedutils/rtwshared.lib(rt_nonfinite.lo07)
 .data          0x00000000480496cc        0x0 C:/Users/dionl/Desktop/AME_MASTERS/MATLAB/POST_EXAM_PROJECT/CBC_release-main/slprj/rti1202/_sharedutils/rtwshared.lib(rt_zcfcn.lo07)
 .data          0x00000000480496cc        0x0 C:/Users/dionl/Desktop/AME_MASTERS/MATLAB/POST_EXAM_PROJECT/CBC_release-main/slprj/rti1202/_sharedutils/rtwshared.lib(rtGetInf.lo07)
 .data          0x00000000480496cc        0x0 C:/Users/dionl/Desktop/AME_MASTERS/MATLAB/POST_EXAM_PROJECT/CBC_release-main/slprj/rti1202/_sharedutils/rtwshared.lib(rtGetNaN.lo07)
 .data          0x00000000480496cc        0x0 ../slprj/rti1202/LMS_Filter/LMS_Filter_rtwlib.lib(LMS_Filter.o07)
 .data          0x00000000480496cc        0x0 C:\Program Files\dSPACE RCPHIL 2023-A\DS1202\Lib/librtversion.a(RtVersion.o)
 .data          0x00000000480496cc        0x0 C:\Program Files\dSPACE RCPHIL 2023-A\DS1202\Lib/librtglobals.a(DsEESPort.o)
 .data.rel      0x00000000480496cc        0xc C:\Program Files\dSPACE RCPHIL 2023-A\DS1202\Lib/librtglobals.a(DsEESPort.o)
                0x00000000480496cc                p_xilapi_eesport_errorswitching_uint32_T
                0x00000000480496d0                p_xilapi_eesport_erroractivated_uint32_T
                0x00000000480496d4                p_xilapi_eesport_activeerrorset_uint32_T
 .data          0x00000000480496d8        0x0 C:\Program Files\dSPACE RCPHIL 2023-A\DS1202\Lib/libm_fastpow.a(w_pow.o)
 .data          0x00000000480496d8        0x0 C:\Program Files\dSPACE RCPHIL 2023-A\DS1202\Lib/libm_fastpow.a(e_pow.o)
 .data          0x00000000480496d8        0x0 C:\Program Files\dSPACE RCPHIL 2023-A\DS1202\Lib/libm_fastpow.a(s_scalbn.o)
 .data          0x00000000480496d8        0x0 c:/programdata/dspace/8fb0efa7-abb4-4aa6-86aa-bc02d02b0030/compiler/qnx650_520/host/win32/x86/usr/bin/../lib/gcc/powerpc-unknown-nto-qnx6.5.0/5.2.0/crtend.o
 .data          0x00000000480496d8        0x0 C:\ProgramData\dSPACE\8FB0EFA7-ABB4-4AA6-86AA-BC02D02B0030\Compiler\QNX650_520\target\qnx6/ppcbe/lib/crtn.o

.tm_clone_table
                0x00000000480496d8        0x0
 .tm_clone_table
                0x00000000480496d8        0x0 c:/programdata/dspace/8fb0efa7-abb4-4aa6-86aa-bc02d02b0030/compiler/qnx650_520/host/win32/x86/usr/bin/../lib/gcc/powerpc-unknown-nto-qnx6.5.0/5.2.0/crtbegin.o
 .tm_clone_table
                0x00000000480496d8        0x0 c:/programdata/dspace/8fb0efa7-abb4-4aa6-86aa-bc02d02b0030/compiler/qnx650_520/host/win32/x86/usr/bin/../lib/gcc/powerpc-unknown-nto-qnx6.5.0/5.2.0/crtend.o

.data1
 *(.data1)

.got            0x00000000480496d8       0x54
 *(.got)
 .got           0x00000000480496d8       0x54 C:\ProgramData\dSPACE\8FB0EFA7-ABB4-4AA6-86AA-BC02D02B0030\Compiler\QNX650_520\target\qnx6/ppcbe/lib/crt1.o
                0x0000000048049720                _GLOBAL_OFFSET_TABLE_

.sdata          0x000000004804972c        0x0
                0x0000000000008000                PROVIDE (_SDA_BASE_, 0x8000)
 *(.sdata .sdata.* .gnu.linkonce.s.*)
 .sdata         0x000000004804972c        0x0 C:\ProgramData\dSPACE\8FB0EFA7-ABB4-4AA6-86AA-BC02D02B0030\Compiler\QNX650_520\target\qnx6/ppcbe/lib/crt1.o
                0x000000004804972c                _edata = .
                [!provide]                        PROVIDE (edata, .)
                0x000000004804972c                __bss_start = .

.sbss           0x000000004804972c        0x0
                [!provide]                        PROVIDE (__sbss_start, .)
                [!provide]                        PROVIDE (___sbss_start, .)
 *(.dynsbss)
 .dynsbss       0x000000004804972c        0x0 C:\ProgramData\dSPACE\8FB0EFA7-ABB4-4AA6-86AA-BC02D02B0030\Compiler\QNX650_520\target\qnx6/ppcbe/lib/crt1.o
 *(.sbss .sbss.* .gnu.linkonce.sb.*)
 *(.scommon)
                [!provide]                        PROVIDE (__sbss_end, .)
                [!provide]                        PROVIDE (___sbss_end, .)

.plt            0x000000004804972c      0x420
 *(.plt)
 .plt           0x000000004804972c      0x420 C:\ProgramData\dSPACE\8FB0EFA7-ABB4-4AA6-86AA-BC02D02B0030\Compiler\QNX650_520\target\qnx6/ppcbe/lib/crt1.o
                0x0000000048049774                ts_reset
                0x000000004804977c                __register_frame_info
                0x0000000048049784                msg_error_clear
                0x000000004804978c                AdcCl1AnalogIn_read
                0x0000000048049794                dsrtt_set_current_time
                0x000000004804979c                sqrt
                0x00000000480497a4                rtk_current_task_absolute_time_ptr_get
                0x00000000480497ac                DsTimeSync_simstateRun
                0x00000000480497b4                DacCl1AnalogOut_create
                0x00000000480497bc                memcpy
                0x00000000480497c4                rtk_setup_temp_overrun_handling
                0x00000000480497cc                SrtkIntBase_requestTaskMode
                0x00000000480497d4                rtk_reset_tasks
                0x00000000480497dc                __cxa_finalize
                0x00000000480497e4                _init_array
                0x00000000480497ec                rtk_set_task_type
                0x00000000480497f4                DsTimeSync_baserate
                0x00000000480497fc                rtk_task_name_set
                0x0000000048049804                DacCl1AnalogOut_apply
                0x000000004804980c                dsrtt_script_service_post_computation
                0x0000000048049814                rtk_create_task
                0x000000004804981c                msg_warning_printf
                0x0000000048049824                msg_last_error_number
                0x000000004804982c                AdcCl1AnalogIn_setConversTrigger
                0x0000000048049834                dsparam_copy_data_set
                0x000000004804983c                SrtkPreload_preloadRegion
                0x0000000048049844                msg_error_set
                0x000000004804984c                rtk_enable_services
                0x0000000048049854                SrtkDaq_Init
                0x000000004804985c                rtk_task_task_calls_get
                0x0000000048049864                DsTimeSync_setCurrentTimePtr
                0x000000004804986c                SrtkIntBase_enableIntGlobal
                0x0000000048049874                DacCl1AnalogOut_write
                0x000000004804987c                AdcCl1AnalogIn_setConversionMode
                0x0000000048049884                rtk_overrun_flag_clear
                0x000000004804988c                rtk_bind_interrupt
                0x0000000048049894                DacCl1AnalogOut_stop
                0x000000004804989c                AdcCl1AnalogIn_apply
                0x00000000480498a4                _init_libc
                0x00000000480498ac                dsrtt_init
                0x00000000480498b4                AdcCl1AnalogIn_write
                0x00000000480498bc                SrtkApp_terminate
                0x00000000480498c4                AdcCl1AnalogIn_isDataReady
                0x00000000480498cc                msg_info_set
                0x00000000480498d4                SensorSupply_create
                0x00000000480498dc                dsrtt_script_service_pre_computation
                0x00000000480498e4                DacCl1AnalogOut_start
                0x00000000480498ec                msg_error_printf
                0x00000000480498f4                memset
                0x00000000480498fc                _Sin
                0x0000000048049904                rtk_leave_idle_mode
                0x000000004804990c                __wrap_exit
                0x0000000048049914                __wrap_atexit
                0x000000004804991c                DacCl1AnalogOut_setOutputValue
                0x0000000048049924                AdcCl1AnalogIn_start
                0x000000004804992c                _fini_array
                0x0000000048049934                SensorSupply_setVoltage
                0x000000004804993c                SrtkDaq_Background
                0x0000000048049944                _preinit_array
                0x000000004804994c                SrtkApp_init
                0x0000000048049954                SrtkDaq_Service
                0x000000004804995c                rtk_task_task_name_get
                0x0000000048049964                AdcCl1AnalogIn_setConversSwTrigger
                0x000000004804996c                SrtkSim_notifyStateTransition
                0x0000000048049974                AdcCl1AnalogIn_getSingleValue
                0x000000004804997c                msg_set
                0x0000000048049984                SensorSupply_apply
                0x000000004804998c                rtk_get_subentry
                0x0000000048049994                dsrtt_set_step_size
                0x000000004804999c                rtk_enter_idle_mode
                0x00000000480499a4                rtk_initialize
                0x00000000480499ac                DacCl1AnalogOut_setOutputHighZ
                0x00000000480499b4                SensorSupply_setSensorState
                0x00000000480499bc                SensorSupply_start
                0x00000000480499c4                SrtkApp_background
                0x00000000480499cc                rtk_default_overrun_fcn
                0x00000000480499d4                AdcCl1AnalogIn_create
                0x00000000480499dc                vcm_module_register
                0x00000000480499e4                DsTimeSync_simstateStop
                0x00000000480499ec                SrtkIntBase_disableIntGlobal
                0x00000000480499f4                SrtkSim_registerState
                0x00000000480499fc                __deregister_frame_info

.bss            0x0000000048049b50     0x3fb4
 *(.dynbss)
 .dynbss        0x0000000048049b50       0x14 C:\ProgramData\dSPACE\8FB0EFA7-ABB4-4AA6-86AA-BC02D02B0030\Compiler\QNX650_520\target\qnx6/ppcbe/lib/crt1.o
                0x0000000048049b50                errno
                0x0000000048049b58                dsts_sum_of_reseted_time
                0x0000000048049b60                msg_last_error_no
 *(.bss .bss.* .gnu.linkonce.b.*)
 .bss           0x0000000048049b64        0x0 C:\ProgramData\dSPACE\8FB0EFA7-ABB4-4AA6-86AA-BC02D02B0030\Compiler\QNX650_520\target\qnx6/ppcbe/lib/crt1.o
 .bss           0x0000000048049b64        0x0 C:\ProgramData\dSPACE\8FB0EFA7-ABB4-4AA6-86AA-BC02D02B0030\Compiler\QNX650_520\target\qnx6/ppcbe/lib/crti.o
 .bss           0x0000000048049b64       0x20 c:/programdata/dspace/8fb0efa7-abb4-4aa6-86aa-bc02d02b0030/compiler/qnx650_520/host/win32/x86/usr/bin/../lib/gcc/powerpc-unknown-nto-qnx6.5.0/5.2.0/crtbegin.o
 *fill*         0x0000000048049b84        0x4 
 .bss           0x0000000048049b88     0x3e60 sample_model.o07
                0x000000004804a020                sample_model_X
                0x000000004804a090                sample_model_B
                0x000000004804cd68                sample_model_DW
                0x000000004804d958                sample_model_PrevZCX
                0x000000004804d960                sample_model_Y
 .bss           0x000000004804d9e8        0x0 sample_model_data.o07
 .bss           0x000000004804d9e8       0x78 sample_model_trc_ptr.o07
                0x000000004804d9e8                p_0_sample_model_real_T_0
                0x000000004804d9ec                p_0_sample_model_uint8_T_1
                0x000000004804d9f0                p_0_sample_model_boolean_T_2
                0x000000004804d9f4                p_0_sample_model_real_T_3
                0x000000004804d9f8                p_0_sample_model_real_T_4
                0x000000004804d9fc                p_0_sample_model_real_T_5
                0x000000004804da00                p_0_sample_model_real_T_6
                0x000000004804da04                p_0_sample_model_real_T_7
                0x000000004804da08                p_0_sample_model_real_T_8
                0x000000004804da0c                p_0_sample_model_real_T_9
                0x000000004804da10                p_0_sample_model_real_T_10
                0x000000004804da14                p_0_sample_model_real_T_11
                0x000000004804da18                p_1_sample_model_uint8_T_0
                0x000000004804da1c                p_1_sample_model_real_T_1
                0x000000004804da20                p_1_sample_model_real_T_2
                0x000000004804da24                p_1_sample_model_real_T_3
                0x000000004804da28                p_1_sample_model_real_T_4
                0x000000004804da2c                p_1_sample_model_real_T_5
                0x000000004804da30                p_1_sample_model_real_T_6
                0x000000004804da34                p_1_sample_model_real_T_7
                0x000000004804da38                p_2_sample_model_real_T_0
                0x000000004804da3c                p_2_sample_model_uint8_T_1
                0x000000004804da40                p_2_sample_model_boolean_T_2
                0x000000004804da44                p_2_sample_model_real_T_4
                0x000000004804da48                p_2_sample_model_boolean_T_5
                0x000000004804da4c                p_2_sample_model_real_T_6
                0x000000004804da50                p_2_sample_model_boolean_T_7
                0x000000004804da54                p_2_sample_model_real_T_8
                0x000000004804da58                p_2_sample_model_boolean_T_9
                0x000000004804da5c                p_3_sample_model_real_T_0
 .bss           0x000000004804da60       0x50 rti_sim_engine.o07
                0x000000004804da60                currentTime
                0x000000004804da64                finalTime
                0x000000004804da68                modelStepSize
                0x000000004804da70                pRTIDacC1AnalogOut_Ch_1
                0x000000004804da74                pRTIAdcC1AnalogIn_Ch_3
                0x000000004804da78                pRTIAdcC1AnalogIn_Ch_2
                0x000000004804da7c                pRTIAdcC1AnalogIn_Ch_1
                0x000000004804da80                taskMode
                0x000000004804da84                pRTI_Sensor_Supply
                0x000000004804da88                pRti_TIMERA_STime
                0x000000004804da8c                pRti_TIMERA_TTime
                0x000000004804da90                pRti_TIMERA_TState
                0x000000004804da94                pRti_TIMERA_OType
                0x000000004804da98                pRti_TIMERA_OMax
                0x000000004804da9c                pRti_TIMERA_ORpt
                0x000000004804daa0                pRti_TIMERA_OCnt
                0x000000004804daa4                pRti_TIMERA_TCnt
                0x000000004804daa8                pRti_TIMERA_Prio
                0x000000004804daac                rtiAssertionMode
 .bss           0x000000004804dab0        0x4 rti_init_c.o07
 .bss           0x000000004804dab4        0x0 rt_sim.o07
 .bss           0x000000004804dab4        0x0 rti_assert.o07
 *fill*         0x000000004804dab4        0x4 
 .bss           0x000000004804dab8       0x2c C:/Users/dionl/Desktop/AME_MASTERS/MATLAB/POST_EXAM_PROJECT/CBC_release-main/slprj/rti1202/_sharedutils/rtwshared.lib(rt_nonfinite.lo07)
                0x000000004804dab8                rtNaN
                0x000000004804dac0                rtNaNF
                0x000000004804dac8                rtInf
                0x000000004804dad0                rtInfF
                0x000000004804dad8                rtMinusInf
                0x000000004804dae0                rtMinusInfF
 .bss           0x000000004804dae4        0x0 C:/Users/dionl/Desktop/AME_MASTERS/MATLAB/POST_EXAM_PROJECT/CBC_release-main/slprj/rti1202/_sharedutils/rtwshared.lib(rt_zcfcn.lo07)
 .bss           0x000000004804dae4        0x0 C:/Users/dionl/Desktop/AME_MASTERS/MATLAB/POST_EXAM_PROJECT/CBC_release-main/slprj/rti1202/_sharedutils/rtwshared.lib(rtGetInf.lo07)
 .bss           0x000000004804dae4        0x0 C:/Users/dionl/Desktop/AME_MASTERS/MATLAB/POST_EXAM_PROJECT/CBC_release-main/slprj/rti1202/_sharedutils/rtwshared.lib(rtGetNaN.lo07)
 *fill*         0x000000004804dae4        0x4 
 .bss           0x000000004804dae8        0x8 ../slprj/rti1202/LMS_Filter/LMS_Filter_rtwlib.lib(LMS_Filter.o07)
                0x000000004804dae8                lszzu35gke_prot
 .bss           0x000000004804daf0        0x0 C:\Program Files\dSPACE RCPHIL 2023-A\DS1202\Lib/librtversion.a(RtVersion.o)
 .bss           0x000000004804daf0       0x14 C:\Program Files\dSPACE RCPHIL 2023-A\DS1202\Lib/librtglobals.a(DsEESPort.o)
                0x000000004804daf0                xilapi_eesport_trigger_uint32_T
                0x000000004804daf4                xilapi_eesport_flags_uint32_T
                0x000000004804daf8                xilapi_eesport_errorswitching_uint32_T
                0x000000004804dafc                xilapi_eesport_erroractivated_uint32_T
                0x000000004804db00                xilapi_eesport_activeerrorset_uint32_T
 .bss           0x000000004804db04        0x0 C:\Program Files\dSPACE RCPHIL 2023-A\DS1202\Lib/libm_fastpow.a(w_pow.o)
 .bss           0x000000004804db04        0x0 C:\Program Files\dSPACE RCPHIL 2023-A\DS1202\Lib/libm_fastpow.a(e_pow.o)
 .bss           0x000000004804db04        0x0 C:\Program Files\dSPACE RCPHIL 2023-A\DS1202\Lib/libm_fastpow.a(s_scalbn.o)
 .bss           0x000000004804db04        0x0 c:/programdata/dspace/8fb0efa7-abb4-4aa6-86aa-bc02d02b0030/compiler/qnx650_520/host/win32/x86/usr/bin/../lib/gcc/powerpc-unknown-nto-qnx6.5.0/5.2.0/crtend.o
 .bss           0x000000004804db04        0x0 C:\ProgramData\dSPACE\8FB0EFA7-ABB4-4AA6-86AA-BC02D02B0030\Compiler\QNX650_520\target\qnx6/ppcbe/lib/crtn.o
 *(COMMON)
                0x000000004804db04                . = ALIGN ((. != 0x0)?0x4:0x1)

.iplt           0x000000004804db10        0x0
 .iplt          0x000000004804db10        0x0 C:\ProgramData\dSPACE\8FB0EFA7-ABB4-4AA6-86AA-BC02D02B0030\Compiler\QNX650_520\target\qnx6/ppcbe/lib/crt1.o
                0x000000004804db10                . = ALIGN (0x4)
                0x000000004804db10                . = ALIGN (0x4)
                0x000000004804db10                __end = .
                0x000000004804db10                _end = .
                [!provide]                        PROVIDE (end, .)
                0x000000004804db10                . = DATA_SEGMENT_END (.)

.stab
 *(.stab)

.stabstr
 *(.stabstr)

.stab.excl
 *(.stab.excl)

.stab.exclstr
 *(.stab.exclstr)

.stab.index
 *(.stab.index)

.stab.indexstr
 *(.stab.indexstr)

.comment        0x0000000000000000       0x47
 *(.comment)
 .comment       0x0000000000000000       0x11 c:/programdata/dspace/8fb0efa7-abb4-4aa6-86aa-bc02d02b0030/compiler/qnx650_520/host/win32/x86/usr/bin/../lib/gcc/powerpc-unknown-nto-qnx6.5.0/5.2.0/crtbegin.o
                                         0x12 (size before relaxing)
 .comment       0x0000000000000011       0x12 sample_model.o07
 .comment       0x0000000000000011       0x12 sample_model_data.o07
 .comment       0x0000000000000011       0x12 sample_model_trc_ptr.o07
 .comment       0x0000000000000011       0x12 rti_sim_engine.o07
 .comment       0x0000000000000011       0x12 rti_init_c.o07
 .comment       0x0000000000000011       0x12 rt_sim.o07
 .comment       0x0000000000000011       0x12 rti_assert.o07
 .comment       0x0000000000000011       0x12 C:/Users/dionl/Desktop/AME_MASTERS/MATLAB/POST_EXAM_PROJECT/CBC_release-main/slprj/rti1202/_sharedutils/rtwshared.lib(rt_nonfinite.lo07)
 .comment       0x0000000000000011       0x12 C:/Users/dionl/Desktop/AME_MASTERS/MATLAB/POST_EXAM_PROJECT/CBC_release-main/slprj/rti1202/_sharedutils/rtwshared.lib(rt_zcfcn.lo07)
 .comment       0x0000000000000011       0x12 C:/Users/dionl/Desktop/AME_MASTERS/MATLAB/POST_EXAM_PROJECT/CBC_release-main/slprj/rti1202/_sharedutils/rtwshared.lib(rtGetInf.lo07)
 .comment       0x0000000000000011       0x12 C:/Users/dionl/Desktop/AME_MASTERS/MATLAB/POST_EXAM_PROJECT/CBC_release-main/slprj/rti1202/_sharedutils/rtwshared.lib(rtGetNaN.lo07)
 .comment       0x0000000000000011       0x12 ../slprj/rti1202/LMS_Filter/LMS_Filter_rtwlib.lib(LMS_Filter.o07)
 .comment       0x0000000000000011       0x12 C:\Program Files\dSPACE RCPHIL 2023-A\DS1202\Lib/librtversion.a(RtVersion.o)
 .comment       0x0000000000000011       0x12 C:\Program Files\dSPACE RCPHIL 2023-A\DS1202\Lib/librtglobals.a(DsEESPort.o)
 .comment       0x0000000000000011       0x12 C:\Program Files\dSPACE RCPHIL 2023-A\DS1202\Lib/libm_fastpow.a(w_pow.o)
 .comment       0x0000000000000023       0x12 C:\Program Files\dSPACE RCPHIL 2023-A\DS1202\Lib/libm_fastpow.a(e_pow.o)
 .comment       0x0000000000000035       0x12 C:\Program Files\dSPACE RCPHIL 2023-A\DS1202\Lib/libm_fastpow.a(s_scalbn.o)
 .comment       0x0000000000000047       0x12 c:/programdata/dspace/8fb0efa7-abb4-4aa6-86aa-bc02d02b0030/compiler/qnx650_520/host/win32/x86/usr/bin/../lib/gcc/powerpc-unknown-nto-qnx6.5.0/5.2.0/crtend.o

.PPC.EMB.apuinfo
                0x0000000000000000       0x18
 .PPC.EMB.apuinfo
                0x0000000000000000       0x18 rti_sim_engine.o07
 .PPC.EMB.apuinfo
                0x0000000000000018       0x18 C:/Users/dionl/Desktop/AME_MASTERS/MATLAB/POST_EXAM_PROJECT/CBC_release-main/slprj/rti1202/_sharedutils/rtwshared.lib(rt_nonfinite.lo07)
 .PPC.EMB.apuinfo
                0x0000000000000030       0x18 C:/Users/dionl/Desktop/AME_MASTERS/MATLAB/POST_EXAM_PROJECT/CBC_release-main/slprj/rti1202/_sharedutils/rtwshared.lib(rt_zcfcn.lo07)

.debug
 *(.debug)

.line
 *(.line)

.debug_srcinfo
 *(.debug_srcinfo)

.debug_sfnames
 *(.debug_sfnames)

.debug_aranges
 *(.debug_aranges)

.debug_pubnames
 *(.debug_pubnames)

.debug_info
 *(.debug_info .gnu.linkonce.wi.*)

.debug_abbrev
 *(.debug_abbrev)

.debug_line
 *(.debug_line)

.debug_frame
 *(.debug_frame)

.debug_str
 *(.debug_str)

.debug_loc
 *(.debug_loc)

.debug_macinfo
 *(.debug_macinfo)

.debug_weaknames
 *(.debug_weaknames)

.debug_funcnames
 *(.debug_funcnames)

.debug_typenames
 *(.debug_typenames)

.debug_varnames
 *(.debug_varnames)

.debug_pubtypes
 *(.debug_pubtypes)

.debug_ranges
 *(.debug_ranges)

.gnu.attributes
                0x0000000000000000       0x14
 *(.gnu.attributes)
 .gnu.attributes
                0x0000000000000000       0x10 sample_model.o07
 .gnu.attributes
                0x0000000000000010       0x10 rti_sim_engine.o07
 .gnu.attributes
                0x0000000000000020       0x10 rt_sim.o07
 .gnu.attributes
                0x0000000000000030       0x10 rti_assert.o07
 .gnu.attributes
                0x0000000000000040       0x10 C:/Users/dionl/Desktop/AME_MASTERS/MATLAB/POST_EXAM_PROJECT/CBC_release-main/slprj/rti1202/_sharedutils/rtwshared.lib(rt_nonfinite.lo07)
 .gnu.attributes
                0x0000000000000050       0x10 C:/Users/dionl/Desktop/AME_MASTERS/MATLAB/POST_EXAM_PROJECT/CBC_release-main/slprj/rti1202/_sharedutils/rtwshared.lib(rt_zcfcn.lo07)
 .gnu.attributes
                0x0000000000000060       0x10 C:/Users/dionl/Desktop/AME_MASTERS/MATLAB/POST_EXAM_PROJECT/CBC_release-main/slprj/rti1202/_sharedutils/rtwshared.lib(rtGetInf.lo07)
 .gnu.attributes
                0x0000000000000070       0x10 C:/Users/dionl/Desktop/AME_MASTERS/MATLAB/POST_EXAM_PROJECT/CBC_release-main/slprj/rti1202/_sharedutils/rtwshared.lib(rtGetNaN.lo07)
 .gnu.attributes
                0x0000000000000080       0x14 C:\Program Files\dSPACE RCPHIL 2023-A\DS1202\Lib/libm_fastpow.a(w_pow.o)
 .gnu.attributes
                0x0000000000000094       0x14 C:\Program Files\dSPACE RCPHIL 2023-A\DS1202\Lib/libm_fastpow.a(e_pow.o)
 .gnu.attributes
                0x00000000000000a8       0x14 C:\Program Files\dSPACE RCPHIL 2023-A\DS1202\Lib/libm_fastpow.a(s_scalbn.o)

/DISCARD/
 *(.note.GNU-stack)
 *(.gnu_debuglink)
OUTPUT(sample_model.ppc elf32-powerpc)
