<*GNU-Linker-generated-mapfile*> 
Archive member included to satisfy reference by file (symbol)

C:/Users/dionl/Desktop/AME_MASTERS/MATLAB/POST_EXAM_PROJECT/CBC_release-main/testing/single_frequency_test/slprj/rti1202/_sharedutils/rtwshared.lib(rt_zcfcn.lo07)
                              sample_model.o07 (rt_ZCFcn)
../slprj/rti1202/dpsace_output/dpsace_output_rtwlib.lib(dpsace_output.o07)
                              sample_model.o07 (aohnzxtmzt_prot)
../slprj/rti1202/reset_logic/reset_logic_rtwlib.lib(reset_logic.o07)
                              sample_model.o07 (lsiz4ook05_prot)
C:\Program Files\dSPACE RCPHIL 2023-A\DS1202\Lib/librtversion.a(RtVersion.o)
                              (--whole-archive)
C:\Program Files\dSPACE RCPHIL 2023-A\DS1202\Lib/librtglobals.a(DsEESPort.o)
                              (--whole-archive)
C:\Program Files\dSPACE RCPHIL 2023-A\DS1202\Lib/libm_fastpow.a(w_pow.o)
                              C:\Program Files\dSPACE RCPHIL 2023-A\DS1202\Lib/librt1202.so (pow)
C:\Program Files\dSPACE RCPHIL 2023-A\DS1202\Lib/libm_fastpow.a(e_pow.o)
                              C:\Program Files\dSPACE RCPHIL 2023-A\DS1202\Lib/libm_fastpow.a(w_pow.o) (__ieee754_pow)
C:\Program Files\dSPACE RCPHIL 2023-A\DS1202\Lib/libm_fastpow.a(s_scalbn.o)
                              C:\Program Files\dSPACE RCPHIL 2023-A\DS1202\Lib/libm_fastpow.a(e_pow.o) (scalbn)

As-needed library included to satisfy reference by file (symbol)

libDsRealTimeTestingRP.so.1   rti_sim_engine.o07 (dsrtt_script_service_pre_computation)

Memory Configuration

Name             Origin             Length             Attributes
*default*        0x0000000000000000 0xffffffffffffffff

Linker script and memory map

LOAD C:\ProgramData\dSPACE\8FB0EFA7-ABB4-4AA6-86AA-BC02D02B0030\Compiler\QNX650_520\target\qnx6/ppcbe/lib/crt1.o
LOAD C:\ProgramData\dSPACE\8FB0EFA7-ABB4-4AA6-86AA-BC02D02B0030\Compiler\QNX650_520\target\qnx6/ppcbe/lib/crti.o
LOAD c:/programdata/dspace/8fb0efa7-abb4-4aa6-86aa-bc02d02b0030/compiler/qnx650_520/host/win32/x86/usr/bin/../lib/gcc/powerpc-unknown-nto-qnx6.5.0/5.2.0/crtbegin.o
                0x0000000000000000                _DSPACE_START = 0x0
                0x0000000000000000                _DSPACE_START_ = 0x0
                0x00000000000004b2                DS_TARGET_PLATFORM = 0x4b2
START GROUP
LOAD sample_model.o07
LOAD sample_model_data.o07
LOAD sample_model_trc_ptr.o07
LOAD rti_sim_engine.o07
LOAD rti_init_c.o07
LOAD rt_sim.o07
LOAD rti_assert.o07
LOAD C:/Users/dionl/Desktop/AME_MASTERS/MATLAB/POST_EXAM_PROJECT/CBC_release-main/testing/single_frequency_test/slprj/rti1202/_sharedutils/rtwshared.lib
LOAD ../slprj/rti1202/_sharedutils/rtwshared.lib
LOAD ../slprj/rti1202/dpsace_output/dpsace_output_rtwlib.lib
LOAD ../slprj/rti1202/reset_logic/reset_logic_rtwlib.lib
LOAD C:\Program Files\dSPACE RCPHIL 2023-A\DS1202\Lib/librtcan.so
LOAD C:\Program Files\dSPACE RCPHIL 2023-A\DS1202\Lib/librtj1939.so
LOAD C:\Program Files\dSPACE RCPHIL 2023-A\DS1202\Lib/librtser.so
LOAD C:\Program Files\dSPACE RCPHIL 2023-A\DS1202\Lib/librt13xxio.so
LOAD C:\Program Files\dSPACE RCPHIL 2023-A\DS1202\Lib/librt1202.so
LOAD C:\Program Files\dSPACE RCPHIL 2023-A\DS1202\Lib/librtwrap.so
LOAD C:\Program Files\dSPACE RCPHIL 2023-A\DS1202\Lib/librtversion.a
LOAD C:\Program Files\dSPACE RCPHIL 2023-A\DS1202\Lib/librtglobals.a
LOAD C:\Program Files\dSPACE RCPHIL 2023-A\DS1202\Lib/libm_fastpow.a
END GROUP
LOAD C:\Program Files\dSPACE RCPHIL 2023-A\DS1202\Lib/libstdc++.so
LOAD C:\ProgramData\dSPACE\8FB0EFA7-ABB4-4AA6-86AA-BC02D02B0030\Compiler\QNX650_520\target\qnx6/ppcbe/lib/libm.so
LOAD c:/programdata/dspace/8fb0efa7-abb4-4aa6-86aa-bc02d02b0030/compiler/qnx650_520/host/win32/x86/usr/bin/../lib/gcc/powerpc-unknown-nto-qnx6.5.0/5.2.0\libgcc.a
LOAD C:\ProgramData\dSPACE\8FB0EFA7-ABB4-4AA6-86AA-BC02D02B0030\Compiler\QNX650_520\target\qnx6/ppcbe/lib/libc.so
LOAD C:\ProgramData\dSPACE\8FB0EFA7-ABB4-4AA6-86AA-BC02D02B0030\Compiler\QNX650_520\target\qnx6/ppcbe/lib\libc.a
LOAD c:/programdata/dspace/8fb0efa7-abb4-4aa6-86aa-bc02d02b0030/compiler/qnx650_520/host/win32/x86/usr/bin/../lib/gcc/powerpc-unknown-nto-qnx6.5.0/5.2.0\libgcc.a
LOAD c:/programdata/dspace/8fb0efa7-abb4-4aa6-86aa-bc02d02b0030/compiler/qnx650_520/host/win32/x86/usr/bin/../lib/gcc/powerpc-unknown-nto-qnx6.5.0/5.2.0/crtend.o
LOAD C:\ProgramData\dSPACE\8FB0EFA7-ABB4-4AA6-86AA-BC02D02B0030\Compiler\QNX650_520\target\qnx6/ppcbe/lib/crtn.o
                [!provide]                        PROVIDE (__stack, 0x0)
                [!provide]                        PROVIDE (___stack, 0x0)
                [!provide]                        PROVIDE (__executable_start, 0x48040000)
                0x0000000048040134                . = (0x48040000 + SIZEOF_HEADERS)

.interp         0x0000000048040134       0x14
 *(.interp)
 .interp        0x0000000048040134       0x14 C:\ProgramData\dSPACE\8FB0EFA7-ABB4-4AA6-86AA-BC02D02B0030\Compiler\QNX650_520\target\qnx6/ppcbe/lib/crt1.o

.note           0x0000000048040150       0x18
 .note          0x0000000048040150       0x18 C:\ProgramData\dSPACE\8FB0EFA7-ABB4-4AA6-86AA-BC02D02B0030\Compiler\QNX650_520\target\qnx6/ppcbe/lib/crtn.o

.note.gnu.build-id
                0x0000000048040168       0x20
 *(.note.gnu.build-id)
 .note.gnu.build-id
                0x0000000048040168       0x20 C:\ProgramData\dSPACE\8FB0EFA7-ABB4-4AA6-86AA-BC02D02B0030\Compiler\QNX650_520\target\qnx6/ppcbe/lib/crt1.o

.hash           0x0000000048040188      0x31c
 *(.hash)
 .hash          0x0000000048040188      0x31c C:\ProgramData\dSPACE\8FB0EFA7-ABB4-4AA6-86AA-BC02D02B0030\Compiler\QNX650_520\target\qnx6/ppcbe/lib/crt1.o

.gnu.hash
 *(.gnu.hash)

.dynsym         0x00000000480404a4      0x640
 *(.dynsym)
 .dynsym        0x00000000480404a4      0x640 C:\ProgramData\dSPACE\8FB0EFA7-ABB4-4AA6-86AA-BC02D02B0030\Compiler\QNX650_520\target\qnx6/ppcbe/lib/crt1.o

.dynstr         0x0000000048040ae4      0x80f
 *(.dynstr)
 .dynstr        0x0000000048040ae4      0x80f C:\ProgramData\dSPACE\8FB0EFA7-ABB4-4AA6-86AA-BC02D02B0030\Compiler\QNX650_520\target\qnx6/ppcbe/lib/crt1.o

.gnu.version    0x00000000480412f4        0x0
 *(.gnu.version)
 .gnu.version   0x00000000480412f4        0x0 C:\ProgramData\dSPACE\8FB0EFA7-ABB4-4AA6-86AA-BC02D02B0030\Compiler\QNX650_520\target\qnx6/ppcbe/lib/crt1.o

.gnu.version_d  0x00000000480412f4        0x0
 *(.gnu.version_d)
 .gnu.version_d
                0x00000000480412f4        0x0 C:\ProgramData\dSPACE\8FB0EFA7-ABB4-4AA6-86AA-BC02D02B0030\Compiler\QNX650_520\target\qnx6/ppcbe/lib/crt1.o

.gnu.version_r  0x00000000480412f4        0x0
 *(.gnu.version_r)
 .gnu.version_r
                0x00000000480412f4        0x0 C:\ProgramData\dSPACE\8FB0EFA7-ABB4-4AA6-86AA-BC02D02B0030\Compiler\QNX650_520\target\qnx6/ppcbe/lib/crt1.o

.rel.dyn
 *(.rel.init)
 *(.rel.text .rel.text.* .rel.gnu.linkonce.t.*)
 *(.rel.fini)
 *(.rel.rodata .rel.rodata.* .rel.gnu.linkonce.r.*)
 *(.rel.data.rel.ro* .rel.gnu.linkonce.d.rel.ro.*)
 *(.rel.data .rel.data.* .rel.gnu.linkonce.d.*)
 *(.rel.tdata .rel.tdata.* .rel.gnu.linkonce.td.*)
 *(.rel.tbss .rel.tbss.* .rel.gnu.linkonce.tb.*)
 *(.rel.ctors)
 *(.rel.dtors)
 *(.rel.got)
 *(.rel.sdata .rel.sdata.* .rel.gnu.linkonce.s.*)
 *(.rel.sbss .rel.sbss.* .rel.gnu.linkonce.sb.*)
 *(.rel.sdata2 .rel.sdata2.* .rel.gnu.linkonce.s2.*)
 *(.rel.sbss2 .rel.sbss2.* .rel.gnu.linkonce.sb2.*)
 *(.rel.bss .rel.bss.* .rel.gnu.linkonce.b.*)

.rela.dyn       0x00000000480412f4       0x6c
 *(.rela.init)
 *(.rela.text .rela.text.* .rela.gnu.linkonce.t.*)
 .rela.text     0x00000000480412f4        0x0 C:\ProgramData\dSPACE\8FB0EFA7-ABB4-4AA6-86AA-BC02D02B0030\Compiler\QNX650_520\target\qnx6/ppcbe/lib/crt1.o
 *(.rela.fini)
 *(.rela.rodata .rela.rodata.* .rela.gnu.linkonce.r.*)
 .rela.rodata   0x00000000480412f4        0x0 C:\ProgramData\dSPACE\8FB0EFA7-ABB4-4AA6-86AA-BC02D02B0030\Compiler\QNX650_520\target\qnx6/ppcbe/lib/crt1.o
 *(.rela.data .rela.data.* .rela.gnu.linkonce.d.*)
 *(.rela.tdata .rela.tdata.* .rela.gnu.linkonce.td.*)
 *(.rela.tbss .rela.tbss.* .rela.gnu.linkonce.tb.*)
 *(.rela.ctors)
 *(.rela.dtors)
 *(.rela.got)
 .rela.got      0x00000000480412f4       0x48 C:\ProgramData\dSPACE\8FB0EFA7-ABB4-4AA6-86AA-BC02D02B0030\Compiler\QNX650_520\target\qnx6/ppcbe/lib/crt1.o
 *(.rela.got1)
 *(.rela.got2)
 *(.rela.sdata .rela.sdata.* .rela.gnu.linkonce.s.*)
 *(.rela.sbss .rela.sbss.* .rela.gnu.linkonce.sb.*)
 .rela.sbss     0x000000004804133c        0x0 C:\ProgramData\dSPACE\8FB0EFA7-ABB4-4AA6-86AA-BC02D02B0030\Compiler\QNX650_520\target\qnx6/ppcbe/lib/crt1.o
 *(.rela.sdata2 .rela.sdata2.* .rela.gnu.linkonce.s2.*)
 *(.rela.sbss2 .rela.sbss2.* .rela.gnu.linkonce.sb2.*)
 *(.rela.bss .rela.bss.* .rela.gnu.linkonce.b.*)
 .rela.bss      0x000000004804133c       0x24 C:\ProgramData\dSPACE\8FB0EFA7-ABB4-4AA6-86AA-BC02D02B0030\Compiler\QNX650_520\target\qnx6/ppcbe/lib/crt1.o
 .rela.iplt     0x0000000048041360        0x0 C:\ProgramData\dSPACE\8FB0EFA7-ABB4-4AA6-86AA-BC02D02B0030\Compiler\QNX650_520\target\qnx6/ppcbe/lib/crt1.o

.rel.plt
 *(.rel.plt)

.rela.plt       0x0000000048041360      0x3cc
 *(.rela.plt)
 .rela.plt      0x0000000048041360      0x3cc C:\ProgramData\dSPACE\8FB0EFA7-ABB4-4AA6-86AA-BC02D02B0030\Compiler\QNX650_520\target\qnx6/ppcbe/lib/crt1.o

.init           0x000000004804172c       0x24
 *(.init)
 .init          0x000000004804172c        0xc C:\ProgramData\dSPACE\8FB0EFA7-ABB4-4AA6-86AA-BC02D02B0030\Compiler\QNX650_520\target\qnx6/ppcbe/lib/crti.o
                0x000000004804172c                _init
 .init          0x0000000048041738        0x4 c:/programdata/dspace/8fb0efa7-abb4-4aa6-86aa-bc02d02b0030/compiler/qnx650_520/host/win32/x86/usr/bin/../lib/gcc/powerpc-unknown-nto-qnx6.5.0/5.2.0/crtbegin.o
 .init          0x000000004804173c        0x4 c:/programdata/dspace/8fb0efa7-abb4-4aa6-86aa-bc02d02b0030/compiler/qnx650_520/host/win32/x86/usr/bin/../lib/gcc/powerpc-unknown-nto-qnx6.5.0/5.2.0/crtend.o
 .init          0x0000000048041740       0x10 C:\ProgramData\dSPACE\8FB0EFA7-ABB4-4AA6-86AA-BC02D02B0030\Compiler\QNX650_520\target\qnx6/ppcbe/lib/crtn.o

.text           0x0000000048041750     0x2e3c
                0x0000000048041750                _btext = .
 *(.text .stub .text.* .gnu.linkonce.t.*)
 .text          0x0000000048041750      0x118 C:\ProgramData\dSPACE\8FB0EFA7-ABB4-4AA6-86AA-BC02D02B0030\Compiler\QNX650_520\target\qnx6/ppcbe/lib/crt1.o
                0x0000000048041750                _start
 .text          0x0000000048041868        0x0 C:\ProgramData\dSPACE\8FB0EFA7-ABB4-4AA6-86AA-BC02D02B0030\Compiler\QNX650_520\target\qnx6/ppcbe/lib/crti.o
 .text          0x0000000048041868      0x2b0 c:/programdata/dspace/8fb0efa7-abb4-4aa6-86aa-bc02d02b0030/compiler/qnx650_520/host/win32/x86/usr/bin/../lib/gcc/powerpc-unknown-nto-qnx6.5.0/5.2.0/crtbegin.o
 *fill*         0x0000000048041b18        0x8 00000000
 .text          0x0000000048041b20      0xaf8 sample_model.o07
                0x0000000048041b20                sample_model_output
                0x0000000048041f20                sample_model_update
                0x00000000480423b0                sample_model_derivatives
                0x00000000480423d0                sample_model_initialize
                0x00000000480425c0                sample_model_terminate
 .text          0x0000000048042618        0x0 sample_model_data.o07
 .text          0x0000000048042618       0x74 sample_model_trc_ptr.o07
                0x0000000048042658                sample_model_rti_init_trc_pointers
 *fill*         0x000000004804268c        0x4 00000000
 .text          0x0000000048042690      0x514 rti_sim_engine.o07
                0x0000000048042b30                rtk_idle_function
                0x0000000048042b40                rti_th_timertask1_trigger_source
                0x0000000048042b90                initConditions
                0x0000000048042ba0                initVariables
 *fill*         0x0000000048042ba4        0xc 00000000
 .text.startup  0x0000000048042bb0      0x8f0 rti_sim_engine.o07
                0x0000000048042bb0                main
 .text          0x00000000480434a0       0x40 rti_init_c.o07
                0x00000000480434a0                rti_init
 .text          0x00000000480434e0       0x44 rt_sim.o07
                0x00000000480434e0                rt_SimInitTimingEngine
                0x0000000048043510                rt_SimGetNextSampleHit
                0x0000000048043520                rt_SimUpdateDiscreteTaskSampleHits
 *fill*         0x0000000048043524        0xc 00000000
 .text          0x0000000048043530       0xd4 rti_assert.o07
                0x0000000048043530                rti_assertion_handler
                0x00000000480435c0                rti_assertion_mode_msg
 *fill*         0x0000000048043604        0xc 00000000
 .text          0x0000000048043610       0xf8 C:/Users/dionl/Desktop/AME_MASTERS/MATLAB/POST_EXAM_PROJECT/CBC_release-main/testing/single_frequency_test/slprj/rti1202/_sharedutils/rtwshared.lib(rt_zcfcn.lo07)
                0x0000000048043610                rt_ZCFcn
 *fill*         0x0000000048043708        0x8 00000000
 .text          0x0000000048043710      0x1d0 ../slprj/rti1202/dpsace_output/dpsace_output_rtwlib.lib(dpsace_output.o07)
                0x0000000048043710                aohnzxtmzt_prot
                0x0000000048043740                fvcjts1czv_prot
                0x0000000048043770                dpsace_output
                0x00000000480438d0                e3cw0fqdvs_prot
 .text          0x00000000480438e0      0x204 ../slprj/rti1202/reset_logic/reset_logic_rtwlib.lib(reset_logic.o07)
                0x00000000480438e0                m2yvk3ytas_prot
                0x0000000048043900                lsiz4ook05_prot
                0x0000000048043910                reset_logic
                0x0000000048043a90                mkvoxduspn_prot
                0x0000000048043ab0                e0rpkahbwi_prot
 .text          0x0000000048043ae4        0x0 C:\Program Files\dSPACE RCPHIL 2023-A\DS1202\Lib/librtversion.a(RtVersion.o)
 *fill*         0x0000000048043ae4        0xc 00000000
 .text          0x0000000048043af0        0x4 C:\Program Files\dSPACE RCPHIL 2023-A\DS1202\Lib/librtglobals.a(DsEESPort.o)
                0x0000000048043af0                DsEesPort_init()
 .text          0x0000000048043af4       0x20 C:\Program Files\dSPACE RCPHIL 2023-A\DS1202\Lib/libm_fastpow.a(w_pow.o)
                0x0000000048043af4                pow
 .text          0x0000000048043b14      0x85c C:\Program Files\dSPACE RCPHIL 2023-A\DS1202\Lib/libm_fastpow.a(e_pow.o)
                0x0000000048043b14                __ieee754_pow
 .text          0x0000000048044370      0x188 C:\Program Files\dSPACE RCPHIL 2023-A\DS1202\Lib/libm_fastpow.a(s_scalbn.o)
                0x0000000048044370                scalbn
 .text          0x00000000480444f8       0x94 c:/programdata/dspace/8fb0efa7-abb4-4aa6-86aa-bc02d02b0030/compiler/qnx650_520/host/win32/x86/usr/bin/../lib/gcc/powerpc-unknown-nto-qnx6.5.0/5.2.0/crtend.o
 .text          0x000000004804458c        0x0 C:\ProgramData\dSPACE\8FB0EFA7-ABB4-4AA6-86AA-BC02D02B0030\Compiler\QNX650_520\target\qnx6/ppcbe/lib/crtn.o
 *(.gnu.warning)
 *(.glink)
 .glink         0x000000004804458c        0x0 C:\ProgramData\dSPACE\8FB0EFA7-ABB4-4AA6-86AA-BC02D02B0030\Compiler\QNX650_520\target\qnx6/ppcbe/lib/crt1.o

.fini           0x000000004804458c       0x20
 *(.fini)
 .fini          0x000000004804458c        0xc C:\ProgramData\dSPACE\8FB0EFA7-ABB4-4AA6-86AA-BC02D02B0030\Compiler\QNX650_520\target\qnx6/ppcbe/lib/crti.o
                0x000000004804458c                _fini
 .fini          0x0000000048044598        0x4 c:/programdata/dspace/8fb0efa7-abb4-4aa6-86aa-bc02d02b0030/compiler/qnx650_520/host/win32/x86/usr/bin/../lib/gcc/powerpc-unknown-nto-qnx6.5.0/5.2.0/crtbegin.o
 .fini          0x000000004804459c       0x10 C:\ProgramData\dSPACE\8FB0EFA7-ABB4-4AA6-86AA-BC02D02B0030\Compiler\QNX650_520\target\qnx6/ppcbe/lib/crtn.o
                [!provide]                        PROVIDE (__etext, .)
                0x00000000480445ac                PROVIDE (_etext, .)
                [!provide]                        PROVIDE (etext, .)

.rodata         0x00000000480445b0      0x6a0
 *(.rodata .rodata.* .gnu.linkonce.r.*)
 .rodata        0x00000000480445b0      0x124 sample_model.o07
                0x00000000480446d0                sample_model_M
 .rodata.cst4   0x00000000480446d4        0x8 sample_model.o07
 *fill*         0x00000000480446dc        0x4 
 .rodata.cst8   0x00000000480446e0       0x80 sample_model.o07
 .rodata.str1.4
                0x0000000048044760        0x5 sample_model.o07
 *fill*         0x0000000048044765        0x3 
 .rodata        0x0000000048044768        0xc rti_sim_engine.o07
                0x0000000048044768                rtiDataSetStorageEnabled
                0x000000004804476c                p_dsts_sum_of_reset_time
                0x0000000048044770                p_msg_last_error_no
 .rodata.cst4   0x0000000048044774        0x8 rti_sim_engine.o07
 .rodata.cst8   0x000000004804477c        0x8 rti_sim_engine.o07
 .rodata.str1.4
                0x000000004804477c      0x284 rti_sim_engine.o07
 .rodata.cst4   0x0000000048044a00        0x4 rt_sim.o07
                                          0x8 (size before relaxing)
 .rodata.str1.4
                0x0000000048044a04       0x71 rt_sim.o07
 *fill*         0x0000000048044a75        0x3 
 .rodata.str1.4
                0x0000000048044a78       0x70 rti_assert.o07
                                         0x6d (size before relaxing)
 .rodata        0x0000000048044ae8       0x13 C:/Users/dionl/Desktop/AME_MASTERS/MATLAB/POST_EXAM_PROJECT/CBC_release-main/testing/single_frequency_test/slprj/rti1202/_sharedutils/rtwshared.lib(rt_zcfcn.lo07)
 .rodata.cst4   0x0000000048044afb        0x4 C:/Users/dionl/Desktop/AME_MASTERS/MATLAB/POST_EXAM_PROJECT/CBC_release-main/testing/single_frequency_test/slprj/rti1202/_sharedutils/rtwshared.lib(rt_zcfcn.lo07)
 *fill*         0x0000000048044afb        0x1 
 .rodata.cst4   0x0000000048044afc        0x4 ../slprj/rti1202/dpsace_output/dpsace_output_rtwlib.lib(dpsace_output.o07)
                                          0x8 (size before relaxing)
 .rodata.cst4   0x0000000048044b00        0xc ../slprj/rti1202/reset_logic/reset_logic_rtwlib.lib(reset_logic.o07)
 .rodata        0x0000000048044b00       0x30 C:\Program Files\dSPACE RCPHIL 2023-A\DS1202\Lib/libm_fastpow.a(e_pow.o)
 .rodata.cst4   0x0000000048044b30        0x8 C:\Program Files\dSPACE RCPHIL 2023-A\DS1202\Lib/libm_fastpow.a(e_pow.o)
 .rodata.cst8   0x0000000048044b38       0xe8 C:\Program Files\dSPACE RCPHIL 2023-A\DS1202\Lib/libm_fastpow.a(e_pow.o)
 .rodata.cst8   0x0000000048044c20       0x30 C:\Program Files\dSPACE RCPHIL 2023-A\DS1202\Lib/libm_fastpow.a(s_scalbn.o)

.rodata1
 *(.rodata1)

.sdata2         0x0000000048044c50        0x0
                0x0000000000008000                PROVIDE (_SDA2_BASE_, 0x8000)
 *(.sdata2 .sdata2.* .gnu.linkonce.s2.*)
 .sdata2        0x0000000048044c50        0x0 C:\ProgramData\dSPACE\8FB0EFA7-ABB4-4AA6-86AA-BC02D02B0030\Compiler\QNX650_520\target\qnx6/ppcbe/lib/crt1.o

.sbss2
 *(.sbss2 .sbss2.* .gnu.linkonce.sb2.*)

.eh_frame_hdr   0x0000000048044c50       0x14
 *(.eh_frame_hdr)
 .eh_frame_hdr  0x0000000048044c50       0x14 C:\Program Files\dSPACE RCPHIL 2023-A\DS1202\Lib/librtglobals.a(DsEESPort.o)

.eh_frame       0x0000000048044c64       0x2c
 *(.eh_frame)
 .eh_frame      0x0000000048044c64        0x0 C:\ProgramData\dSPACE\8FB0EFA7-ABB4-4AA6-86AA-BC02D02B0030\Compiler\QNX650_520\target\qnx6/ppcbe/lib/crt1.o
 .eh_frame      0x0000000048044c64        0x0 c:/programdata/dspace/8fb0efa7-abb4-4aa6-86aa-bc02d02b0030/compiler/qnx650_520/host/win32/x86/usr/bin/../lib/gcc/powerpc-unknown-nto-qnx6.5.0/5.2.0/crtbegin.o
 .eh_frame      0x0000000048044c64       0x28 C:\Program Files\dSPACE RCPHIL 2023-A\DS1202\Lib/librtglobals.a(DsEESPort.o)
 .eh_frame      0x0000000048044c8c        0x4 c:/programdata/dspace/8fb0efa7-abb4-4aa6-86aa-bc02d02b0030/compiler/qnx650_520/host/win32/x86/usr/bin/../lib/gcc/powerpc-unknown-nto-qnx6.5.0/5.2.0/crtend.o

.gcc_except_table
 *(.gcc_except_table .gcc_except_table.*)
                0x0000000048044c90                . = (ALIGN (0x1000) - ((0x1000 - .) & 0xfff))
                0x0000000048045000                . = DATA_SEGMENT_ALIGN (0x1000, 0x1000)

.eh_frame
 *(.eh_frame)

.gcc_except_table
 *(.gcc_except_table .gcc_except_table.*)

.tdata
 *(.tdata .tdata.* .gnu.linkonce.td.*)

.tbss
 *(.tbss .tbss.* .gnu.linkonce.tb.*)
 *(.tcommon)

.preinit_array  0x0000000048045000        0x0
                0x0000000048045000                PROVIDE (__preinit_array_start, .)
 *(.preinit_array)
                0x0000000048045000                PROVIDE (__preinit_array_end, .)

.init_array     0x0000000048045000        0x0
                0x0000000048045000                PROVIDE (__init_array_start, .)
 *(SORT(.init_array.*))
 *(.init_array)
                0x0000000048045000                PROVIDE (__init_array_end, .)

.fini_array     0x0000000048045000        0x0
                0x0000000048045000                PROVIDE (__fini_array_start, .)
 *(.fini_array)
 *(SORT(.fini_array.*))
                0x0000000048045000                PROVIDE (__fini_array_end, .)

.ctors          0x0000000048045000        0x8
 *crtbegin.o(.ctors)
 .ctors         0x0000000048045000        0x4 c:/programdata/dspace/8fb0efa7-abb4-4aa6-86aa-bc02d02b0030/compiler/qnx650_520/host/win32/x86/usr/bin/../lib/gcc/powerpc-unknown-nto-qnx6.5.0/5.2.0/crtbegin.o
 *crtbegin?.o(.ctors)
 *(EXCLUDE_FILE(*crtend?.o *crtend.o) .ctors)
 *(SORT(.ctors.*))
 *(.ctors)
 .ctors         0x0000000048045004        0x4 c:/programdata/dspace/8fb0efa7-abb4-4aa6-86aa-bc02d02b0030/compiler/qnx650_520/host/win32/x86/usr/bin/../lib/gcc/powerpc-unknown-nto-qnx6.5.0/5.2.0/crtend.o

.dtors          0x0000000048045008        0x8
 *crtbegin.o(.dtors)
 .dtors         0x0000000048045008        0x4 c:/programdata/dspace/8fb0efa7-abb4-4aa6-86aa-bc02d02b0030/compiler/qnx650_520/host/win32/x86/usr/bin/../lib/gcc/powerpc-unknown-nto-qnx6.5.0/5.2.0/crtbegin.o
 *crtbegin?.o(.dtors)
 *(EXCLUDE_FILE(*crtend?.o *crtend.o) .dtors)
 *(SORT(.dtors.*))
 *(.dtors)
 .dtors         0x000000004804500c        0x4 c:/programdata/dspace/8fb0efa7-abb4-4aa6-86aa-bc02d02b0030/compiler/qnx650_520/host/win32/x86/usr/bin/../lib/gcc/powerpc-unknown-nto-qnx6.5.0/5.2.0/crtend.o
                0x000000004804500c                __DTOR_END__

.jcr            0x0000000048045010        0x4
 *(.jcr)
 .jcr           0x0000000048045010        0x0 c:/programdata/dspace/8fb0efa7-abb4-4aa6-86aa-bc02d02b0030/compiler/qnx650_520/host/win32/x86/usr/bin/../lib/gcc/powerpc-unknown-nto-qnx6.5.0/5.2.0/crtbegin.o
 .jcr           0x0000000048045010        0x4 c:/programdata/dspace/8fb0efa7-abb4-4aa6-86aa-bc02d02b0030/compiler/qnx650_520/host/win32/x86/usr/bin/../lib/gcc/powerpc-unknown-nto-qnx6.5.0/5.2.0/crtend.o

.data.rel.ro
 *(.data.rel.ro.local* .gnu.linkonce.d.rel.ro.local.*)
 *(.data.rel.ro* .gnu.linkonce.d.rel.ro.*)

.fixup
 *(.fixup)

.got1
 *(.got1)

.got2
 *(.got2)

.dynamic        0x0000000048045014      0x100
 *(.dynamic)
 .dynamic       0x0000000048045014      0x100 C:\ProgramData\dSPACE\8FB0EFA7-ABB4-4AA6-86AA-BC02D02B0030\Compiler\QNX650_520\target\qnx6/ppcbe/lib/crt1.o
                0x0000000048045014                _DYNAMIC

.got
 *(.got)
                0x0000000048045114                . = DATA_SEGMENT_RELRO_END (., 0x0)

.plt
 *(.plt)

.data           0x0000000048045118       0xf4
 *(.data .data.* .gnu.linkonce.d.*)
 .data          0x0000000048045118        0x0 C:\ProgramData\dSPACE\8FB0EFA7-ABB4-4AA6-86AA-BC02D02B0030\Compiler\QNX650_520\target\qnx6/ppcbe/lib/crt1.o
 .data          0x0000000048045118        0x0 C:\ProgramData\dSPACE\8FB0EFA7-ABB4-4AA6-86AA-BC02D02B0030\Compiler\QNX650_520\target\qnx6/ppcbe/lib/crti.o
 .data          0x0000000048045118        0x0 c:/programdata/dspace/8fb0efa7-abb4-4aa6-86aa-bc02d02b0030/compiler/qnx650_520/host/win32/x86/usr/bin/../lib/gcc/powerpc-unknown-nto-qnx6.5.0/5.2.0/crtbegin.o
 .data.rel.local
                0x0000000048045118        0x4 c:/programdata/dspace/8fb0efa7-abb4-4aa6-86aa-bc02d02b0030/compiler/qnx650_520/host/win32/x86/usr/bin/../lib/gcc/powerpc-unknown-nto-qnx6.5.0/5.2.0/crtbegin.o
                0x0000000048045118                __dso_handle
 .data          0x000000004804511c        0x0 sample_model.o07
 *fill*         0x000000004804511c        0x4 
 .data          0x0000000048045120       0xa8 sample_model_data.o07
                0x0000000048045120                sample_model_P
 .data          0x00000000480451c8        0x0 sample_model_trc_ptr.o07
 .data          0x00000000480451c8       0x14 rti_sim_engine.o07
                0x00000000480451c8                simState
                0x00000000480451d8                lastSimState
 .data          0x00000000480451dc        0x0 rti_init_c.o07
 .data          0x00000000480451dc        0x0 rt_sim.o07
 .data          0x00000000480451dc        0x0 rti_assert.o07
 .data          0x00000000480451dc        0x0 C:/Users/dionl/Desktop/AME_MASTERS/MATLAB/POST_EXAM_PROJECT/CBC_release-main/testing/single_frequency_test/slprj/rti1202/_sharedutils/rtwshared.lib(rt_zcfcn.lo07)
 .data          0x00000000480451dc        0x0 ../slprj/rti1202/dpsace_output/dpsace_output_rtwlib.lib(dpsace_output.o07)
 *fill*         0x00000000480451dc        0x4 
 .data          0x00000000480451e0       0x20 ../slprj/rti1202/reset_logic/reset_logic_rtwlib.lib(reset_logic.o07)
                0x00000000480451e0                i4xhnzxa02_prot
 .data          0x0000000048045200        0x0 C:\Program Files\dSPACE RCPHIL 2023-A\DS1202\Lib/librtversion.a(RtVersion.o)
 .data          0x0000000048045200        0x0 C:\Program Files\dSPACE RCPHIL 2023-A\DS1202\Lib/librtglobals.a(DsEESPort.o)
 .data.rel      0x0000000048045200        0xc C:\Program Files\dSPACE RCPHIL 2023-A\DS1202\Lib/librtglobals.a(DsEESPort.o)
                0x0000000048045200                p_xilapi_eesport_errorswitching_uint32_T
                0x0000000048045204                p_xilapi_eesport_erroractivated_uint32_T
                0x0000000048045208                p_xilapi_eesport_activeerrorset_uint32_T
 .data          0x000000004804520c        0x0 C:\Program Files\dSPACE RCPHIL 2023-A\DS1202\Lib/libm_fastpow.a(w_pow.o)
 .data          0x000000004804520c        0x0 C:\Program Files\dSPACE RCPHIL 2023-A\DS1202\Lib/libm_fastpow.a(e_pow.o)
 .data          0x000000004804520c        0x0 C:\Program Files\dSPACE RCPHIL 2023-A\DS1202\Lib/libm_fastpow.a(s_scalbn.o)
 .data          0x000000004804520c        0x0 c:/programdata/dspace/8fb0efa7-abb4-4aa6-86aa-bc02d02b0030/compiler/qnx650_520/host/win32/x86/usr/bin/../lib/gcc/powerpc-unknown-nto-qnx6.5.0/5.2.0/crtend.o
 .data          0x000000004804520c        0x0 C:\ProgramData\dSPACE\8FB0EFA7-ABB4-4AA6-86AA-BC02D02B0030\Compiler\QNX650_520\target\qnx6/ppcbe/lib/crtn.o

.tm_clone_table
                0x000000004804520c        0x0
 .tm_clone_table
                0x000000004804520c        0x0 c:/programdata/dspace/8fb0efa7-abb4-4aa6-86aa-bc02d02b0030/compiler/qnx650_520/host/win32/x86/usr/bin/../lib/gcc/powerpc-unknown-nto-qnx6.5.0/5.2.0/crtbegin.o
 .tm_clone_table
                0x000000004804520c        0x0 c:/programdata/dspace/8fb0efa7-abb4-4aa6-86aa-bc02d02b0030/compiler/qnx650_520/host/win32/x86/usr/bin/../lib/gcc/powerpc-unknown-nto-qnx6.5.0/5.2.0/crtend.o

.data1
 *(.data1)

.got            0x000000004804520c       0x54
 *(.got)
 .got           0x000000004804520c       0x54 C:\ProgramData\dSPACE\8FB0EFA7-ABB4-4AA6-86AA-BC02D02B0030\Compiler\QNX650_520\target\qnx6/ppcbe/lib/crt1.o
                0x0000000048045254                _GLOBAL_OFFSET_TABLE_

.sdata          0x0000000048045260        0x0
                0x0000000000008000                PROVIDE (_SDA_BASE_, 0x8000)
 *(.sdata .sdata.* .gnu.linkonce.s.*)
 .sdata         0x0000000048045260        0x0 C:\ProgramData\dSPACE\8FB0EFA7-ABB4-4AA6-86AA-BC02D02B0030\Compiler\QNX650_520\target\qnx6/ppcbe/lib/crt1.o
                0x0000000048045260                _edata = .
                [!provide]                        PROVIDE (edata, .)
                0x0000000048045260                __bss_start = .

.sbss           0x0000000048045260        0x0
                [!provide]                        PROVIDE (__sbss_start, .)
                [!provide]                        PROVIDE (___sbss_start, .)
 *(.dynsbss)
 .dynsbss       0x0000000048045260        0x0 C:\ProgramData\dSPACE\8FB0EFA7-ABB4-4AA6-86AA-BC02D02B0030\Compiler\QNX650_520\target\qnx6/ppcbe/lib/crt1.o
 *(.sbss .sbss.* .gnu.linkonce.sb.*)
 *(.scommon)
                [!provide]                        PROVIDE (__sbss_end, .)
                [!provide]                        PROVIDE (___sbss_end, .)

.plt            0x0000000048045260      0x414
 *(.plt)
 .plt           0x0000000048045260      0x414 C:\ProgramData\dSPACE\8FB0EFA7-ABB4-4AA6-86AA-BC02D02B0030\Compiler\QNX650_520\target\qnx6/ppcbe/lib/crt1.o
                0x00000000480452a8                ts_reset
                0x00000000480452b0                __register_frame_info
                0x00000000480452b8                msg_error_clear
                0x00000000480452c0                AdcCl1AnalogIn_read
                0x00000000480452c8                dsrtt_set_current_time
                0x00000000480452d0                sqrt
                0x00000000480452d8                rtk_current_task_absolute_time_ptr_get
                0x00000000480452e0                DsTimeSync_simstateRun
                0x00000000480452e8                DacCl1AnalogOut_create
                0x00000000480452f0                rtk_setup_temp_overrun_handling
                0x00000000480452f8                SrtkIntBase_requestTaskMode
                0x0000000048045300                rtk_reset_tasks
                0x0000000048045308                __cxa_finalize
                0x0000000048045310                _init_array
                0x0000000048045318                rtk_set_task_type
                0x0000000048045320                DsTimeSync_baserate
                0x0000000048045328                rtk_task_name_set
                0x0000000048045330                DacCl1AnalogOut_apply
                0x0000000048045338                dsrtt_script_service_post_computation
                0x0000000048045340                rtk_create_task
                0x0000000048045348                msg_warning_printf
                0x0000000048045350                msg_last_error_number
                0x0000000048045358                AdcCl1AnalogIn_setConversTrigger
                0x0000000048045360                dsparam_copy_data_set
                0x0000000048045368                SrtkPreload_preloadRegion
                0x0000000048045370                msg_error_set
                0x0000000048045378                rtk_enable_services
                0x0000000048045380                SrtkDaq_Init
                0x0000000048045388                rtk_task_task_calls_get
                0x0000000048045390                DsTimeSync_setCurrentTimePtr
                0x0000000048045398                SrtkIntBase_enableIntGlobal
                0x00000000480453a0                DacCl1AnalogOut_write
                0x00000000480453a8                AdcCl1AnalogIn_setConversionMode
                0x00000000480453b0                rtk_overrun_flag_clear
                0x00000000480453b8                rtk_bind_interrupt
                0x00000000480453c0                DacCl1AnalogOut_stop
                0x00000000480453c8                AdcCl1AnalogIn_apply
                0x00000000480453d0                _init_libc
                0x00000000480453d8                dsrtt_init
                0x00000000480453e0                AdcCl1AnalogIn_write
                0x00000000480453e8                SrtkApp_terminate
                0x00000000480453f0                AdcCl1AnalogIn_isDataReady
                0x00000000480453f8                msg_info_set
                0x0000000048045400                SensorSupply_create
                0x0000000048045408                dsrtt_script_service_pre_computation
                0x0000000048045410                DacCl1AnalogOut_start
                0x0000000048045418                msg_error_printf
                0x0000000048045420                memset
                0x0000000048045428                _Sin
                0x0000000048045430                rtk_leave_idle_mode
                0x0000000048045438                __wrap_exit
                0x0000000048045440                __wrap_atexit
                0x0000000048045448                DacCl1AnalogOut_setOutputValue
                0x0000000048045450                AdcCl1AnalogIn_start
                0x0000000048045458                _fini_array
                0x0000000048045460                SensorSupply_setVoltage
                0x0000000048045468                SrtkDaq_Background
                0x0000000048045470                _preinit_array
                0x0000000048045478                SrtkApp_init
                0x0000000048045480                SrtkDaq_Service
                0x0000000048045488                rtk_task_task_name_get
                0x0000000048045490                AdcCl1AnalogIn_setConversSwTrigger
                0x0000000048045498                SrtkSim_notifyStateTransition
                0x00000000480454a0                AdcCl1AnalogIn_getSingleValue
                0x00000000480454a8                msg_set
                0x00000000480454b0                SensorSupply_apply
                0x00000000480454b8                rtk_get_subentry
                0x00000000480454c0                dsrtt_set_step_size
                0x00000000480454c8                rtk_enter_idle_mode
                0x00000000480454d0                rtk_initialize
                0x00000000480454d8                DacCl1AnalogOut_setOutputHighZ
                0x00000000480454e0                SensorSupply_setSensorState
                0x00000000480454e8                SensorSupply_start
                0x00000000480454f0                SrtkApp_background
                0x00000000480454f8                rtk_default_overrun_fcn
                0x0000000048045500                AdcCl1AnalogIn_create
                0x0000000048045508                vcm_module_register
                0x0000000048045510                DsTimeSync_simstateStop
                0x0000000048045518                SrtkIntBase_disableIntGlobal
                0x0000000048045520                SrtkSim_registerState
                0x0000000048045528                __deregister_frame_info

.bss            0x0000000048045678      0x384
 *(.dynbss)
 .dynbss        0x0000000048045678       0x14 C:\ProgramData\dSPACE\8FB0EFA7-ABB4-4AA6-86AA-BC02D02B0030\Compiler\QNX650_520\target\qnx6/ppcbe/lib/crt1.o
                0x0000000048045678                errno
                0x0000000048045680                dsts_sum_of_reseted_time
                0x0000000048045688                msg_last_error_no
 *(.bss .bss.* .gnu.linkonce.b.*)
 .bss           0x000000004804568c        0x0 C:\ProgramData\dSPACE\8FB0EFA7-ABB4-4AA6-86AA-BC02D02B0030\Compiler\QNX650_520\target\qnx6/ppcbe/lib/crt1.o
 .bss           0x000000004804568c        0x0 C:\ProgramData\dSPACE\8FB0EFA7-ABB4-4AA6-86AA-BC02D02B0030\Compiler\QNX650_520\target\qnx6/ppcbe/lib/crti.o
 .bss           0x000000004804568c       0x20 c:/programdata/dspace/8fb0efa7-abb4-4aa6-86aa-bc02d02b0030/compiler/qnx650_520/host/win32/x86/usr/bin/../lib/gcc/powerpc-unknown-nto-qnx6.5.0/5.2.0/crtbegin.o
 *fill*         0x00000000480456ac        0x4 
 .bss           0x00000000480456b0      0x2c8 sample_model.o07
                0x0000000048045870                sample_model_X
                0x0000000048045878                sample_model_PrevZCX
                0x0000000048045880                sample_model_B
                0x0000000048045940                sample_model_DW
 .bss           0x0000000048045978        0x0 sample_model_data.o07
 .bss           0x0000000048045978        0x8 sample_model_trc_ptr.o07
                0x0000000048045978                p_0_sample_model_real_T_0
                0x000000004804597c                p_1_sample_model_real_T_0
 .bss           0x0000000048045980       0x54 rti_sim_engine.o07
                0x0000000048045980                currentTime
                0x0000000048045984                finalTime
                0x0000000048045988                modelStepSize
                0x0000000048045990                pRTIDacC1AnalogOut_Ch_1
                0x0000000048045994                pRTIDacC1AnalogOut_Ch_2
                0x0000000048045998                pRTIAdcC1AnalogIn_Ch_1
                0x000000004804599c                pRTIAdcC1AnalogIn_Ch_3
                0x00000000480459a0                pRTIAdcC1AnalogIn_Ch_2
                0x00000000480459a4                taskMode
                0x00000000480459a8                pRTI_Sensor_Supply
                0x00000000480459ac                pRti_TIMERA_STime
                0x00000000480459b0                pRti_TIMERA_TTime
                0x00000000480459b4                pRti_TIMERA_TState
                0x00000000480459b8                pRti_TIMERA_OType
                0x00000000480459bc                pRti_TIMERA_OMax
                0x00000000480459c0                pRti_TIMERA_ORpt
                0x00000000480459c4                pRti_TIMERA_OCnt
                0x00000000480459c8                pRti_TIMERA_TCnt
                0x00000000480459cc                pRti_TIMERA_Prio
                0x00000000480459d0                rtiAssertionMode
 .bss           0x00000000480459d4        0x4 rti_init_c.o07
 .bss           0x00000000480459d8        0x0 rt_sim.o07
 .bss           0x00000000480459d8        0x0 rti_assert.o07
 .bss           0x00000000480459d8        0x0 C:/Users/dionl/Desktop/AME_MASTERS/MATLAB/POST_EXAM_PROJECT/CBC_release-main/testing/single_frequency_test/slprj/rti1202/_sharedutils/rtwshared.lib(rt_zcfcn.lo07)
 .bss           0x00000000480459d8       0x10 ../slprj/rti1202/dpsace_output/dpsace_output_rtwlib.lib(dpsace_output.o07)
                0x00000000480459d8                ap31ghenhk_prot
 .bss           0x00000000480459e8        0x0 ../slprj/rti1202/reset_logic/reset_logic_rtwlib.lib(reset_logic.o07)
 .bss           0x00000000480459e8        0x0 C:\Program Files\dSPACE RCPHIL 2023-A\DS1202\Lib/librtversion.a(RtVersion.o)
 .bss           0x00000000480459e8       0x14 C:\Program Files\dSPACE RCPHIL 2023-A\DS1202\Lib/librtglobals.a(DsEESPort.o)
                0x00000000480459e8                xilapi_eesport_trigger_uint32_T
                0x00000000480459ec                xilapi_eesport_flags_uint32_T
                0x00000000480459f0                xilapi_eesport_errorswitching_uint32_T
                0x00000000480459f4                xilapi_eesport_erroractivated_uint32_T
                0x00000000480459f8                xilapi_eesport_activeerrorset_uint32_T
 .bss           0x00000000480459fc        0x0 C:\Program Files\dSPACE RCPHIL 2023-A\DS1202\Lib/libm_fastpow.a(w_pow.o)
 .bss           0x00000000480459fc        0x0 C:\Program Files\dSPACE RCPHIL 2023-A\DS1202\Lib/libm_fastpow.a(e_pow.o)
 .bss           0x00000000480459fc        0x0 C:\Program Files\dSPACE RCPHIL 2023-A\DS1202\Lib/libm_fastpow.a(s_scalbn.o)
 .bss           0x00000000480459fc        0x0 c:/programdata/dspace/8fb0efa7-abb4-4aa6-86aa-bc02d02b0030/compiler/qnx650_520/host/win32/x86/usr/bin/../lib/gcc/powerpc-unknown-nto-qnx6.5.0/5.2.0/crtend.o
 .bss           0x00000000480459fc        0x0 C:\ProgramData\dSPACE\8FB0EFA7-ABB4-4AA6-86AA-BC02D02B0030\Compiler\QNX650_520\target\qnx6/ppcbe/lib/crtn.o
 *(COMMON)
                0x00000000480459fc                . = ALIGN ((. != 0x0)?0x4:0x1)

.iplt           0x0000000048045a00        0x0
 .iplt          0x0000000048045a00        0x0 C:\ProgramData\dSPACE\8FB0EFA7-ABB4-4AA6-86AA-BC02D02B0030\Compiler\QNX650_520\target\qnx6/ppcbe/lib/crt1.o
                0x0000000048045a00                . = ALIGN (0x4)
                0x0000000048045a00                . = ALIGN (0x4)
                0x0000000048045a00                __end = .
                0x0000000048045a00                _end = .
                [!provide]                        PROVIDE (end, .)
                0x0000000048045a00                . = DATA_SEGMENT_END (.)

.stab
 *(.stab)

.stabstr
 *(.stabstr)

.stab.excl
 *(.stab.excl)

.stab.exclstr
 *(.stab.exclstr)

.stab.index
 *(.stab.index)

.stab.indexstr
 *(.stab.indexstr)

.comment        0x0000000000000000       0x47
 *(.comment)
 .comment       0x0000000000000000       0x11 c:/programdata/dspace/8fb0efa7-abb4-4aa6-86aa-bc02d02b0030/compiler/qnx650_520/host/win32/x86/usr/bin/../lib/gcc/powerpc-unknown-nto-qnx6.5.0/5.2.0/crtbegin.o
                                         0x12 (size before relaxing)
 .comment       0x0000000000000011       0x12 sample_model.o07
 .comment       0x0000000000000011       0x12 sample_model_data.o07
 .comment       0x0000000000000011       0x12 sample_model_trc_ptr.o07
 .comment       0x0000000000000011       0x12 rti_sim_engine.o07
 .comment       0x0000000000000011       0x12 rti_init_c.o07
 .comment       0x0000000000000011       0x12 rt_sim.o07
 .comment       0x0000000000000011       0x12 rti_assert.o07
 .comment       0x0000000000000011       0x12 C:/Users/dionl/Desktop/AME_MASTERS/MATLAB/POST_EXAM_PROJECT/CBC_release-main/testing/single_frequency_test/slprj/rti1202/_sharedutils/rtwshared.lib(rt_zcfcn.lo07)
 .comment       0x0000000000000011       0x12 ../slprj/rti1202/dpsace_output/dpsace_output_rtwlib.lib(dpsace_output.o07)
 .comment       0x0000000000000011       0x12 ../slprj/rti1202/reset_logic/reset_logic_rtwlib.lib(reset_logic.o07)
 .comment       0x0000000000000011       0x12 C:\Program Files\dSPACE RCPHIL 2023-A\DS1202\Lib/librtversion.a(RtVersion.o)
 .comment       0x0000000000000011       0x12 C:\Program Files\dSPACE RCPHIL 2023-A\DS1202\Lib/librtglobals.a(DsEESPort.o)
 .comment       0x0000000000000011       0x12 C:\Program Files\dSPACE RCPHIL 2023-A\DS1202\Lib/libm_fastpow.a(w_pow.o)
 .comment       0x0000000000000023       0x12 C:\Program Files\dSPACE RCPHIL 2023-A\DS1202\Lib/libm_fastpow.a(e_pow.o)
 .comment       0x0000000000000035       0x12 C:\Program Files\dSPACE RCPHIL 2023-A\DS1202\Lib/libm_fastpow.a(s_scalbn.o)
 .comment       0x0000000000000047       0x12 c:/programdata/dspace/8fb0efa7-abb4-4aa6-86aa-bc02d02b0030/compiler/qnx650_520/host/win32/x86/usr/bin/../lib/gcc/powerpc-unknown-nto-qnx6.5.0/5.2.0/crtend.o

.PPC.EMB.apuinfo
                0x0000000000000000       0x18
 .PPC.EMB.apuinfo
                0x0000000000000000       0x18 rti_sim_engine.o07
 .PPC.EMB.apuinfo
                0x0000000000000018       0x18 C:/Users/dionl/Desktop/AME_MASTERS/MATLAB/POST_EXAM_PROJECT/CBC_release-main/testing/single_frequency_test/slprj/rti1202/_sharedutils/rtwshared.lib(rt_zcfcn.lo07)
 .PPC.EMB.apuinfo
                0x0000000000000030       0x18 ../slprj/rti1202/reset_logic/reset_logic_rtwlib.lib(reset_logic.o07)

.debug
 *(.debug)

.line
 *(.line)

.debug_srcinfo
 *(.debug_srcinfo)

.debug_sfnames
 *(.debug_sfnames)

.debug_aranges
 *(.debug_aranges)

.debug_pubnames
 *(.debug_pubnames)

.debug_info
 *(.debug_info .gnu.linkonce.wi.*)

.debug_abbrev
 *(.debug_abbrev)

.debug_line
 *(.debug_line)

.debug_frame
 *(.debug_frame)

.debug_str
 *(.debug_str)

.debug_loc
 *(.debug_loc)

.debug_macinfo
 *(.debug_macinfo)

.debug_weaknames
 *(.debug_weaknames)

.debug_funcnames
 *(.debug_funcnames)

.debug_typenames
 *(.debug_typenames)

.debug_varnames
 *(.debug_varnames)

.debug_pubtypes
 *(.debug_pubtypes)

.debug_ranges
 *(.debug_ranges)

.gnu.attributes
                0x0000000000000000       0x14
 *(.gnu.attributes)
 .gnu.attributes
                0x0000000000000000       0x10 sample_model.o07
 .gnu.attributes
                0x0000000000000010       0x10 rti_sim_engine.o07
 .gnu.attributes
                0x0000000000000020       0x10 rt_sim.o07
 .gnu.attributes
                0x0000000000000030       0x10 rti_assert.o07
 .gnu.attributes
                0x0000000000000040       0x10 C:/Users/dionl/Desktop/AME_MASTERS/MATLAB/POST_EXAM_PROJECT/CBC_release-main/testing/single_frequency_test/slprj/rti1202/_sharedutils/rtwshared.lib(rt_zcfcn.lo07)
 .gnu.attributes
                0x0000000000000050       0x14 C:\Program Files\dSPACE RCPHIL 2023-A\DS1202\Lib/libm_fastpow.a(w_pow.o)
 .gnu.attributes
                0x0000000000000064       0x14 C:\Program Files\dSPACE RCPHIL 2023-A\DS1202\Lib/libm_fastpow.a(e_pow.o)
 .gnu.attributes
                0x0000000000000078       0x14 C:\Program Files\dSPACE RCPHIL 2023-A\DS1202\Lib/libm_fastpow.a(s_scalbn.o)

/DISCARD/
 *(.note.GNU-stack)
 *(.gnu_debuglink)
OUTPUT(sample_model.ppc elf32-powerpc)
