<*GNU-Linker-generated-mapfile*> 
Archive member included to satisfy reference by file (symbol)

D:\dspace\dSPACE RCPHIL 2023-A\DS1202\Lib/librtversion.a(RtVersion.o)
                              (--whole-archive)
D:\dspace\dSPACE RCPHIL 2023-A\DS1202\Lib/librtglobals.a(DsEESPort.o)
                              (--whole-archive)
D:\dspace\dSPACE RCPHIL 2023-A\DS1202\Lib/libm_fastpow.a(w_pow.o)
                              D:\dspace\dSPACE RCPHIL 2023-A\DS1202\Lib/librt1202.so (pow)
D:\dspace\dSPACE RCPHIL 2023-A\DS1202\Lib/libm_fastpow.a(e_pow.o)
                              D:\dspace\dSPACE RCPHIL 2023-A\DS1202\Lib/libm_fastpow.a(w_pow.o) (__ieee754_pow)
D:\dspace\dSPACE RCPHIL 2023-A\DS1202\Lib/libm_fastpow.a(s_scalbn.o)
                              D:\dspace\dSPACE RCPHIL 2023-A\DS1202\Lib/libm_fastpow.a(e_pow.o) (scalbn)

As-needed library included to satisfy reference by file (symbol)

libDsRealTimeTestingRP.so.1   rti_sim_engine.o07 (dsrtt_script_service_pre_computation)

Memory Configuration

Name             Origin             Length             Attributes
*default*        0x0000000000000000 0xffffffffffffffff

Linker script and memory map

LOAD C:\ProgramData\dSPACE\8FB0EFA7-ABB4-4AA6-86AA-BC02D02B0030\Compiler\QNX650_520\target\qnx6/ppcbe/lib/crt1.o
LOAD C:\ProgramData\dSPACE\8FB0EFA7-ABB4-4AA6-86AA-BC02D02B0030\Compiler\QNX650_520\target\qnx6/ppcbe/lib/crti.o
LOAD c:/programdata/dspace/8fb0efa7-abb4-4aa6-86aa-bc02d02b0030/compiler/qnx650_520/host/win32/x86/usr/bin/../lib/gcc/powerpc-unknown-nto-qnx6.5.0/5.2.0/crtbegin.o
                0x0000000000000000                _DSPACE_START = 0x0
                0x0000000000000000                _DSPACE_START_ = 0x0
                0x00000000000004b2                DS_TARGET_PLATFORM = 0x4b2
START GROUP
LOAD test.o07
LOAD test_data.o07
LOAD test_trc_ptr.o07
LOAD rti_sim_engine.o07
LOAD rti_init_c.o07
LOAD rt_sim.o07
LOAD rti_assert.o07
LOAD D:\dspace\dSPACE RCPHIL 2023-A\DS1202\Lib/librtcan.so
LOAD D:\dspace\dSPACE RCPHIL 2023-A\DS1202\Lib/librtj1939.so
LOAD D:\dspace\dSPACE RCPHIL 2023-A\DS1202\Lib/librtser.so
LOAD D:\dspace\dSPACE RCPHIL 2023-A\DS1202\Lib/librt13xxio.so
LOAD D:\dspace\dSPACE RCPHIL 2023-A\DS1202\Lib/librt1202.so
LOAD D:\dspace\dSPACE RCPHIL 2023-A\DS1202\Lib/librtwrap.so
LOAD D:\dspace\dSPACE RCPHIL 2023-A\DS1202\Lib/librtversion.a
LOAD D:\dspace\dSPACE RCPHIL 2023-A\DS1202\Lib/librtglobals.a
LOAD D:\dspace\dSPACE RCPHIL 2023-A\DS1202\Lib/libm_fastpow.a
END GROUP
LOAD D:\dspace\dSPACE RCPHIL 2023-A\DS1202\Lib/libstdc++.so
LOAD C:\ProgramData\dSPACE\8FB0EFA7-ABB4-4AA6-86AA-BC02D02B0030\Compiler\QNX650_520\target\qnx6/ppcbe/lib/libm.so
LOAD c:/programdata/dspace/8fb0efa7-abb4-4aa6-86aa-bc02d02b0030/compiler/qnx650_520/host/win32/x86/usr/bin/../lib/gcc/powerpc-unknown-nto-qnx6.5.0/5.2.0\libgcc.a
LOAD C:\ProgramData\dSPACE\8FB0EFA7-ABB4-4AA6-86AA-BC02D02B0030\Compiler\QNX650_520\target\qnx6/ppcbe/lib/libc.so
LOAD C:\ProgramData\dSPACE\8FB0EFA7-ABB4-4AA6-86AA-BC02D02B0030\Compiler\QNX650_520\target\qnx6/ppcbe/lib\libc.a
LOAD c:/programdata/dspace/8fb0efa7-abb4-4aa6-86aa-bc02d02b0030/compiler/qnx650_520/host/win32/x86/usr/bin/../lib/gcc/powerpc-unknown-nto-qnx6.5.0/5.2.0\libgcc.a
LOAD c:/programdata/dspace/8fb0efa7-abb4-4aa6-86aa-bc02d02b0030/compiler/qnx650_520/host/win32/x86/usr/bin/../lib/gcc/powerpc-unknown-nto-qnx6.5.0/5.2.0/crtend.o
LOAD C:\ProgramData\dSPACE\8FB0EFA7-ABB4-4AA6-86AA-BC02D02B0030\Compiler\QNX650_520\target\qnx6/ppcbe/lib/crtn.o
                [!provide]                        PROVIDE (__stack, 0x0)
                [!provide]                        PROVIDE (___stack, 0x0)
                [!provide]                        PROVIDE (__executable_start, 0x48040000)
                0x0000000048040134                . = (0x48040000 + SIZEOF_HEADERS)

.interp         0x0000000048040134       0x14
 *(.interp)
 .interp        0x0000000048040134       0x14 C:\ProgramData\dSPACE\8FB0EFA7-ABB4-4AA6-86AA-BC02D02B0030\Compiler\QNX650_520\target\qnx6/ppcbe/lib/crt1.o

.note           0x0000000048040150       0x18
 .note          0x0000000048040150       0x18 C:\ProgramData\dSPACE\8FB0EFA7-ABB4-4AA6-86AA-BC02D02B0030\Compiler\QNX650_520\target\qnx6/ppcbe/lib/crtn.o

.note.gnu.build-id
                0x0000000048040168       0x20
 *(.note.gnu.build-id)
 .note.gnu.build-id
                0x0000000048040168       0x20 C:\ProgramData\dSPACE\8FB0EFA7-ABB4-4AA6-86AA-BC02D02B0030\Compiler\QNX650_520\target\qnx6/ppcbe/lib/crt1.o

.hash           0x0000000048040188      0x284
 *(.hash)
 .hash          0x0000000048040188      0x284 C:\ProgramData\dSPACE\8FB0EFA7-ABB4-4AA6-86AA-BC02D02B0030\Compiler\QNX650_520\target\qnx6/ppcbe/lib/crt1.o

.gnu.hash
 *(.gnu.hash)

.dynsym         0x000000004804040c      0x5c0
 *(.dynsym)
 .dynsym        0x000000004804040c      0x5c0 C:\ProgramData\dSPACE\8FB0EFA7-ABB4-4AA6-86AA-BC02D02B0030\Compiler\QNX650_520\target\qnx6/ppcbe/lib/crt1.o

.dynstr         0x00000000480409cc      0x756
 *(.dynstr)
 .dynstr        0x00000000480409cc      0x756 C:\ProgramData\dSPACE\8FB0EFA7-ABB4-4AA6-86AA-BC02D02B0030\Compiler\QNX650_520\target\qnx6/ppcbe/lib/crt1.o

.gnu.version    0x0000000048041122        0x0
 *(.gnu.version)
 .gnu.version   0x0000000048041122        0x0 C:\ProgramData\dSPACE\8FB0EFA7-ABB4-4AA6-86AA-BC02D02B0030\Compiler\QNX650_520\target\qnx6/ppcbe/lib/crt1.o

.gnu.version_d  0x0000000048041124        0x0
 *(.gnu.version_d)
 .gnu.version_d
                0x0000000048041124        0x0 C:\ProgramData\dSPACE\8FB0EFA7-ABB4-4AA6-86AA-BC02D02B0030\Compiler\QNX650_520\target\qnx6/ppcbe/lib/crt1.o

.gnu.version_r  0x0000000048041124        0x0
 *(.gnu.version_r)
 .gnu.version_r
                0x0000000048041124        0x0 C:\ProgramData\dSPACE\8FB0EFA7-ABB4-4AA6-86AA-BC02D02B0030\Compiler\QNX650_520\target\qnx6/ppcbe/lib/crt1.o

.rel.dyn
 *(.rel.init)
 *(.rel.text .rel.text.* .rel.gnu.linkonce.t.*)
 *(.rel.fini)
 *(.rel.rodata .rel.rodata.* .rel.gnu.linkonce.r.*)
 *(.rel.data.rel.ro* .rel.gnu.linkonce.d.rel.ro.*)
 *(.rel.data .rel.data.* .rel.gnu.linkonce.d.*)
 *(.rel.tdata .rel.tdata.* .rel.gnu.linkonce.td.*)
 *(.rel.tbss .rel.tbss.* .rel.gnu.linkonce.tb.*)
 *(.rel.ctors)
 *(.rel.dtors)
 *(.rel.got)
 *(.rel.sdata .rel.sdata.* .rel.gnu.linkonce.s.*)
 *(.rel.sbss .rel.sbss.* .rel.gnu.linkonce.sb.*)
 *(.rel.sdata2 .rel.sdata2.* .rel.gnu.linkonce.s2.*)
 *(.rel.sbss2 .rel.sbss2.* .rel.gnu.linkonce.sb2.*)
 *(.rel.bss .rel.bss.* .rel.gnu.linkonce.b.*)

.rela.dyn       0x0000000048041124       0x6c
 *(.rela.init)
 *(.rela.text .rela.text.* .rela.gnu.linkonce.t.*)
 .rela.text     0x0000000048041124        0x0 C:\ProgramData\dSPACE\8FB0EFA7-ABB4-4AA6-86AA-BC02D02B0030\Compiler\QNX650_520\target\qnx6/ppcbe/lib/crt1.o
 *(.rela.fini)
 *(.rela.rodata .rela.rodata.* .rela.gnu.linkonce.r.*)
 .rela.rodata   0x0000000048041124        0x0 C:\ProgramData\dSPACE\8FB0EFA7-ABB4-4AA6-86AA-BC02D02B0030\Compiler\QNX650_520\target\qnx6/ppcbe/lib/crt1.o
 *(.rela.data .rela.data.* .rela.gnu.linkonce.d.*)
 *(.rela.tdata .rela.tdata.* .rela.gnu.linkonce.td.*)
 *(.rela.tbss .rela.tbss.* .rela.gnu.linkonce.tb.*)
 *(.rela.ctors)
 *(.rela.dtors)
 *(.rela.got)
 .rela.got      0x0000000048041124       0x48 C:\ProgramData\dSPACE\8FB0EFA7-ABB4-4AA6-86AA-BC02D02B0030\Compiler\QNX650_520\target\qnx6/ppcbe/lib/crt1.o
 *(.rela.got1)
 *(.rela.got2)
 *(.rela.sdata .rela.sdata.* .rela.gnu.linkonce.s.*)
 *(.rela.sbss .rela.sbss.* .rela.gnu.linkonce.sb.*)
 .rela.sbss     0x000000004804116c        0x0 C:\ProgramData\dSPACE\8FB0EFA7-ABB4-4AA6-86AA-BC02D02B0030\Compiler\QNX650_520\target\qnx6/ppcbe/lib/crt1.o
 *(.rela.sdata2 .rela.sdata2.* .rela.gnu.linkonce.s2.*)
 *(.rela.sbss2 .rela.sbss2.* .rela.gnu.linkonce.sb2.*)
 *(.rela.bss .rela.bss.* .rela.gnu.linkonce.b.*)
 .rela.bss      0x000000004804116c       0x24 C:\ProgramData\dSPACE\8FB0EFA7-ABB4-4AA6-86AA-BC02D02B0030\Compiler\QNX650_520\target\qnx6/ppcbe/lib/crt1.o
 .rela.iplt     0x0000000048041190        0x0 C:\ProgramData\dSPACE\8FB0EFA7-ABB4-4AA6-86AA-BC02D02B0030\Compiler\QNX650_520\target\qnx6/ppcbe/lib/crt1.o

.rel.plt
 *(.rel.plt)

.rela.plt       0x0000000048041190      0x36c
 *(.rela.plt)
 .rela.plt      0x0000000048041190      0x36c C:\ProgramData\dSPACE\8FB0EFA7-ABB4-4AA6-86AA-BC02D02B0030\Compiler\QNX650_520\target\qnx6/ppcbe/lib/crt1.o

.init           0x00000000480414fc       0x24
 *(.init)
 .init          0x00000000480414fc        0xc C:\ProgramData\dSPACE\8FB0EFA7-ABB4-4AA6-86AA-BC02D02B0030\Compiler\QNX650_520\target\qnx6/ppcbe/lib/crti.o
                0x00000000480414fc                _init
 .init          0x0000000048041508        0x4 c:/programdata/dspace/8fb0efa7-abb4-4aa6-86aa-bc02d02b0030/compiler/qnx650_520/host/win32/x86/usr/bin/../lib/gcc/powerpc-unknown-nto-qnx6.5.0/5.2.0/crtbegin.o
 .init          0x000000004804150c        0x4 c:/programdata/dspace/8fb0efa7-abb4-4aa6-86aa-bc02d02b0030/compiler/qnx650_520/host/win32/x86/usr/bin/../lib/gcc/powerpc-unknown-nto-qnx6.5.0/5.2.0/crtend.o
 .init          0x0000000048041510       0x10 C:\ProgramData\dSPACE\8FB0EFA7-ABB4-4AA6-86AA-BC02D02B0030\Compiler\QNX650_520\target\qnx6/ppcbe/lib/crtn.o

.text           0x0000000048041520     0x1d2c
                0x0000000048041520                _btext = .
 *(.text .stub .text.* .gnu.linkonce.t.*)
 .text          0x0000000048041520      0x118 C:\ProgramData\dSPACE\8FB0EFA7-ABB4-4AA6-86AA-BC02D02B0030\Compiler\QNX650_520\target\qnx6/ppcbe/lib/crt1.o
                0x0000000048041520                _start
 .text          0x0000000048041638        0x0 C:\ProgramData\dSPACE\8FB0EFA7-ABB4-4AA6-86AA-BC02D02B0030\Compiler\QNX650_520\target\qnx6/ppcbe/lib/crti.o
 .text          0x0000000048041638      0x2b0 c:/programdata/dspace/8fb0efa7-abb4-4aa6-86aa-bc02d02b0030/compiler/qnx650_520/host/win32/x86/usr/bin/../lib/gcc/powerpc-unknown-nto-qnx6.5.0/5.2.0/crtbegin.o
 *fill*         0x00000000480418e8        0x8 00000000
 .text          0x00000000480418f0      0x1a4 test.o07
                0x00000000480418f0                test_output
                0x00000000480419a0                test_update
                0x0000000048041a20                test_initialize
                0x0000000048041a90                test_terminate
 .text          0x0000000048041a94        0x0 test_data.o07
 .text          0x0000000048041a94       0x84 test_trc_ptr.o07
                0x0000000048041ae4                test_rti_init_trc_pointers
 *fill*         0x0000000048041b18        0x8 00000000
 .text          0x0000000048041b20      0x404 rti_sim_engine.o07
                0x0000000048041eb0                rtk_idle_function
                0x0000000048041ec0                rti_th_timertask1_trigger_source
                0x0000000048041f10                initConditions
                0x0000000048041f20                initVariables
 *fill*         0x0000000048041f24        0xc 00000000
 .text.startup  0x0000000048041f30      0x710 rti_sim_engine.o07
                0x0000000048041f30                main
 .text          0x0000000048042640       0x40 rti_init_c.o07
                0x0000000048042640                rti_init
 .text          0x0000000048042680       0x44 rt_sim.o07
                0x0000000048042680                rt_SimInitTimingEngine
                0x00000000480426b0                rt_SimGetNextSampleHit
                0x00000000480426c0                rt_SimUpdateDiscreteTaskSampleHits
 *fill*         0x00000000480426c4        0xc 00000000
 .text          0x00000000480426d0       0xd4 rti_assert.o07
                0x00000000480426d0                rti_assertion_handler
                0x0000000048042760                rti_assertion_mode_msg
 .text          0x00000000480427a4        0x0 D:\dspace\dSPACE RCPHIL 2023-A\DS1202\Lib/librtversion.a(RtVersion.o)
 *fill*         0x00000000480427a4        0xc 00000000
 .text          0x00000000480427b0        0x4 D:\dspace\dSPACE RCPHIL 2023-A\DS1202\Lib/librtglobals.a(DsEESPort.o)
                0x00000000480427b0                DsEesPort_init()
 .text          0x00000000480427b4       0x20 D:\dspace\dSPACE RCPHIL 2023-A\DS1202\Lib/libm_fastpow.a(w_pow.o)
                0x00000000480427b4                pow
 .text          0x00000000480427d4      0x85c D:\dspace\dSPACE RCPHIL 2023-A\DS1202\Lib/libm_fastpow.a(e_pow.o)
                0x00000000480427d4                __ieee754_pow
 .text          0x0000000048043030      0x188 D:\dspace\dSPACE RCPHIL 2023-A\DS1202\Lib/libm_fastpow.a(s_scalbn.o)
                0x0000000048043030                scalbn
 .text          0x00000000480431b8       0x94 c:/programdata/dspace/8fb0efa7-abb4-4aa6-86aa-bc02d02b0030/compiler/qnx650_520/host/win32/x86/usr/bin/../lib/gcc/powerpc-unknown-nto-qnx6.5.0/5.2.0/crtend.o
 .text          0x000000004804324c        0x0 C:\ProgramData\dSPACE\8FB0EFA7-ABB4-4AA6-86AA-BC02D02B0030\Compiler\QNX650_520\target\qnx6/ppcbe/lib/crtn.o
 *(.gnu.warning)
 *(.glink)
 .glink         0x000000004804324c        0x0 C:\ProgramData\dSPACE\8FB0EFA7-ABB4-4AA6-86AA-BC02D02B0030\Compiler\QNX650_520\target\qnx6/ppcbe/lib/crt1.o

.fini           0x000000004804324c       0x20
 *(.fini)
 .fini          0x000000004804324c        0xc C:\ProgramData\dSPACE\8FB0EFA7-ABB4-4AA6-86AA-BC02D02B0030\Compiler\QNX650_520\target\qnx6/ppcbe/lib/crti.o
                0x000000004804324c                _fini
 .fini          0x0000000048043258        0x4 c:/programdata/dspace/8fb0efa7-abb4-4aa6-86aa-bc02d02b0030/compiler/qnx650_520/host/win32/x86/usr/bin/../lib/gcc/powerpc-unknown-nto-qnx6.5.0/5.2.0/crtbegin.o
 .fini          0x000000004804325c       0x10 C:\ProgramData\dSPACE\8FB0EFA7-ABB4-4AA6-86AA-BC02D02B0030\Compiler\QNX650_520\target\qnx6/ppcbe/lib/crtn.o
                [!provide]                        PROVIDE (__etext, .)
                0x000000004804326c                PROVIDE (_etext, .)
                [!provide]                        PROVIDE (etext, .)

.rodata         0x0000000048043270      0x4c8
 *(.rodata .rodata.* .gnu.linkonce.r.*)
 .rodata        0x0000000048043270        0x4 test.o07
                0x0000000048043270                test_M
 .rodata.cst4   0x0000000048043274        0xc test.o07
 .rodata.cst8   0x0000000048043280        0x8 test.o07
 .rodata        0x0000000048043288        0xc rti_sim_engine.o07
                0x0000000048043288                rtiDataSetStorageEnabled
                0x000000004804328c                p_dsts_sum_of_reset_time
                0x0000000048043290                p_msg_last_error_no
 .rodata.cst4   0x0000000048043294        0x4 rti_sim_engine.o07
                                          0x8 (size before relaxing)
 .rodata.cst8   0x0000000048043298        0x8 rti_sim_engine.o07
 .rodata.str1.4
                0x0000000048043298      0x268 rti_sim_engine.o07
 .rodata.cst4   0x0000000048043500        0x4 rt_sim.o07
                                          0x8 (size before relaxing)
 .rodata.str1.4
                0x0000000048043504       0x71 rt_sim.o07
 *fill*         0x0000000048043575        0x3 
 .rodata.str1.4
                0x0000000048043578       0x70 rti_assert.o07
                                         0x6d (size before relaxing)
 .rodata        0x00000000480435e8       0x30 D:\dspace\dSPACE RCPHIL 2023-A\DS1202\Lib/libm_fastpow.a(e_pow.o)
 .rodata.cst4   0x0000000048043618        0x8 D:\dspace\dSPACE RCPHIL 2023-A\DS1202\Lib/libm_fastpow.a(e_pow.o)
 .rodata.cst8   0x0000000048043620       0xe8 D:\dspace\dSPACE RCPHIL 2023-A\DS1202\Lib/libm_fastpow.a(e_pow.o)
 .rodata.cst8   0x0000000048043708       0x30 D:\dspace\dSPACE RCPHIL 2023-A\DS1202\Lib/libm_fastpow.a(s_scalbn.o)

.rodata1
 *(.rodata1)

.sdata2         0x0000000048043738        0x0
                0x0000000000008000                PROVIDE (_SDA2_BASE_, 0x8000)
 *(.sdata2 .sdata2.* .gnu.linkonce.s2.*)
 .sdata2        0x0000000048043738        0x0 C:\ProgramData\dSPACE\8FB0EFA7-ABB4-4AA6-86AA-BC02D02B0030\Compiler\QNX650_520\target\qnx6/ppcbe/lib/crt1.o

.sbss2
 *(.sbss2 .sbss2.* .gnu.linkonce.sb2.*)

.eh_frame_hdr   0x0000000048043738       0x14
 *(.eh_frame_hdr)
 .eh_frame_hdr  0x0000000048043738       0x14 D:\dspace\dSPACE RCPHIL 2023-A\DS1202\Lib/librtglobals.a(DsEESPort.o)

.eh_frame       0x000000004804374c       0x2c
 *(.eh_frame)
 .eh_frame      0x000000004804374c        0x0 C:\ProgramData\dSPACE\8FB0EFA7-ABB4-4AA6-86AA-BC02D02B0030\Compiler\QNX650_520\target\qnx6/ppcbe/lib/crt1.o
 .eh_frame      0x000000004804374c        0x0 c:/programdata/dspace/8fb0efa7-abb4-4aa6-86aa-bc02d02b0030/compiler/qnx650_520/host/win32/x86/usr/bin/../lib/gcc/powerpc-unknown-nto-qnx6.5.0/5.2.0/crtbegin.o
 .eh_frame      0x000000004804374c       0x28 D:\dspace\dSPACE RCPHIL 2023-A\DS1202\Lib/librtglobals.a(DsEESPort.o)
 .eh_frame      0x0000000048043774        0x4 c:/programdata/dspace/8fb0efa7-abb4-4aa6-86aa-bc02d02b0030/compiler/qnx650_520/host/win32/x86/usr/bin/../lib/gcc/powerpc-unknown-nto-qnx6.5.0/5.2.0/crtend.o

.gcc_except_table
 *(.gcc_except_table .gcc_except_table.*)
                0x0000000048043778                . = (ALIGN (0x1000) - ((0x1000 - .) & 0xfff))
                0x0000000048044778                . = DATA_SEGMENT_ALIGN (0x1000, 0x1000)

.eh_frame
 *(.eh_frame)

.gcc_except_table
 *(.gcc_except_table .gcc_except_table.*)

.tdata
 *(.tdata .tdata.* .gnu.linkonce.td.*)

.tbss
 *(.tbss .tbss.* .gnu.linkonce.tb.*)
 *(.tcommon)

.preinit_array  0x0000000048044778        0x0
                0x0000000048044778                PROVIDE (__preinit_array_start, .)
 *(.preinit_array)
                0x0000000048044778                PROVIDE (__preinit_array_end, .)

.init_array     0x0000000048044778        0x0
                0x0000000048044778                PROVIDE (__init_array_start, .)
 *(SORT(.init_array.*))
 *(.init_array)
                0x0000000048044778                PROVIDE (__init_array_end, .)

.fini_array     0x0000000048044778        0x0
                0x0000000048044778                PROVIDE (__fini_array_start, .)
 *(.fini_array)
 *(SORT(.fini_array.*))
                0x0000000048044778                PROVIDE (__fini_array_end, .)

.ctors          0x0000000048044778        0x8
 *crtbegin.o(.ctors)
 .ctors         0x0000000048044778        0x4 c:/programdata/dspace/8fb0efa7-abb4-4aa6-86aa-bc02d02b0030/compiler/qnx650_520/host/win32/x86/usr/bin/../lib/gcc/powerpc-unknown-nto-qnx6.5.0/5.2.0/crtbegin.o
 *crtbegin?.o(.ctors)
 *(EXCLUDE_FILE(*crtend?.o *crtend.o) .ctors)
 *(SORT(.ctors.*))
 *(.ctors)
 .ctors         0x000000004804477c        0x4 c:/programdata/dspace/8fb0efa7-abb4-4aa6-86aa-bc02d02b0030/compiler/qnx650_520/host/win32/x86/usr/bin/../lib/gcc/powerpc-unknown-nto-qnx6.5.0/5.2.0/crtend.o

.dtors          0x0000000048044780        0x8
 *crtbegin.o(.dtors)
 .dtors         0x0000000048044780        0x4 c:/programdata/dspace/8fb0efa7-abb4-4aa6-86aa-bc02d02b0030/compiler/qnx650_520/host/win32/x86/usr/bin/../lib/gcc/powerpc-unknown-nto-qnx6.5.0/5.2.0/crtbegin.o
 *crtbegin?.o(.dtors)
 *(EXCLUDE_FILE(*crtend?.o *crtend.o) .dtors)
 *(SORT(.dtors.*))
 *(.dtors)
 .dtors         0x0000000048044784        0x4 c:/programdata/dspace/8fb0efa7-abb4-4aa6-86aa-bc02d02b0030/compiler/qnx650_520/host/win32/x86/usr/bin/../lib/gcc/powerpc-unknown-nto-qnx6.5.0/5.2.0/crtend.o
                0x0000000048044784                __DTOR_END__

.jcr            0x0000000048044788        0x4
 *(.jcr)
 .jcr           0x0000000048044788        0x0 c:/programdata/dspace/8fb0efa7-abb4-4aa6-86aa-bc02d02b0030/compiler/qnx650_520/host/win32/x86/usr/bin/../lib/gcc/powerpc-unknown-nto-qnx6.5.0/5.2.0/crtbegin.o
 .jcr           0x0000000048044788        0x4 c:/programdata/dspace/8fb0efa7-abb4-4aa6-86aa-bc02d02b0030/compiler/qnx650_520/host/win32/x86/usr/bin/../lib/gcc/powerpc-unknown-nto-qnx6.5.0/5.2.0/crtend.o

.data.rel.ro
 *(.data.rel.ro.local* .gnu.linkonce.d.rel.ro.local.*)
 *(.data.rel.ro* .gnu.linkonce.d.rel.ro.*)

.fixup
 *(.fixup)

.got1
 *(.got1)

.got2
 *(.got2)

.dynamic        0x000000004804478c      0x100
 *(.dynamic)
 .dynamic       0x000000004804478c      0x100 C:\ProgramData\dSPACE\8FB0EFA7-ABB4-4AA6-86AA-BC02D02B0030\Compiler\QNX650_520\target\qnx6/ppcbe/lib/crt1.o
                0x000000004804478c                _DYNAMIC

.got
 *(.got)
                0x000000004804488c                . = DATA_SEGMENT_RELRO_END (., 0x0)

.plt
 *(.plt)

.data           0x0000000048044890       0x30
 *(.data .data.* .gnu.linkonce.d.*)
 .data          0x0000000048044890        0x0 C:\ProgramData\dSPACE\8FB0EFA7-ABB4-4AA6-86AA-BC02D02B0030\Compiler\QNX650_520\target\qnx6/ppcbe/lib/crt1.o
 .data          0x0000000048044890        0x0 C:\ProgramData\dSPACE\8FB0EFA7-ABB4-4AA6-86AA-BC02D02B0030\Compiler\QNX650_520\target\qnx6/ppcbe/lib/crti.o
 .data          0x0000000048044890        0x0 c:/programdata/dspace/8fb0efa7-abb4-4aa6-86aa-bc02d02b0030/compiler/qnx650_520/host/win32/x86/usr/bin/../lib/gcc/powerpc-unknown-nto-qnx6.5.0/5.2.0/crtbegin.o
 .data.rel.local
                0x0000000048044890        0x4 c:/programdata/dspace/8fb0efa7-abb4-4aa6-86aa-bc02d02b0030/compiler/qnx650_520/host/win32/x86/usr/bin/../lib/gcc/powerpc-unknown-nto-qnx6.5.0/5.2.0/crtbegin.o
                0x0000000048044890                __dso_handle
 .data          0x0000000048044894        0x0 test.o07
 *fill*         0x0000000048044894        0x4 
 .data          0x0000000048044898        0x8 test_data.o07
                0x0000000048044898                test_P
 .data          0x00000000480448a0        0x0 test_trc_ptr.o07
 .data          0x00000000480448a0       0x14 rti_sim_engine.o07
                0x00000000480448a0                simState
                0x00000000480448b0                lastSimState
 .data          0x00000000480448b4        0x0 rti_init_c.o07
 .data          0x00000000480448b4        0x0 rt_sim.o07
 .data          0x00000000480448b4        0x0 rti_assert.o07
 .data          0x00000000480448b4        0x0 D:\dspace\dSPACE RCPHIL 2023-A\DS1202\Lib/librtversion.a(RtVersion.o)
 .data          0x00000000480448b4        0x0 D:\dspace\dSPACE RCPHIL 2023-A\DS1202\Lib/librtglobals.a(DsEESPort.o)
 .data.rel      0x00000000480448b4        0xc D:\dspace\dSPACE RCPHIL 2023-A\DS1202\Lib/librtglobals.a(DsEESPort.o)
                0x00000000480448b4                p_xilapi_eesport_errorswitching_uint32_T
                0x00000000480448b8                p_xilapi_eesport_erroractivated_uint32_T
                0x00000000480448bc                p_xilapi_eesport_activeerrorset_uint32_T
 .data          0x00000000480448c0        0x0 D:\dspace\dSPACE RCPHIL 2023-A\DS1202\Lib/libm_fastpow.a(w_pow.o)
 .data          0x00000000480448c0        0x0 D:\dspace\dSPACE RCPHIL 2023-A\DS1202\Lib/libm_fastpow.a(e_pow.o)
 .data          0x00000000480448c0        0x0 D:\dspace\dSPACE RCPHIL 2023-A\DS1202\Lib/libm_fastpow.a(s_scalbn.o)
 .data          0x00000000480448c0        0x0 c:/programdata/dspace/8fb0efa7-abb4-4aa6-86aa-bc02d02b0030/compiler/qnx650_520/host/win32/x86/usr/bin/../lib/gcc/powerpc-unknown-nto-qnx6.5.0/5.2.0/crtend.o
 .data          0x00000000480448c0        0x0 C:\ProgramData\dSPACE\8FB0EFA7-ABB4-4AA6-86AA-BC02D02B0030\Compiler\QNX650_520\target\qnx6/ppcbe/lib/crtn.o

.tm_clone_table
                0x00000000480448c0        0x0
 .tm_clone_table
                0x00000000480448c0        0x0 c:/programdata/dspace/8fb0efa7-abb4-4aa6-86aa-bc02d02b0030/compiler/qnx650_520/host/win32/x86/usr/bin/../lib/gcc/powerpc-unknown-nto-qnx6.5.0/5.2.0/crtbegin.o
 .tm_clone_table
                0x00000000480448c0        0x0 c:/programdata/dspace/8fb0efa7-abb4-4aa6-86aa-bc02d02b0030/compiler/qnx650_520/host/win32/x86/usr/bin/../lib/gcc/powerpc-unknown-nto-qnx6.5.0/5.2.0/crtend.o

.data1
 *(.data1)

.got            0x00000000480448c0       0x54
 *(.got)
 .got           0x00000000480448c0       0x54 C:\ProgramData\dSPACE\8FB0EFA7-ABB4-4AA6-86AA-BC02D02B0030\Compiler\QNX650_520\target\qnx6/ppcbe/lib/crt1.o
                0x0000000048044908                _GLOBAL_OFFSET_TABLE_

.sdata          0x0000000048044914        0x0
                0x0000000000008000                PROVIDE (_SDA_BASE_, 0x8000)
 *(.sdata .sdata.* .gnu.linkonce.s.*)
 .sdata         0x0000000048044914        0x0 C:\ProgramData\dSPACE\8FB0EFA7-ABB4-4AA6-86AA-BC02D02B0030\Compiler\QNX650_520\target\qnx6/ppcbe/lib/crt1.o
                0x0000000048044914                _edata = .
                [!provide]                        PROVIDE (edata, .)
                0x0000000048044914                __bss_start = .

.sbss           0x0000000048044914        0x0
                [!provide]                        PROVIDE (__sbss_start, .)
                [!provide]                        PROVIDE (___sbss_start, .)
 *(.dynsbss)
 .dynsbss       0x0000000048044914        0x0 C:\ProgramData\dSPACE\8FB0EFA7-ABB4-4AA6-86AA-BC02D02B0030\Compiler\QNX650_520\target\qnx6/ppcbe/lib/crt1.o
 *(.sbss .sbss.* .gnu.linkonce.sb.*)
 *(.scommon)
                [!provide]                        PROVIDE (__sbss_end, .)
                [!provide]                        PROVIDE (___sbss_end, .)

.plt            0x0000000048044914      0x3b4
 *(.plt)
 .plt           0x0000000048044914      0x3b4 C:\ProgramData\dSPACE\8FB0EFA7-ABB4-4AA6-86AA-BC02D02B0030\Compiler\QNX650_520\target\qnx6/ppcbe/lib/crt1.o
                0x000000004804495c                ts_reset
                0x0000000048044964                __register_frame_info
                0x000000004804496c                msg_error_clear
                0x0000000048044974                AdcCl1AnalogIn_read
                0x000000004804497c                dsrtt_set_current_time
                0x0000000048044984                sqrt
                0x000000004804498c                rtk_current_task_absolute_time_ptr_get
                0x0000000048044994                DsTimeSync_simstateRun
                0x000000004804499c                rtk_setup_temp_overrun_handling
                0x00000000480449a4                SrtkIntBase_requestTaskMode
                0x00000000480449ac                rtk_reset_tasks
                0x00000000480449b4                __cxa_finalize
                0x00000000480449bc                _init_array
                0x00000000480449c4                rtk_set_task_type
                0x00000000480449cc                DsTimeSync_baserate
                0x00000000480449d4                rtk_task_name_set
                0x00000000480449dc                dsrtt_script_service_post_computation
                0x00000000480449e4                rtk_create_task
                0x00000000480449ec                msg_warning_printf
                0x00000000480449f4                msg_last_error_number
                0x00000000480449fc                AdcCl1AnalogIn_setConversTrigger
                0x0000000048044a04                dsparam_copy_data_set
                0x0000000048044a0c                SrtkPreload_preloadRegion
                0x0000000048044a14                msg_error_set
                0x0000000048044a1c                rtk_enable_services
                0x0000000048044a24                SrtkDaq_Init
                0x0000000048044a2c                rtk_task_task_calls_get
                0x0000000048044a34                DsTimeSync_setCurrentTimePtr
                0x0000000048044a3c                SrtkIntBase_enableIntGlobal
                0x0000000048044a44                AdcCl1AnalogIn_setConversionMode
                0x0000000048044a4c                rtk_overrun_flag_clear
                0x0000000048044a54                rtk_bind_interrupt
                0x0000000048044a5c                AdcCl1AnalogIn_apply
                0x0000000048044a64                _init_libc
                0x0000000048044a6c                dsrtt_init
                0x0000000048044a74                AdcCl1AnalogIn_write
                0x0000000048044a7c                SrtkApp_terminate
                0x0000000048044a84                AdcCl1AnalogIn_isDataReady
                0x0000000048044a8c                msg_info_set
                0x0000000048044a94                SensorSupply_create
                0x0000000048044a9c                dsrtt_script_service_pre_computation
                0x0000000048044aa4                msg_error_printf
                0x0000000048044aac                memset
                0x0000000048044ab4                rtk_leave_idle_mode
                0x0000000048044abc                __wrap_exit
                0x0000000048044ac4                __wrap_atexit
                0x0000000048044acc                AdcCl1AnalogIn_start
                0x0000000048044ad4                _fini_array
                0x0000000048044adc                SensorSupply_setVoltage
                0x0000000048044ae4                SrtkDaq_Background
                0x0000000048044aec                _preinit_array
                0x0000000048044af4                SrtkApp_init
                0x0000000048044afc                SrtkDaq_Service
                0x0000000048044b04                rtk_task_task_name_get
                0x0000000048044b0c                AdcCl1AnalogIn_setConversSwTrigger
                0x0000000048044b14                SrtkSim_notifyStateTransition
                0x0000000048044b1c                AdcCl1AnalogIn_getSingleValue
                0x0000000048044b24                msg_set
                0x0000000048044b2c                SensorSupply_apply
                0x0000000048044b34                rtk_get_subentry
                0x0000000048044b3c                dsrtt_set_step_size
                0x0000000048044b44                rtk_enter_idle_mode
                0x0000000048044b4c                rtk_initialize
                0x0000000048044b54                SensorSupply_setSensorState
                0x0000000048044b5c                SensorSupply_start
                0x0000000048044b64                SrtkApp_background
                0x0000000048044b6c                rtk_default_overrun_fcn
                0x0000000048044b74                AdcCl1AnalogIn_create
                0x0000000048044b7c                vcm_module_register
                0x0000000048044b84                DsTimeSync_simstateStop
                0x0000000048044b8c                SrtkIntBase_disableIntGlobal
                0x0000000048044b94                SrtkSim_registerState
                0x0000000048044b9c                __deregister_frame_info

.bss            0x0000000048044cc8       0xdc
 *(.dynbss)
 .dynbss        0x0000000048044cc8       0x14 C:\ProgramData\dSPACE\8FB0EFA7-ABB4-4AA6-86AA-BC02D02B0030\Compiler\QNX650_520\target\qnx6/ppcbe/lib/crt1.o
                0x0000000048044cc8                errno
                0x0000000048044cd0                dsts_sum_of_reseted_time
                0x0000000048044cd8                msg_last_error_no
 *(.bss .bss.* .gnu.linkonce.b.*)
 .bss           0x0000000048044cdc        0x0 C:\ProgramData\dSPACE\8FB0EFA7-ABB4-4AA6-86AA-BC02D02B0030\Compiler\QNX650_520\target\qnx6/ppcbe/lib/crt1.o
 .bss           0x0000000048044cdc        0x0 C:\ProgramData\dSPACE\8FB0EFA7-ABB4-4AA6-86AA-BC02D02B0030\Compiler\QNX650_520\target\qnx6/ppcbe/lib/crti.o
 .bss           0x0000000048044cdc       0x20 c:/programdata/dspace/8fb0efa7-abb4-4aa6-86aa-bc02d02b0030/compiler/qnx650_520/host/win32/x86/usr/bin/../lib/gcc/powerpc-unknown-nto-qnx6.5.0/5.2.0/crtbegin.o
 *fill*         0x0000000048044cfc        0x4 
 .bss           0x0000000048044d00       0x38 test.o07
                0x0000000048044d00                test_B
                0x0000000048044d08                test_Y
 .bss           0x0000000048044d38        0x0 test_data.o07
 .bss           0x0000000048044d38        0xc test_trc_ptr.o07
                0x0000000048044d38                p_0_test_real_T_0
                0x0000000048044d3c                p_1_test_real_T_0
                0x0000000048044d40                p_2_test_real_T_0
 *fill*         0x0000000048044d44        0x4 
 .bss           0x0000000048044d48       0x44 rti_sim_engine.o07
                0x0000000048044d48                currentTime
                0x0000000048044d4c                finalTime
                0x0000000048044d50                modelStepSize
                0x0000000048044d58                pRTIAdcC1AnalogIn_Ch_2
                0x0000000048044d5c                taskMode
                0x0000000048044d60                pRTI_Sensor_Supply
                0x0000000048044d64                pRti_TIMERA_STime
                0x0000000048044d68                pRti_TIMERA_TTime
                0x0000000048044d6c                pRti_TIMERA_TState
                0x0000000048044d70                pRti_TIMERA_OType
                0x0000000048044d74                pRti_TIMERA_OMax
                0x0000000048044d78                pRti_TIMERA_ORpt
                0x0000000048044d7c                pRti_TIMERA_OCnt
                0x0000000048044d80                pRti_TIMERA_TCnt
                0x0000000048044d84                pRti_TIMERA_Prio
                0x0000000048044d88                rtiAssertionMode
 .bss           0x0000000048044d8c        0x4 rti_init_c.o07
 .bss           0x0000000048044d90        0x0 rt_sim.o07
 .bss           0x0000000048044d90        0x0 rti_assert.o07
 .bss           0x0000000048044d90        0x0 D:\dspace\dSPACE RCPHIL 2023-A\DS1202\Lib/librtversion.a(RtVersion.o)
 .bss           0x0000000048044d90       0x14 D:\dspace\dSPACE RCPHIL 2023-A\DS1202\Lib/librtglobals.a(DsEESPort.o)
                0x0000000048044d90                xilapi_eesport_trigger_uint32_T
                0x0000000048044d94                xilapi_eesport_flags_uint32_T
                0x0000000048044d98                xilapi_eesport_errorswitching_uint32_T
                0x0000000048044d9c                xilapi_eesport_erroractivated_uint32_T
                0x0000000048044da0                xilapi_eesport_activeerrorset_uint32_T
 .bss           0x0000000048044da4        0x0 D:\dspace\dSPACE RCPHIL 2023-A\DS1202\Lib/libm_fastpow.a(w_pow.o)
 .bss           0x0000000048044da4        0x0 D:\dspace\dSPACE RCPHIL 2023-A\DS1202\Lib/libm_fastpow.a(e_pow.o)
 .bss           0x0000000048044da4        0x0 D:\dspace\dSPACE RCPHIL 2023-A\DS1202\Lib/libm_fastpow.a(s_scalbn.o)
 .bss           0x0000000048044da4        0x0 c:/programdata/dspace/8fb0efa7-abb4-4aa6-86aa-bc02d02b0030/compiler/qnx650_520/host/win32/x86/usr/bin/../lib/gcc/powerpc-unknown-nto-qnx6.5.0/5.2.0/crtend.o
 .bss           0x0000000048044da4        0x0 C:\ProgramData\dSPACE\8FB0EFA7-ABB4-4AA6-86AA-BC02D02B0030\Compiler\QNX650_520\target\qnx6/ppcbe/lib/crtn.o
 *(COMMON)
                0x0000000048044da4                . = ALIGN ((. != 0x0)?0x4:0x1)

.iplt           0x0000000048044db0        0x0
 .iplt          0x0000000048044db0        0x0 C:\ProgramData\dSPACE\8FB0EFA7-ABB4-4AA6-86AA-BC02D02B0030\Compiler\QNX650_520\target\qnx6/ppcbe/lib/crt1.o
                0x0000000048044db0                . = ALIGN (0x4)
                0x0000000048044db0                . = ALIGN (0x4)
                0x0000000048044db0                __end = .
                0x0000000048044db0                _end = .
                [!provide]                        PROVIDE (end, .)
                0x0000000048044db0                . = DATA_SEGMENT_END (.)

.stab
 *(.stab)

.stabstr
 *(.stabstr)

.stab.excl
 *(.stab.excl)

.stab.exclstr
 *(.stab.exclstr)

.stab.index
 *(.stab.index)

.stab.indexstr
 *(.stab.indexstr)

.comment        0x0000000000000000       0x47
 *(.comment)
 .comment       0x0000000000000000       0x11 c:/programdata/dspace/8fb0efa7-abb4-4aa6-86aa-bc02d02b0030/compiler/qnx650_520/host/win32/x86/usr/bin/../lib/gcc/powerpc-unknown-nto-qnx6.5.0/5.2.0/crtbegin.o
                                         0x12 (size before relaxing)
 .comment       0x0000000000000011       0x12 test.o07
 .comment       0x0000000000000011       0x12 test_data.o07
 .comment       0x0000000000000011       0x12 test_trc_ptr.o07
 .comment       0x0000000000000011       0x12 rti_sim_engine.o07
 .comment       0x0000000000000011       0x12 rti_init_c.o07
 .comment       0x0000000000000011       0x12 rt_sim.o07
 .comment       0x0000000000000011       0x12 rti_assert.o07
 .comment       0x0000000000000011       0x12 D:\dspace\dSPACE RCPHIL 2023-A\DS1202\Lib/librtversion.a(RtVersion.o)
 .comment       0x0000000000000011       0x12 D:\dspace\dSPACE RCPHIL 2023-A\DS1202\Lib/librtglobals.a(DsEESPort.o)
 .comment       0x0000000000000011       0x12 D:\dspace\dSPACE RCPHIL 2023-A\DS1202\Lib/libm_fastpow.a(w_pow.o)
 .comment       0x0000000000000023       0x12 D:\dspace\dSPACE RCPHIL 2023-A\DS1202\Lib/libm_fastpow.a(e_pow.o)
 .comment       0x0000000000000035       0x12 D:\dspace\dSPACE RCPHIL 2023-A\DS1202\Lib/libm_fastpow.a(s_scalbn.o)
 .comment       0x0000000000000047       0x12 c:/programdata/dspace/8fb0efa7-abb4-4aa6-86aa-bc02d02b0030/compiler/qnx650_520/host/win32/x86/usr/bin/../lib/gcc/powerpc-unknown-nto-qnx6.5.0/5.2.0/crtend.o

.PPC.EMB.apuinfo
                0x0000000000000000       0x18
 .PPC.EMB.apuinfo
                0x0000000000000000       0x18 rti_sim_engine.o07

.debug
 *(.debug)

.line
 *(.line)

.debug_srcinfo
 *(.debug_srcinfo)

.debug_sfnames
 *(.debug_sfnames)

.debug_aranges
 *(.debug_aranges)

.debug_pubnames
 *(.debug_pubnames)

.debug_info
 *(.debug_info .gnu.linkonce.wi.*)

.debug_abbrev
 *(.debug_abbrev)

.debug_line
 *(.debug_line)

.debug_frame
 *(.debug_frame)

.debug_str
 *(.debug_str)

.debug_loc
 *(.debug_loc)

.debug_macinfo
 *(.debug_macinfo)

.debug_weaknames
 *(.debug_weaknames)

.debug_funcnames
 *(.debug_funcnames)

.debug_typenames
 *(.debug_typenames)

.debug_varnames
 *(.debug_varnames)

.debug_pubtypes
 *(.debug_pubtypes)

.debug_ranges
 *(.debug_ranges)

.gnu.attributes
                0x0000000000000000       0x14
 *(.gnu.attributes)
 .gnu.attributes
                0x0000000000000000       0x10 rti_sim_engine.o07
 .gnu.attributes
                0x0000000000000010       0x10 rt_sim.o07
 .gnu.attributes
                0x0000000000000020       0x10 rti_assert.o07
 .gnu.attributes
                0x0000000000000030       0x14 D:\dspace\dSPACE RCPHIL 2023-A\DS1202\Lib/libm_fastpow.a(w_pow.o)
 .gnu.attributes
                0x0000000000000044       0x14 D:\dspace\dSPACE RCPHIL 2023-A\DS1202\Lib/libm_fastpow.a(e_pow.o)
 .gnu.attributes
                0x0000000000000058       0x14 D:\dspace\dSPACE RCPHIL 2023-A\DS1202\Lib/libm_fastpow.a(s_scalbn.o)

/DISCARD/
 *(.note.GNU-stack)
 *(.gnu_debuglink)
OUTPUT(test.ppc elf32-powerpc)
